2026-04-25 17:13:40.137 16589-16589 VRI[MainActivity]       com.httperry.pixelplayer.debug       D  relayoutWindow result, sizeChanged:false, surfaceControlChanged:true, transformHintChanged:false, mSurfaceSize:Point(1080, 2392), mLastSurfaceSize:Point(1080, 2392), mWidth:1080, mHeight:2392, requestedWidth:1080, requestedHeight:2392, transformHint:0, installOrientation:0, displayRotation:0, isSurfaceValid:false, attr.flag:-2122252032, tmpFrames:ClientWindowFrames{frame=[0,0][1080,2392] display=[0,0][1080,2392] parentFrame=[0,0][0,0]}, relayoutAsync:false, mSyncSeqId:0
2026-04-25 17:13:40.140 16589-17118 VRI[MainActivity]       com.httperry.pixelplayer.debug       D  dispatchAppVisibility visible:false mUpcomingWindowFocus:false
2026-04-25 17:13:40.156 16589-16651 OplusScrollToTopManager com.httperry.pixelplayer.debug       D  com.httperry.pixelplayer.debug/com.theveloper.pixelplay.MainActivity,This com.android.internal.policy.DecorView{633c98d I.E...... R....... 0,0-1080,2392 aid=0 alpha=1.0 viewInfo = }[MainActivity] change focus to false
2026-04-25 17:13:40.168 16589-16820 HWUI                    com.httperry.pixelplayer.debug       D  SkiaOpenGLPipeline::setSurface: this=0xb4000072dc7ede40, surface=NULL
2026-04-25 17:13:41.614 16589-16589 MediaController         com.httperry.pixelplayer.debug       I  Release 72a1ace [AndroidXMedia3/1.9.2] [OP613BL1, CPH2717, OnePlus, 36] [media3.common, media3.exoplayer, media3.decoder, media3.database, media3.session]
2026-04-25 17:13:41.702 16589-16589 WindowOnBackDispatcher  com.httperry.pixelplayer.debug       W  sendCancelIfRunning: isInProgress=false callback=android.app.Activity$2@95e458e
2026-04-25 17:13:41.704 16589-16589 OplusScrollToTopManager com.httperry.pixelplayer.debug       D  com.httperry.pixelplayer.debug/com.theveloper.pixelplay.MainActivity,window dying
2026-04-25 17:13:41.704 16589-16589 OplusScrollToTopManager com.httperry.pixelplayer.debug       D  com.httperry.pixelplayer.debug/com.theveloper.pixelplay.MainActivity,unregisterSystemUIBroadcastReceiver 
2026-04-25 17:13:41.704 16589-16589 OplusScrollToTopManager com.httperry.pixelplayer.debug       D  com.httperry.pixelplayer.debug/com.theveloper.pixelplay.MainActivity, unregisterSystemUIBroadcastReceiver failed java.lang.IllegalArgumentException: Receiver not registered: android.view.OplusScrollToTopManager$2@13b9532
2026-04-25 17:13:41.707 16589-16589 HWUI                    com.httperry.pixelplayer.debug       D  RenderProxy::destroy: this=0xb40000730e08f100, mContext=0xb40000730dd1aa80
2026-04-25 17:13:41.707 16589-16820 HWUI                    com.httperry.pixelplayer.debug       D  SkiaOpenGLPipeline::setSurface: this=0xb4000073c061d2c0, surface=NULL
2026-04-25 17:13:41.730 16589-16589 MediaSessionImpl        com.httperry.pixelplayer.debug       I  Release 8db364f [AndroidXMedia3/1.9.2] [OP613BL1, CPH2717, OnePlus, 36] [media3.common, media3.exoplayer, media3.decoder, media3.database, media3.session]
2026-04-25 17:13:41.733 16589-16589 MediaController         com.httperry.pixelplayer.debug       I  Release 397c05b [AndroidXMedia3/1.9.2] [OP613BL1, CPH2717, OnePlus, 36] [media3.common, media3.exoplayer, media3.decoder, media3.database, media3.session]
2026-04-25 17:13:41.735 16589-16589 ExoPlayerImpl           com.httperry.pixelplayer.debug       I  Release fa483a3 [AndroidXMedia3/1.9.2] [OP613BL1, CPH2717, OnePlus, 36] [media3.common, media3.exoplayer, media3.decoder, media3.database, media3.session]
2026-04-25 17:13:41.739 16589-16875 WearStatePublisher      com.httperry.pixelplayer.debug       D  Cleared Wear player state
2026-04-25 17:13:41.740 16589-16589 ExoPlayerImpl           com.httperry.pixelplayer.debug       I  Release 766cccc [AndroidXMedia3/1.9.2] [OP613BL1, CPH2717, OnePlus, 36] [media3.common, media3.exoplayer, media3.decoder, media3.database, media3.session]
2026-04-25 17:13:41.745 16589-16589 TransitionDebug         com.httperry.pixelplayer.debug       D  Releasing controller.
2026-04-25 17:13:41.746 16589-16589 AxMediaRouter           com.httperry.pixelplayer.debug       W  Ignoring null provider descriptor from ComponentInfo{com.google.android.gms/com.google.android.gms.cast.media.CastMediaRoute2ProviderService_Persistent}
2026-04-25 17:13:56.149  2044-2982  OplusAppQu...Controller system_server                        E  notifyStartActivity intent:Intent { act=android.intent.action.MAIN cat=[android.intent.category.LAUNCHER] flg=0x10200000 xflg=0x4 cmp=com.httperry.pixelplayer.debug/com.theveloper.pixelplay.MainActivity bnds=[803,429][1036,729] (has extras) }
2026-04-25 17:13:56.199 16589-18554 ColorModeChangeItem     com.httperry.pixelplayer.debug       D  preExecute mColorMode=0
2026-04-25 17:13:56.211 16589-16589 ResourcesManagerExtImpl com.httperry.pixelplayer.debug       D  applyConfigurationToAppResourcesLocked app.getDisplayId() return callback.displayId:0
2026-04-25 17:13:56.220 16589-16589 MainActivity            com.httperry.pixelplayer.debug       D  [main] - onCreate
2026-04-25 17:13:56.221  2044-2116  OplusThermalStats       system_server                        E  Error getting package info: com.httperry.pixelplayer.debug
2026-04-25 17:13:56.230 16589-16589 OplusPredi...Controller com.httperry.pixelplayer.debug       E   NoSuchMethodException 
2026-04-25 17:13:56.230 16589-16589 OplusPredi...Controller com.httperry.pixelplayer.debug       E   NoSuchMethodException 
2026-04-25 17:13:56.230 16589-16589 OplusPredi...Controller com.httperry.pixelplayer.debug       D  should not HookOnBackInvokedCallbackEnabled for application com.theveloper.pixelplay.MainActivity@d491365 hasOnBackInvokedCallBackEnabled
2026-04-25 17:13:56.230 16589-16589 OplusPredi...Controller com.httperry.pixelplayer.debug       D  initPredictiveBackConfig for com.theveloper.pixelplay.MainActivity@d491365 initPredictiveBackConfig mShouldInterceptKeyEvent false
2026-04-25 17:13:56.230 16589-16589 OplusPredi...Controller com.httperry.pixelplayer.debug       D  should not HookOnBackInvokedCallbackEnabled for application com.theveloper.pixelplay.MainActivity@d491365 hasOnBackInvokedCallBackEnabled
2026-04-25 17:13:56.237 16589-16589 AppVisibilityProxy      com.httperry.pixelplayer.debug       I  onAppEnteredForeground
2026-04-25 17:13:56.237 16589-16589 MainActivity            com.httperry.pixelplayer.debug       D  [main] - onStart
2026-04-25 17:13:56.247  2044-2089  OplusAppQu...Controller system_server                        E  scheduleHideStartingSurface addAfterPrepareSurface for:ActivityRecord{172921711 u0 com.httperry.pixelplayer.debug/com.theveloper.pixelplay.MainActivity
2026-04-25 17:13:56.254 16589-16589 MediaController         com.httperry.pixelplayer.debug       I  Init c69cceb [AndroidXMedia3/1.9.2] [OP613BL1, CPH2717, OnePlus, 36]
2026-04-25 17:13:56.259 16589-16589 PlayerViewModel         com.httperry.pixelplayer.debug       I  init started.
2026-04-25 17:13:56.263 16589-16589 PlayerViewModel         com.httperry.pixelplayer.debug       I  Sync completed. Calling resetAndLoadInitialData from isSyncingStateFlow observer.
2026-04-25 17:13:56.263 16589-16589 LibraryStateHolder      com.httperry.pixelplayer.debug       D  startObservingLibraryData called.
2026-04-25 17:13:56.263 16589-16589 LibraryStateHolder      com.httperry.pixelplayer.debug       D  startObservingLibraryData called.
2026-04-25 17:13:56.263 16589-16589 LibraryStateHolder      com.httperry.pixelplayer.debug       D  startObservingLibraryData called.
2026-04-25 17:13:56.263 16589-16589 LibraryStateHolder      com.httperry.pixelplayer.debug       D  startObservingLibraryData called.
2026-04-25 17:13:56.263 16589-16589 PlayerViewModel         com.httperry.pixelplayer.debug       I  Initial check: Sync not active and initial data not loaded. Calling resetAndLoadInitialData.
2026-04-25 17:13:56.263 16589-16589 LibraryStateHolder      com.httperry.pixelplayer.debug       D  startObservingLibraryData called.
2026-04-25 17:13:56.263 16589-16589 LibraryStateHolder      com.httperry.pixelplayer.debug       D  startObservingLibraryData called.
2026-04-25 17:13:56.263 16589-16589 LibraryStateHolder      com.httperry.pixelplayer.debug       D  startObservingLibraryData called.
2026-04-25 17:13:56.263 16589-16589 LibraryStateHolder      com.httperry.pixelplayer.debug       D  startObservingLibraryData called.
2026-04-25 17:13:56.274 16589-16589 LibraryStateHolder      com.httperry.pixelplayer.debug       D  startObservingLibraryData called.
2026-04-25 17:13:56.277 16589-16589 MediaController         com.httperry.pixelplayer.debug       I  Init c20ee63 [AndroidXMedia3/1.9.2] [OP613BL1, CPH2717, OnePlus, 36]
2026-04-25 17:13:56.279 16589-16589 ActivityThread          com.httperry.pixelplayer.debug       D  ComponentInfo{com.httperry.pixelplayer.debug/com.theveloper.pixelplay.MainActivity} checkFinished=false 2
2026-04-25 17:13:56.280 16589-16589 ResourcesManagerExtImpl com.httperry.pixelplayer.debug       D  applyConfigurationToAppResourcesLocked app.getDisplayId() return callback.displayId:0
2026-04-25 17:13:56.282 16589-16589 WindowManager           com.httperry.pixelplayer.debug       D  Add to mViews: com.android.internal.policy.DecorView{41b23ea I.E...... R.....ID 0,0-0,0 alpha=1.0 viewInfo = }[MainActivity],pkg= com.httperry.pixelplayer.debug
2026-04-25 17:13:56.282 16589-16820 skia                    com.httperry.pixelplayer.debug       D  setRusSupported enable 1
2026-04-25 17:13:56.292 16589-16589 ViewRootImplExtImpl     com.httperry.pixelplayer.debug       D  onDisplayChanged -1 for VRI android.view.ViewRootImpl@5d66451
2026-04-25 17:13:56.293 16589-16589 ResourcesManagerExtImpl com.httperry.pixelplayer.debug       D  applyConfigurationToAppResourcesLocked app.getDisplayId() return callback.displayId:0
2026-04-25 17:13:56.293 16589-16589 YTMusicPythonService    com.httperry.pixelplayer.debug       D  Service started
2026-04-25 17:13:56.298 16589-16589 OplusBracketLog         com.httperry.pixelplayer.debug       E  [OplusViewMirrorManager] updateHostViewRootIfNeeded, not support android.view.ViewRootImpl@5d66451
2026-04-25 17:13:56.318 16589-16589 OplusPredi...Controller com.httperry.pixelplayer.debug       D  should not HookOnBackInvokedCallbackEnabled for application com.theveloper.pixelplay.MainActivity@d491365 hasOnBackInvokedCallBackEnabled
2026-04-25 17:13:56.323 16589-16589 ViewRootImplExtImpl     com.httperry.pixelplayer.debug       D  wrapConfigInfoIntoFlags rotation=0, smallestScreenWidthDp=0, residentWS=false, scenario=0, bounds=Rect(0, 0 - 1080, 2392), relayoutAsync=false, flags=0, newFlags=1254096896, title=com.httperry.pixelplayer.debug/com.theveloper.pixelplay.MainActivity
2026-04-25 17:13:56.330 16589-16589 VRI[MainActivity]       com.httperry.pixelplayer.debug       D  relayoutWindow result, sizeChanged:true, surfaceControlChanged:true, transformHintChanged:false, mSurfaceSize:Point(1080, 2392), mLastSurfaceSize:Point(0, 0), mWidth:-1, mHeight:-1, requestedWidth:1080, requestedHeight:2392, transformHint:0, installOrientation:0, displayRotation:0, isSurfaceValid:true, attr.flag:-2122252032, tmpFrames:ClientWindowFrames{frame=[0,0][1080,2392] display=[0,0][1080,2392] parentFrame=[0,0][0,0]}, relayoutAsync:false, mSyncSeqId:0
2026-04-25 17:13:56.330 16589-16589 VRI[MainActivity]       com.httperry.pixelplayer.debug       W  updateBlastSurfaceIfNeeded, surfaceSize:Point(1080, 2392), lastSurfaceSize:Point(0, 0), format:-1, blastBufferQueue:null
2026-04-25 17:13:56.331 16589-16589 BufferQueueConsumer     com.httperry.pixelplayer.debug       D  [](id:40cd00000005,api:0,p:-1,c:16589) connect: controlledByApp=false
2026-04-25 17:13:56.331 16589-16589 BufferQueueConsumer     com.httperry.pixelplayer.debug       D  [VRI[MainActivity]#5(BLAST Consumer)5](id:40cd00000005,api:0,p:-1,c:16589) setMaxAcquiredBufferCount: 3
2026-04-25 17:13:56.332 16589-16820 HWUI                    com.httperry.pixelplayer.debug       D  createSurface new attribs array
2026-04-25 17:13:56.332 16589-16820 libEGL                  com.httperry.pixelplayer.debug       D  this is from skia gles
2026-04-25 17:13:56.334 16589-16589 SurfaceControl          com.httperry.pixelplayer.debug       I   setExtendedRangeBrightness sc=Surface(name=com.httperry.pixelplayer.debug/com.theveloper.pixelplay.MainActivity)/@0xfbb33c8,currentBufferRatio=1.0,desiredRatio=1.0
2026-04-25 17:13:56.345 16589-16820 BLASTBufferQueue        com.httperry.pixelplayer.debug       D  [VRI[MainActivity]#5](f:0,a:1) acquireNextBufferLocked size=1080x2392 mFrameNumber=1 applyTransaction=true mTimestamp=96876154513389(auto) mPendingTransactions.size=0 graphicBufferId=71249212473369 transform=0
2026-04-25 17:13:56.346 16589-16820 VRI[MainActivity]       com.httperry.pixelplayer.debug       D  Received frameCommittedCallback lastAttemptedDrawFrameNum=1 didProduceBuffer=true syncBuffer=false
2026-04-25 17:13:56.346 16589-16589 VRI[MainActivity]       com.httperry.pixelplayer.debug       D  draw finished. seqId=0
2026-04-25 17:13:56.350 16589-16589 ExoPlayerImpl           com.httperry.pixelplayer.debug       I  Release fa483a3 [AndroidXMedia3/1.9.2] [OP613BL1, CPH2717, OnePlus, 36] [media3.common, media3.exoplayer, media3.decoder, media3.database, media3.session]
2026-04-25 17:13:56.350 16589-16589 ExoPlayerImpl           com.httperry.pixelplayer.debug       I  Release 766cccc [AndroidXMedia3/1.9.2] [OP613BL1, CPH2717, OnePlus, 36] [media3.common, media3.exoplayer, media3.decoder, media3.database, media3.session]
2026-04-25 17:13:56.351 16589-16589 ExoPlayerImpl           com.httperry.pixelplayer.debug       I  Init aec9d5e [AndroidXMedia3/1.9.2] [OP613BL1, CPH2717, OnePlus, 36]
2026-04-25 17:13:56.352 16589-16589 DefaultRenderersFactory com.httperry.pixelplayer.debug       I  Loaded FfmpegVideoRenderer.
2026-04-25 17:13:56.353 16589-16589 DefaultRenderersFactory com.httperry.pixelplayer.debug       I  Loaded FfmpegAudioRenderer.
2026-04-25 17:13:56.356 16589-16589 ExoPlayerImpl           com.httperry.pixelplayer.debug       I  Init 365d53f [AndroidXMedia3/1.9.2] [OP613BL1, CPH2717, OnePlus, 36]
2026-04-25 17:13:56.356 16589-16589 DefaultRenderersFactory com.httperry.pixelplayer.debug       I  Loaded FfmpegVideoRenderer.
2026-04-25 17:13:56.357 16589-16589 DefaultRenderersFactory com.httperry.pixelplayer.debug       I  Loaded FfmpegAudioRenderer.
2026-04-25 17:13:56.358 16589-16589 TransitionDebug         com.httperry.pixelplayer.debug       D  Initializing TransitionController...
2026-04-25 17:13:56.362 16589-16589 MediaSessionImpl        com.httperry.pixelplayer.debug       I  Init ed8fa36 [AndroidXMedia3/1.9.2] [OP613BL1, CPH2717, OnePlus, 36]
2026-04-25 17:13:56.375 16589-16589 VRI[MainActivity]       com.httperry.pixelplayer.debug       D  onFocusEvent true
2026-04-25 17:13:56.395 16589-16589 VRI[MainActivity]       com.httperry.pixelplayer.debug       W  handleResized, msg:, frameChanged:false, configChanged:false, displayChanged:false, attachedFrameChanged:false, compatScaleChanged:false, pendingDragResizing=false
2026-04-25 17:13:56.397 16589-16589 TransitionDebug         com.httperry.pixelplayer.debug       D  Master audio session changed: 2889
2026-04-25 17:13:56.474 16589-16820 VRI[MainActivity]       com.httperry.pixelplayer.debug       D  Received frameCommittedCallback lastAttemptedDrawFrameNum=3 didProduceBuffer=true syncBuffer=false
2026-04-25 17:13:56.474 16589-16589 VRI[MainActivity]       com.httperry.pixelplayer.debug       D  draw finished. seqId=0
2026-04-25 17:13:56.475 16589-16589 MediaController         com.httperry.pixelplayer.debug       I  Init 798ed7a [AndroidXMedia3/1.9.2] [OP613BL1, CPH2717, OnePlus, 36]
2026-04-25 17:13:56.475 16589-16589 MusicService_PixelPlay  com.httperry.pixelplayer.debug       D  onConnect from package=com.httperry.pixelplayer.debug uid=10449 trusted=true version=1009002300 hints=[androidx.media3.session.MediaNotificationManager]
2026-04-25 17:13:56.477 16589-16589 MusicService_PixelPlay  com.httperry.pixelplayer.debug       D  onConnect from package=com.httperry.pixelplayer.debug uid=10449 trusted=true version=1009002300 hints=[]
2026-04-25 17:13:56.478 16589-16589 MusicService_PixelPlay  com.httperry.pixelplayer.debug       D  onConnect from package=com.httperry.pixelplayer.debug uid=10449 trusted=true version=1009002300 hints=[]
2026-04-25 17:13:56.478 16589-16589 InsetsController        com.httperry.pixelplayer.debug       D  hide(ime(), fromIme=false)
2026-04-25 17:13:56.478 16589-16589 ImeTracker              com.httperry.pixelplayer.debug       I  com.httperry.pixelplayer.debug:95449d5e: onCancelled at PHASE_CLIENT_ALREADY_HIDDEN
2026-04-25 17:13:56.482 16589-16589 StandaloneCoroutine     com.httperry.pixelplayer.debug       I  [main] - Setup complete/skipped and permissions valid. Starting sync.
2026-04-25 17:13:56.482 16589-16589 MainViewModel           com.httperry.pixelplayer.debug       I  [main] - startSync called
2026-04-25 17:13:56.485 16589-17347 SyncManager             com.httperry.pixelplayer.debug       I  Startup sync requested - Scheduling Incremental Sync
2026-04-25 17:13:56.524 16589-16917 JobInfo                 com.httperry.pixelplayer.debug       W  Requested important-while-foreground flag for job1 is ignored and takes no effect
2026-04-25 17:13:56.524 16589-16917 WM-SystemJobScheduler   com.httperry.pixelplayer.debug       D  Scheduling work ID c1c95490-ee35-4aa0-9577-8e611eb0ba0bJob ID 1
2026-04-25 17:13:56.538 16589-16589 NeteaseRepository       com.httperry.pixelplayer.debug       D  syncUserPlaylists called, isLoggedIn=false, userId=-1
2026-04-25 17:13:56.538 16589-16589 NeteaseRepository       com.httperry.pixelplayer.debug       W  syncUserPlaylists: Not logged in, aborting
2026-04-25 17:13:56.541 16589-17070 JellyfinRe...tsAndSongs com.httperry.pixelplayer.debug       W  JellyfinRepo: Failed syncing library songs (Fix with AI)
                                                                                                    java.lang.Exception: Not logged in
                                                                                                    	at com.theveloper.pixelplay.data.jellyfin.JellyfinRepository.syncLibrarySongs-IoAF18A(JellyfinRepository.kt:303)
                                                                                                    	at com.theveloper.pixelplay.data.jellyfin.JellyfinRepository$syncAllPlaylistsAndSongs$2.invokeSuspend(JellyfinRepository.kt:348)
                                                                                                    	at kotlin.coroutines.jvm.internal.BaseContinuationImpl.resumeWith(ContinuationImpl.kt:34)
                                                                                                    	at kotlinx.coroutines.DispatchedTask.run(DispatchedTask.kt:101)
                                                                                                    	at kotlinx.coroutines.internal.LimitedDispatcher$Worker.run(LimitedDispatcher.kt:113)
                                                                                                    	at kotlinx.coroutines.scheduling.TaskImpl.run(Tasks.kt:89)
                                                                                                    	at kotlinx.coroutines.scheduling.CoroutineScheduler.runSafely(CoroutineScheduler.kt:589)
                                                                                                    	at kotlinx.coroutines.scheduling.CoroutineScheduler$Worker.executeTask(CoroutineScheduler.kt:823)
                                                                                                    	at kotlinx.coroutines.scheduling.CoroutineScheduler$Worker.runWorker(CoroutineScheduler.kt:720)
                                                                                                    	at kotlinx.coroutines.scheduling.CoroutineScheduler$Worker.run(CoroutineScheduler.kt:707)
2026-04-25 17:13:56.542 16589-16911 NavidromeR...tsAndSongs com.httperry.pixelplayer.debug       W  NavidromeRepo: Failed syncing library songs (Fix with AI)
                                                                                                    java.lang.Exception: Not logged in
                                                                                                    	at com.theveloper.pixelplay.data.navidrome.NavidromeRepository.syncLibrarySongs-IoAF18A(NavidromeRepository.kt:368)
                                                                                                    	at com.theveloper.pixelplay.data.navidrome.NavidromeRepository$syncAllPlaylistsAndSongs$2.invokeSuspend(NavidromeRepository.kt:454)
                                                                                                    	at kotlin.coroutines.jvm.internal.BaseContinuationImpl.resumeWith(ContinuationImpl.kt:34)
                                                                                                    	at kotlinx.coroutines.DispatchedTask.run(DispatchedTask.kt:101)
                                                                                                    	at kotlinx.coroutines.internal.LimitedDispatcher$Worker.run(LimitedDispatcher.kt:113)
                                                                                                    	at kotlinx.coroutines.scheduling.TaskImpl.run(Tasks.kt:89)
                                                                                                    	at kotlinx.coroutines.scheduling.CoroutineScheduler.runSafely(CoroutineScheduler.kt:589)
                                                                                                    	at kotlinx.coroutines.scheduling.CoroutineScheduler$Worker.executeTask(CoroutineScheduler.kt:823)
                                                                                                    	at kotlinx.coroutines.scheduling.CoroutineScheduler$Worker.runWorker(CoroutineScheduler.kt:720)
                                                                                                    	at kotlinx.coroutines.scheduling.CoroutineScheduler$Worker.run(CoroutineScheduler.kt:707)
2026-04-25 17:13:56.543 16589-16917 WM-GreedyScheduler      com.httperry.pixelplayer.debug       D  Starting work for c1c95490-ee35-4aa0-9577-8e611eb0ba0b
2026-04-25 17:13:56.552 16589-16917 WM-Processor            com.httperry.pixelplayer.debug       D  Processor: processing WorkGenerationalId(workSpecId=c1c95490-ee35-4aa0-9577-8e611eb0ba0b, generation=0)
2026-04-25 17:13:56.580 16589-16918 WM-PackageManagerHelper com.httperry.pixelplayer.debug       D  androidx.work.impl.background.systemalarm.RescheduleReceiver enabled
2026-04-25 17:13:56.607 16589-16589 MusicService            com.httperry.pixelplayer.debug       D  onCustomCommand received: com.theveloper.pixelplay.SET_SHUFFLE_STATE
2026-04-25 17:13:56.639 16589-16589 WM-WorkerWrapper        com.httperry.pixelplayer.debug       D  Starting work for com.theveloper.pixelplay.data.worker.SyncWorker
2026-04-25 17:13:56.640 16589-17348 SyncWorker              com.httperry.pixelplayer.debug       I  Starting MediaStore synchronization (Mode: INCREMENTAL, ForceMetadata: false)...
2026-04-25 17:13:56.640 16589-16589 MusicService            com.httperry.pixelplayer.debug       D  favoriteSongIdsFlow(Room) collected. New ids size: 0
2026-04-25 17:13:56.660 16589-16589 OplusPredi...Controller com.httperry.pixelplayer.debug       D  should not HookOnBackInvokedCallbackEnabled for application com.theveloper.pixelplay.MainActivity@d491365 hasOnBackInvokedCallBackEnabled
2026-04-25 17:13:56.660 16589-16589 OplusPredi...Controller com.httperry.pixelplayer.debug       D  should not HookOnBackInvokedCallbackEnabled for application com.theveloper.pixelplay.MainActivity@d491365 hasOnBackInvokedCallBackEnabled
2026-04-25 17:13:56.663 16589-16589 WindowManager           com.httperry.pixelplayer.debug       D  Add to mViews: com.android.internal.policy.DecorView{c54eb06 V.E...... R.....I. 0,0-0,0 alpha=1.0 viewInfo = }[MainActivity],pkg= com.httperry.pixelplayer.debug
2026-04-25 17:13:56.663 16589-16820 skia                    com.httperry.pixelplayer.debug       D  setRusSupported enable 1
2026-04-25 17:13:56.671 16589-16589 ViewRootImplExtImpl     com.httperry.pixelplayer.debug       D  onDisplayChanged -1 for VRI android.view.ViewRootImpl@d94bb1d
2026-04-25 17:13:56.674 16589-17141 SyncWorker              com.httperry.pixelplayer.debug       D  Artist delimiters=[/, ;, ,, +, &], groupByAlbumArtist=false, rescanRequired=false, directoryRulesChanged=false (current=0, applied=0)
2026-04-25 17:13:56.674 16589-17141 SyncWorker              com.httperry.pixelplayer.debug       D  Skipping filesystem walk — forceMetadata=false, lastSyncTimestamp=0
2026-04-25 17:13:56.688 16589-16589 OplusBracketLog         com.httperry.pixelplayer.debug       E  [OplusViewMirrorManager] updateHostViewRootIfNeeded, not support android.view.ViewRootImpl@d94bb1d
2026-04-25 17:13:56.688 16589-16589 OplusPredi...Controller com.httperry.pixelplayer.debug       D  should not HookOnBackInvokedCallbackEnabled for application com.theveloper.pixelplay.MainActivity@d491365 hasOnBackInvokedCallBackEnabled
2026-04-25 17:13:56.697 16589-17141 SyncWorker              com.httperry.pixelplayer.debug       D  No deleted songs found.
2026-04-25 17:13:56.699 16589-16589 OplusPredi...Controller com.httperry.pixelplayer.debug       D  should not HookOnBackInvokedCallbackEnabled for application com.theveloper.pixelplay.MainActivity@d491365 hasOnBackInvokedCallBackEnabled
2026-04-25 17:13:56.700 16589-17349 SyncWorker              com.httperry.pixelplayer.debug       I  Fetching music from MediaStore (since: 0 seconds)...
2026-04-25 17:13:56.704 16589-16917 WM-WorkProgressUpdater  com.httperry.pixelplayer.debug       D  Updating progress for c1c95490-ee35-4aa0-9577-8e611eb0ba0b (Data {progress_total : 0, progress_current : 0, progress_phase : 1})
2026-04-25 17:13:56.709 16589-17349 SyncWorker              com.httperry.pixelplayer.debug       I  Fetched 0 new/modified songs from MediaStore.
2026-04-25 17:13:56.711 16589-16589 BufferQueueConsumer     com.httperry.pixelplayer.debug       D  [](id:40cd00000006,api:0,p:-1,c:16589) connect: controlledByApp=false
2026-04-25 17:13:56.711 16589-16589 BufferQueueConsumer     com.httperry.pixelplayer.debug       D  [VRI[MainActivity]#6(BLAST Consumer)6](id:40cd00000006,api:0,p:-1,c:16589) setMaxAcquiredBufferCount: 3
2026-04-25 17:13:56.715 16589-16820 HWUI                    com.httperry.pixelplayer.debug       D  createSurface new attribs array
2026-04-25 17:13:56.715 16589-16820 libEGL                  com.httperry.pixelplayer.debug       D  this is from skia gles
2026-04-25 17:13:56.718 16589-16589 SurfaceControl          com.httperry.pixelplayer.debug       I   setExtendedRangeBrightness sc=Surface(name=com.httperry.pixelplayer.debug/com.theveloper.pixelplay.MainActivity)/@0x86b26fb,currentBufferRatio=1.0,desiredRatio=1.0
2026-04-25 17:13:56.730 16589-16820 BLASTBufferQueue        com.httperry.pixelplayer.debug       D  [VRI[MainActivity]#6](f:0,a:1) acquireNextBufferLocked size=1152x1524 mFrameNumber=1 applyTransaction=true mTimestamp=96876539637773(auto) mPendingTransactions.size=0 graphicBufferId=71249212473376 transform=0
2026-04-25 17:13:56.730 16589-16820 VRI[MainActivity]       com.httperry.pixelplayer.debug       D  Received frameCommittedCallback lastAttemptedDrawFrameNum=1 didProduceBuffer=true syncBuffer=false
2026-04-25 17:13:56.731 16589-16589 VRI[MainActivity]       com.httperry.pixelplayer.debug       D  draw finished. seqId=0
2026-04-25 17:13:56.731 16589-16589 VRI[MainActivity]       com.httperry.pixelplayer.debug       D  onFocusEvent false
2026-04-25 17:13:56.732 16589-17363 SyncWorker              com.httperry.pixelplayer.debug       D  Skipping Telegram sync — no channels configured.
2026-04-25 17:13:56.732 16589-16589 WM-SystemJobService     com.httperry.pixelplayer.debug       D  onStartJob for WorkGenerationalId(workSpecId=c1c95490-ee35-4aa0-9577-8e611eb0ba0b, generation=0)
2026-04-25 17:13:56.737 16589-17363 SyncWorker              com.httperry.pixelplayer.debug       D  Skipping Netease sync — no songs in local cache.
2026-04-25 17:13:56.737 16589-17363 SyncWorker              com.httperry.pixelplayer.debug       D  Skipping Navidrome sync — not logged in.
2026-04-25 17:13:56.738 16589-17363 SyncWorker              com.httperry.pixelplayer.debug       I  Syncing YT Music Library Playlists...
2026-04-25 17:13:56.739 16589-16909 YTMusicWebSocketClient  com.httperry.pixelplayer.debug       D  Waiting for WebSocket connection...
2026-04-25 17:13:56.739 16589-17363 YTMusicRepository       com.httperry.pixelplayer.debug       D  WebSocket not connected, attempting connection...
2026-04-25 17:13:56.740 16589-16917 WM-Processor            com.httperry.pixelplayer.debug       D  Work WorkGenerationalId(workSpecId=c1c95490-ee35-4aa0-9577-8e611eb0ba0b, generation=0) is already enqueued for processing
2026-04-25 17:13:56.746 16589-16589 VRI[MainActivity]       com.httperry.pixelplayer.debug       D  onFocusEvent true
2026-04-25 17:13:56.753 16589-17363 YTMusicRepository       com.httperry.pixelplayer.debug       D  WebSocket connected successfully
2026-04-25 17:13:56.764 16589-16589 SurfaceControl          com.httperry.pixelplayer.debug       I   setExtendedRangeBrightness sc=Surface(name=com.httperry.pixelplayer.debug/com.theveloper.pixelplay.MainActivity)/@0x86b26fb,currentBufferRatio=1.0,desiredRatio=1.0
2026-04-25 17:13:56.767 16589-16820 VRI[MainActivity]       com.httperry.pixelplayer.debug       D  Received frameCommittedCallback lastAttemptedDrawFrameNum=2 didProduceBuffer=true syncBuffer=false
2026-04-25 17:13:56.767 16589-16589 VRI[MainActivity]       com.httperry.pixelplayer.debug       D  draw finished. seqId=0
2026-04-25 17:13:56.778 16589-16589 InsetsController        com.httperry.pixelplayer.debug       D  hide(ime(), fromIme=false)
2026-04-25 17:13:56.778 16589-16589 ImeTracker              com.httperry.pixelplayer.debug       I  com.httperry.pixelplayer.debug:710cfe63: onCancelled at PHASE_CLIENT_ALREADY_HIDDEN
2026-04-25 17:13:56.834 16589-21820 YTMusicWebSocketClient  com.httperry.pixelplayer.debug       D  ✅ WebSocket connected
2026-04-25 17:13:56.834 16589-16589 EqualizerManager        com.httperry.pixelplayer.debug       D  Skipping attachToAudioSession(2889): all audio effects are disabled
2026-04-25 17:13:56.835 16589-16589 EqualizerManager        com.httperry.pixelplayer.debug       D  Skipping attachToAudioSession(2889): all audio effects are disabled
2026-04-25 17:13:56.836 16589-16877 python.stdout           com.httperry.pixelplayer.debug       I  📱 Client connected: ('127.0.0.1', 60162)
2026-04-25 17:13:56.840 16589-16877 python.stdout           com.httperry.pixelplayer.debug       I  📥 REQUEST: action=get_home, request_id=6c1bc60a..., data_keys=[]
2026-04-25 17:13:56.885 16589-17347 MusicService_PixelPlay  com.httperry.pixelplayer.debug       W  No se encontraron widgets para actualizar
2026-04-25 17:13:56.886 16589-17363 AudioManagerExtImpl     com.httperry.pixelplayer.debug       D  getStreamVolume packageName=com.httperry.pixelplayer.debug, index=0, streamType=3
2026-04-25 17:13:56.887 16589-17363 WearStatePublisher      com.httperry.pixelplayer.debug       D  Published state to Wear:  (playing=false)
2026-04-25 17:13:57.755 16589-16651 OplusScrollToTopManager com.httperry.pixelplayer.debug       D  com.httperry.pixelplayer.debug/com.theveloper.pixelplay.MainActivity,This com.android.internal.policy.DecorView{41b23ea V.E...... R....... 0,0-1080,2392 aid=2 alpha=1.0 viewInfo = }[MainActivity] change focus to false
2026-04-25 17:13:57.768 16589-16651 OplusScrollToTopManager com.httperry.pixelplayer.debug       D  com.httperry.pixelplayer.debug/com.theveloper.pixelplay.MainActivity,This com.android.internal.policy.DecorView{c54eb06 V.E...... R....... 0,0-960,1332 aid=1073741826 alpha=1.0 viewInfo = }[MainActivity] change focus to true
2026-04-25 17:13:57.820 16589-16877 python.stdout           com.httperry.pixelplayer.debug       I  ❌ RESPONSE: action=get_home, error=Server returned HTTP 400: Bad Request.
2026-04-25 17:13:57.820 16589-16877 python.stdout           com.httperry.pixelplayer.debug       I  Request contains an invalid argument.
2026-04-25 17:13:57.821 16589-16877 python.stdout           com.httperry.pixelplayer.debug       I  📥 REQUEST: action=library_playlists, request_id=a899bbcd..., data_keys=[]
2026-04-25 17:13:57.832 16589-17363 YTMusicRepository       com.httperry.pixelplayer.debug       E  Home feed failed: Server returned HTTP 400: Bad Request. (Fix with AI)
                                                                                                    Request contains an invalid argument.
                                                                                                    java.lang.Exception: Server returned HTTP 400: Bad Request.
                                                                                                    Request contains an invalid argument.
                                                                                                    	at com.theveloper.pixelplay.data.network.ytmusic.YTMusicWebSocketClient$sendRequest$3.invokeSuspend(YTMusicWebSocketClient.kt:223)
                                                                                                    	at kotlin.coroutines.jvm.internal.BaseContinuationImpl.resumeWith(ContinuationImpl.kt:34)
                                                                                                    	at kotlinx.coroutines.DispatchedTask.run(DispatchedTask.kt:101)
                                                                                                    	at kotlinx.coroutines.internal.LimitedDispatcher$Worker.run(LimitedDispatcher.kt:113)
                                                                                                    	at kotlinx.coroutines.scheduling.TaskImpl.run(Tasks.kt:89)
                                                                                                    	at kotlinx.coroutines.scheduling.CoroutineScheduler.runSafely(CoroutineScheduler.kt:589)
                                                                                                    	at kotlinx.coroutines.scheduling.CoroutineScheduler$Worker.executeTask(CoroutineScheduler.kt:823)
                                                                                                    	at kotlinx.coroutines.scheduling.CoroutineScheduler$Worker.runWorker(CoroutineScheduler.kt:720)
                                                                                                    	at kotlinx.coroutines.scheduling.CoroutineScheduler$Worker.run(CoroutineScheduler.kt:707)
2026-04-25 17:13:57.868 16589-16589 DynamicFra...peedAware] com.httperry.pixelplayer.debug       I  onEventHandled: info: InputEventInfo: mX = 0, mY = 0, mAction = 0, mVsyncTime = 96877677, mIsMoving = true, mUpdated = true
2026-04-25 17:13:57.868 16589-16589 IJankManager            com.httperry.pixelplayer.debug       E  slideSceneEnd unknown scene 1000 mScene:-1
2026-04-25 17:13:57.971 16589-16589 DynamicFra...peedAware] com.httperry.pixelplayer.debug       I  onEventHandled: info: InputEventInfo: mX = 0, mY = 0, mAction = 1, mVsyncTime = 96877780, mIsMoving = false, mUpdated = true
2026-04-25 17:13:57.972 16589-16589 ViewRootImplExtImpl     com.httperry.pixelplayer.debug       D  the up motion event handled by client, just return
2026-04-25 17:13:57.981 16589-16589 OplusScrollToTopManager com.httperry.pixelplayer.debug       D  com.httperry.pixelplayer.debug/com.theveloper.pixelplay.MainActivity,window dying
2026-04-25 17:13:57.981 16589-16589 OplusScrollToTopManager com.httperry.pixelplayer.debug       D  com.httperry.pixelplayer.debug/com.theveloper.pixelplay.MainActivity,unregisterSystemUIBroadcastReceiver 
2026-04-25 17:13:57.981 16589-16589 OplusScrollToTopManager com.httperry.pixelplayer.debug       D  com.httperry.pixelplayer.debug/com.theveloper.pixelplay.MainActivity, unregisterSystemUIBroadcastReceiver failed java.lang.IllegalArgumentException: Receiver not registered: android.view.OplusScrollToTopManager$2@1741b3
2026-04-25 17:13:57.981 16589-16589 WindowOnBackDispatcher  com.httperry.pixelplayer.debug       W  sendCancelIfRunning: isInProgress=false callback=androidx.activity.OnBackPressedDispatcher$Api34Impl$createOnBackAnimationCallback$1@cb9bf9b
2026-04-25 17:13:57.985 16589-16877 python.stdout           com.httperry.pixelplayer.debug       I  ❌ RESPONSE: action=library_playlists, error=Server returned HTTP 400: Bad Request.
2026-04-25 17:13:57.986 16589-16877 python.stdout           com.httperry.pixelplayer.debug       I  Request contains an invalid argument.
2026-04-25 17:13:57.986 16589-16877 python.stdout           com.httperry.pixelplayer.debug       I  📥 REQUEST: action=get_history, request_id=34279742..., data_keys=[]
2026-04-25 17:13:57.989 16589-16589 HWUI                    com.httperry.pixelplayer.debug       D  RenderProxy::destroy: this=0xb4000072cb975200, mContext=0xb40000744c978e00
2026-04-25 17:13:57.989 16589-16820 HWUI                    com.httperry.pixelplayer.debug       D  SkiaOpenGLPipeline::setSurface: this=0xb40000730b862b40, surface=NULL
2026-04-25 17:13:57.990 16589-16874 YTMusicRepository       com.httperry.pixelplayer.debug       D  Raw library_playlists result: success=false, count=null
2026-04-25 17:13:57.990 16589-16820 HWUI                    com.httperry.pixelplayer.debug       D  endAllActiveAnimators on 0xb4000072db443400 (UnprojectedRipple) with handle 0xb400007323df15a0
2026-04-25 17:13:57.991 16589-16874 SyncWorker              com.httperry.pixelplayer.debug       D  No YT Music playlists found or error fetching.
2026-04-25 17:13:57.994  2044-2607  DynamicFra...nagerImpl] system_server                        E  setFrameRateInternalForWindow: TIMING_DO_WINDOW_ANIMATION request is = FrameRateRequest: {  mUniqueID = 234362645, mVelocity = -1, mPreviousFrameRate = 0, mBindWithSC = true, mSc = Surface(name=8661371 com.httperry.pixelplayer.debug/com.theveloper.pixelplay.MainActivity)/@0xdf81715, mTransaction = android.view.SurfaceControl$Transaction@1ca301b, Type = 20102 } , frameRate 120
2026-04-25 17:13:57.994 16589-16636 BLASTBufferQueue        com.httperry.pixelplayer.debug       D  [VRI[MainActivity]#6](f:0,a:2) destructor()
2026-04-25 17:13:57.994 16589-16636 BufferQueueConsumer     com.httperry.pixelplayer.debug       D  [VRI[MainActivity]#6(BLAST Consumer)6](id:40cd00000006,api:0,p:-1,c:16589) disconnect
2026-04-25 17:13:58.007 16589-16916 WM-WorkerWrapper        com.httperry.pixelplayer.debug       I  Worker result SUCCESS for Work [ id=c1c95490-ee35-4aa0-9577-8e611eb0ba0b, tags={ com.theveloper.pixelplay.data.worker.SyncWorker } ]
2026-04-25 17:13:58.013 16589-16589 WM-Processor            com.httperry.pixelplayer.debug       D  Processor c1c95490-ee35-4aa0-9577-8e611eb0ba0b executed; reschedule = false
2026-04-25 17:13:58.013 16589-16589 WM-SystemJobService     com.httperry.pixelplayer.debug       D  c1c95490-ee35-4aa0-9577-8e611eb0ba0b executed on JobScheduler
2026-04-25 17:13:58.019 16589-16916 WM-GreedyScheduler      com.httperry.pixelplayer.debug       D  Cancelling work ID c1c95490-ee35-4aa0-9577-8e611eb0ba0b
2026-04-25 17:13:58.019 16589-16589 VRI[MainActivity]       com.httperry.pixelplayer.debug       D  onFocusEvent true
2026-04-25 17:13:58.024 16589-16916 WM-PackageManagerHelper com.httperry.pixelplayer.debug       D  androidx.work.impl.background.systemalarm.RescheduleReceiver disabled
2026-04-25 17:13:58.027 16589-16589 InsetsController        com.httperry.pixelplayer.debug       D  hide(ime(), fromIme=false)
2026-04-25 17:13:58.027 16589-16589 ImeTracker              com.httperry.pixelplayer.debug       I  com.httperry.pixelplayer.debug:a56a4510: onCancelled at PHASE_CLIENT_ALREADY_HIDDEN
2026-04-25 17:13:58.029 16589-16589 PlayerViewModel         com.httperry.pixelplayer.debug       I  Sync completed. Calling resetAndLoadInitialData from isSyncingStateFlow observer.
2026-04-25 17:13:58.130 16589-16877 python.stdout           com.httperry.pixelplayer.debug       I  ❌ RESPONSE: action=get_history, error=Server returned HTTP 400: Bad Request.
2026-04-25 17:13:58.130 16589-16877 python.stdout           com.httperry.pixelplayer.debug       I  Request contains an invalid argument.
2026-04-25 17:13:58.133 16589-16909 YTMusicRepository       com.httperry.pixelplayer.debug       E  History failed: Server returned HTTP 400: Bad Request. (Fix with AI)
                                                                                                    Request contains an invalid argument.
                                                                                                    java.lang.Exception: Server returned HTTP 400: Bad Request.
                                                                                                    Request contains an invalid argument.
                                                                                                    	at com.theveloper.pixelplay.data.network.ytmusic.YTMusicWebSocketClient$sendRequest$3.invokeSuspend(YTMusicWebSocketClient.kt:223)
                                                                                                    	at kotlin.coroutines.jvm.internal.BaseContinuationImpl.resumeWith(ContinuationImpl.kt:34)
                                                                                                    	at kotlinx.coroutines.DispatchedTask.run(DispatchedTask.kt:101)
                                                                                                    	at kotlinx.coroutines.internal.LimitedDispatcher$Worker.run(LimitedDispatcher.kt:113)
                                                                                                    	at kotlinx.coroutines.scheduling.TaskImpl.run(Tasks.kt:89)
                                                                                                    	at kotlinx.coroutines.scheduling.CoroutineScheduler.runSafely(CoroutineScheduler.kt:589)
                                                                                                    	at kotlinx.coroutines.scheduling.CoroutineScheduler$Worker.executeTask(CoroutineScheduler.kt:823)
                                                                                                    	at kotlinx.coroutines.scheduling.CoroutineScheduler$Worker.runWorker(CoroutineScheduler.kt:720)
                                                                                                    	at kotlinx.coroutines.scheduling.CoroutineScheduler$Worker.run(CoroutineScheduler.kt:707)
2026-04-25 17:13:58.148  2044-2089  DynamicFra...nagerImpl] system_server                        E  setFrameRateInternalForWindow: TIMING_DO_WINDOW_ANIMATION request is = FrameRateRequest: {  mUniqueID = 234362645, mVelocity = -2, mPreviousFrameRate = 120, mBindWithSC = true, mSc = Surface(name=8661371 com.httperry.pixelplayer.debug/com.theveloper.pixelplay.MainActivity)/@0xdf81715, mTransaction = android.view.SurfaceControl$Transaction@1ca301b, Type = 20102 } , frameRate 0
2026-04-25 17:13:59.025 16589-16651 OplusScrollToTopManager com.httperry.pixelplayer.debug       D  com.httperry.pixelplayer.debug/com.theveloper.pixelplay.MainActivity,This com.android.internal.policy.DecorView{41b23ea V.E...... R....... 0,0-1080,2392 aid=2 alpha=1.0 viewInfo = }[MainActivity] change focus to true
2026-04-25 17:13:59.103 16589-16589 DynamicFra...peedAware] com.httperry.pixelplayer.debug       I  onEventHandled: info: InputEventInfo: mX = 0, mY = 0, mAction = 0, mVsyncTime = 96878912, mIsMoving = true, mUpdated = true
2026-04-25 17:13:59.103 16589-16589 IJankManager            com.httperry.pixelplayer.debug       E  slideSceneEnd unknown scene 1000 mScene:-1
2026-04-25 17:13:59.144 16589-16820 skia                    com.httperry.pixelplayer.debug       D  GrGpu::writePixels takes 1
2026-04-25 17:13:59.166 16589-17550 PowerHalMgrImpl         com.httperry.pixelplayer.debug       I  hdl:12982, pid:16589 
2026-04-25 17:13:59.228 16589-16589 DynamicFra...peedAware] com.httperry.pixelplayer.debug       I  onEventHandled: info: InputEventInfo: mX = 0, mY = 0, mAction = 1, mVsyncTime = 96879037, mIsMoving = false, mUpdated = true
2026-04-25 17:13:59.229 16589-16589 ScrollIdentify          com.httperry.pixelplayer.debug       I  on fling
2026-04-25 17:13:59.229 16589-16589 ViewRootImplExtImpl     com.httperry.pixelplayer.debug       D  the up motion event handled by client, just return
2026-04-25 17:13:59.503 16589-16589 DynamicFra...peedAware] com.httperry.pixelplayer.debug       I  onEventHandled: info: InputEventInfo: mX = 0, mY = 0, mAction = 0, mVsyncTime = 96879312, mIsMoving = true, mUpdated = true
2026-04-25 17:13:59.563 16589-17550 PowerHalMgrImpl         com.httperry.pixelplayer.debug       I  hdl:12985, pid:16589 
2026-04-25 17:13:59.592 16589-16589 DynamicFra...peedAware] com.httperry.pixelplayer.debug       I  onEventHandled: info: InputEventInfo: mX = 0, mY = 0, mAction = 1, mVsyncTime = 96879401, mIsMoving = false, mUpdated = true
2026-04-25 17:13:59.593 16589-16589 ScrollIdentify          com.httperry.pixelplayer.debug       I  on fling
2026-04-25 17:13:59.594 16589-16589 ViewRootImplExtImpl     com.httperry.pixelplayer.debug       D  the up motion event handled by client, just return
2026-04-25 17:14:05.963 16589-16589 DynamicFra...peedAware] com.httperry.pixelplayer.debug       I  onEventHandled: info: InputEventInfo: mX = 0, mY = 0, mAction = 0, mVsyncTime = 96885772, mIsMoving = true, mUpdated = true
2026-04-25 17:14:05.963 16589-16589 IJankManager            com.httperry.pixelplayer.debug       E  slideSceneEnd unknown scene 1000 mScene:-1
2026-04-25 17:14:06.042 16589-16589 DynamicFra...peedAware] com.httperry.pixelplayer.debug       I  onEventHandled: info: InputEventInfo: mX = 0, mY = 0, mAction = 1, mVsyncTime = 96885851, mIsMoving = false, mUpdated = true
2026-04-25 17:14:06.058 16589-16589 ViewRootImplExtImpl     com.httperry.pixelplayer.debug       D  the up motion event handled by client, just return
2026-04-25 17:14:06.089 16589-16589 OplusPredi...Controller com.httperry.pixelplayer.debug       D  should not HookOnBackInvokedCallbackEnabled for application com.theveloper.pixelplay.MainActivity@d491365 hasOnBackInvokedCallBackEnabled
2026-04-25 17:14:06.089 16589-16589 OplusPredi...Controller com.httperry.pixelplayer.debug       D  should not HookOnBackInvokedCallbackEnabled for application com.theveloper.pixelplay.MainActivity@d491365 hasOnBackInvokedCallBackEnabled
2026-04-25 17:14:06.311 16589-16589 PlayerViewModel         com.httperry.pixelplayer.debug       D  Tab 'SONGS' selected. Attempting to load data.
2026-04-25 17:14:06.311 16589-16589 PlayerViewModel         com.httperry.pixelplayer.debug       D  Tab 'SONGS' marked as loaded. Current loaded tabs: [SONGS]
2026-04-25 17:14:06.311 16589-16589 PlayerViewModel         com.httperry.pixelplayer.debug       D  Tab 'SONGS' already loaded. Skipping data load.
2026-04-25 17:14:06.318 16589-16820 skia                    com.httperry.pixelplayer.debug       D  GrGpu::writePixels takes 1
2026-04-25 17:14:08.258 16589-16589 DynamicFra...peedAware] com.httperry.pixelplayer.debug       I  onEventHandled: info: InputEventInfo: mX = 0, mY = 0, mAction = 0, mVsyncTime = 96888067, mIsMoving = true, mUpdated = true
2026-04-25 17:14:08.258 16589-16589 IJankManager            com.httperry.pixelplayer.debug       E  slideSceneEnd unknown scene 1000 mScene:-1
2026-04-25 17:14:08.300 16589-17550 PowerHalMgrImpl         com.httperry.pixelplayer.debug       I  hdl:12992, pid:16589 
2026-04-25 17:14:08.326 16589-16589 DynamicFra...peedAware] com.httperry.pixelplayer.debug       I  onEventHandled: info: InputEventInfo: mX = 0, mY = 0, mAction = 1, mVsyncTime = 96888135, mIsMoving = false, mUpdated = true
2026-04-25 17:14:08.326 16589-16589 VelocityTracker         com.httperry.pixelplayer.debug       I  LSQ2 speed rezero
2026-04-25 17:14:08.327 16589-16589 VelocityTracker         com.httperry.pixelplayer.debug       I  LSQ2 speed rezero
2026-04-25 17:14:08.327 16589-16589 ScrollIdentify          com.httperry.pixelplayer.debug       I  on fling
2026-04-25 17:14:08.327 16589-16589 VelocityTracker         com.httperry.pixelplayer.debug       I  LSQ2 speed rezero
2026-04-25 17:14:08.327 16589-16589 ViewRootImplExtImpl     com.httperry.pixelplayer.debug       D  the up motion event handled by client, just return
2026-04-25 17:14:08.703 16589-16589 DynamicFra...peedAware] com.httperry.pixelplayer.debug       I  onEventHandled: info: InputEventInfo: mX = 0, mY = 0, mAction = 0, mVsyncTime = 96888512, mIsMoving = true, mUpdated = true
2026-04-25 17:14:08.759 16589-17550 PowerHalMgrImpl         com.httperry.pixelplayer.debug       I  hdl:12995, pid:16589 
2026-04-25 17:14:08.806 16589-16589 DynamicFra...peedAware] com.httperry.pixelplayer.debug       I  onEventHandled: info: InputEventInfo: mX = 0, mY = 0, mAction = 1, mVsyncTime = 96888615, mIsMoving = false, mUpdated = true
2026-04-25 17:14:08.806 16589-16589 VelocityTracker         com.httperry.pixelplayer.debug       I  LSQ2 speed rezero
2026-04-25 17:14:08.807 16589-16589 VelocityTracker         com.httperry.pixelplayer.debug       I  LSQ2 speed rezero
2026-04-25 17:14:08.807 16589-16589 ScrollIdentify          com.httperry.pixelplayer.debug       I  on fling
2026-04-25 17:14:08.807 16589-16589 VelocityTracker         com.httperry.pixelplayer.debug       I  LSQ2 speed rezero
2026-04-25 17:14:08.807 16589-16589 ViewRootImplExtImpl     com.httperry.pixelplayer.debug       D  the up motion event handled by client, just return
