2026-04-25 17:13:04.922 16589-16820 skia                    com.httperry.pixelplayer.debug       D  GrGLProgramBuilder::finalize record cache_miss hashCode 1592876970, cacheMissCost 23
2026-04-25 17:13:04.922 16589-16820 skia                    com.httperry.pixelplayer.debug       D  ProgramCache::findOrCreateProgramImpl index 66, hash 1592876970, cacheCost 23, cacheList.size 1.
2026-04-25 17:13:04.954 16589-16589 DynamicFra...peedAware] com.httperry.pixelplayer.debug       I  onEventHandled: info: InputEventInfo: mX = 0, mY = 0, mAction = 1, mVsyncTime = 96824763, mIsMoving = false, mUpdated = true
2026-04-25 17:13:04.959 16589-16589 ViewRootImplExtImpl     com.httperry.pixelplayer.debug       D  the up motion event handled by client, just return
2026-04-25 17:13:04.979 16589-16589 OplusPredi...Controller com.httperry.pixelplayer.debug       D  should not HookOnBackInvokedCallbackEnabled for application com.theveloper.pixelplay.MainActivity@3303795 hasOnBackInvokedCallBackEnabled
2026-04-25 17:13:04.979 16589-16589 OplusPredi...Controller com.httperry.pixelplayer.debug       D  should not HookOnBackInvokedCallbackEnabled for application com.theveloper.pixelplay.MainActivity@3303795 hasOnBackInvokedCallBackEnabled
2026-04-25 17:13:05.725 16589-16589 DynamicFra...peedAware] com.httperry.pixelplayer.debug       I  onEventHandled: info: InputEventInfo: mX = 0, mY = 0, mAction = 0, mVsyncTime = 96825534, mIsMoving = true, mUpdated = true
2026-04-25 17:13:05.726 16589-16589 IJankManager            com.httperry.pixelplayer.debug       E  slideSceneEnd unknown scene 1000 mScene:-1
2026-04-25 17:13:05.814 16589-17550 PowerHalMgrImpl         com.httperry.pixelplayer.debug       I  hdl:12877, pid:16589 
2026-04-25 17:13:05.826 16589-16589 DynamicFra...peedAware] com.httperry.pixelplayer.debug       I  onEventHandled: info: InputEventInfo: mX = 0, mY = 0, mAction = 1, mVsyncTime = 96825627, mIsMoving = false, mUpdated = true
2026-04-25 17:13:05.827 16589-16589 ScrollIdentify          com.httperry.pixelplayer.debug       I  on fling
2026-04-25 17:13:05.827 16589-16589 ViewRootImplExtImpl     com.httperry.pixelplayer.debug       D  the up motion event handled by client, just return
2026-04-25 17:13:06.056 16589-16589 DynamicFra...peedAware] com.httperry.pixelplayer.debug       I  onEventHandled: info: InputEventInfo: mX = 0, mY = 0, mAction = 0, mVsyncTime = 96825865, mIsMoving = true, mUpdated = true
2026-04-25 17:13:06.173 16589-17550 PowerHalMgrImpl         com.httperry.pixelplayer.debug       I  hdl:12880, pid:16589 
2026-04-25 17:13:06.373 16589-16589 DynamicFra...peedAware] com.httperry.pixelplayer.debug       I  onEventHandled: info: InputEventInfo: mX = 0, mY = 0, mAction = 1, mVsyncTime = 96826182, mIsMoving = false, mUpdated = true
2026-04-25 17:13:06.374 16589-16589 ScrollIdentify          com.httperry.pixelplayer.debug       I  on fling
2026-04-25 17:13:06.374 16589-16589 ViewRootImplExtImpl     com.httperry.pixelplayer.debug       D  the up motion event handled by client, just return
2026-04-25 17:13:06.600 16589-16589 DynamicFra...peedAware] com.httperry.pixelplayer.debug       I  onEventHandled: info: InputEventInfo: mX = 0, mY = 0, mAction = 0, mVsyncTime = 96826409, mIsMoving = true, mUpdated = true
2026-04-25 17:13:06.705 16589-17550 PowerHalMgrImpl         com.httperry.pixelplayer.debug       I  hdl:12883, pid:16589 
2026-04-25 17:13:07.019 16589-16589 DynamicFra...peedAware] com.httperry.pixelplayer.debug       I  onEventHandled: info: InputEventInfo: mX = 0, mY = 0, mAction = 1, mVsyncTime = 96826828, mIsMoving = false, mUpdated = true
2026-04-25 17:13:07.020 16589-16589 ViewRootImplExtImpl     com.httperry.pixelplayer.debug       D  the up motion event handled by client, just return
2026-04-25 17:13:07.320 16589-16589 DynamicFra...peedAware] com.httperry.pixelplayer.debug       I  onEventHandled: info: InputEventInfo: mX = 0, mY = 0, mAction = 0, mVsyncTime = 96827129, mIsMoving = true, mUpdated = true
2026-04-25 17:13:07.320 16589-16589 IJankManager            com.httperry.pixelplayer.debug       E  slideSceneEnd unknown scene 1000 mScene:-1
2026-04-25 17:13:07.404 16589-16589 DynamicFra...peedAware] com.httperry.pixelplayer.debug       I  onEventHandled: info: InputEventInfo: mX = 0, mY = 0, mAction = 1, mVsyncTime = 96827213, mIsMoving = false, mUpdated = true
2026-04-25 17:13:07.421 16589-16589 ViewRootImplExtImpl     com.httperry.pixelplayer.debug       D  the up motion event handled by client, just return
2026-04-25 17:13:08.257 16589-16589 DynamicFra...peedAware] com.httperry.pixelplayer.debug       I  onEventHandled: info: InputEventInfo: mX = 0, mY = 0, mAction = 0, mVsyncTime = 96828066, mIsMoving = true, mUpdated = true
2026-04-25 17:13:08.257 16589-16589 IJankManager            com.httperry.pixelplayer.debug       E  slideSceneEnd unknown scene 1000 mScene:-1
2026-04-25 17:13:08.344 16589-17550 PowerHalMgrImpl         com.httperry.pixelplayer.debug       I  hdl:12885, pid:16589 
2026-04-25 17:13:08.427 16589-16589 DynamicFra...peedAware] com.httperry.pixelplayer.debug       I  onEventHandled: info: InputEventInfo: mX = 0, mY = 0, mAction = 1, mVsyncTime = 96828236, mIsMoving = false, mUpdated = true
2026-04-25 17:13:08.429 16589-16589 ScrollIdentify          com.httperry.pixelplayer.debug       I  on fling
2026-04-25 17:13:08.429 16589-16589 ViewRootImplExtImpl     com.httperry.pixelplayer.debug       D  the up motion event handled by client, just return
2026-04-25 17:13:10.786 16589-16589 DynamicFra...peedAware] com.httperry.pixelplayer.debug       I  onEventHandled: info: InputEventInfo: mX = 0, mY = 0, mAction = 0, mVsyncTime = 96830595, mIsMoving = true, mUpdated = true
2026-04-25 17:13:10.786 16589-16589 IJankManager            com.httperry.pixelplayer.debug       E  slideSceneEnd unknown scene 1000 mScene:-1
2026-04-25 17:13:10.896 16589-16589 DynamicFra...peedAware] com.httperry.pixelplayer.debug       I  onEventHandled: info: InputEventInfo: mX = 0, mY = 0, mAction = 1, mVsyncTime = 96830705, mIsMoving = false, mUpdated = true
2026-04-25 17:13:10.917 16589-16589 ViewRootImplExtImpl     com.httperry.pixelplayer.debug       D  the up motion event handled by client, just return
2026-04-25 17:13:10.928 16589-16647 ColorModeChangeItem     com.httperry.pixelplayer.debug       D  preExecute mColorMode=0
2026-04-25 17:13:10.947 16589-16820 skia                    com.httperry.pixelplayer.debug       D  GrGLProgramBuilder::finalize record cache_miss hashCode 781501750, cacheMissCost 19
2026-04-25 17:13:10.947 16589-16820 skia                    com.httperry.pixelplayer.debug       D  ProgramCache::findOrCreateProgramImpl index 67, hash 781501750, cacheCost 19, cacheList.size 1.
2026-04-25 17:13:10.948 16589-16589 VRI[MainActivity]       com.httperry.pixelplayer.debug       D  onFocusEvent false
2026-04-25 17:13:10.949 16589-16589 ResourcesManagerExtImpl com.httperry.pixelplayer.debug       D  applyConfigurationToAppResourcesLocked app.getDisplayId() return callback.displayId:0
2026-04-25 17:13:10.953 16589-16589 OplusPredi...Controller com.httperry.pixelplayer.debug       E   NoSuchMethodException 
2026-04-25 17:13:10.953 16589-16589 OplusPredi...Controller com.httperry.pixelplayer.debug       E   NoSuchMethodException 
2026-04-25 17:13:10.953 16589-16589 OplusPredi...Controller com.httperry.pixelplayer.debug       D  should not HookOnBackInvokedCallbackEnabled for application com.theveloper.pixelplay.presentation.ytmusic.auth.YTLoginActivity@8b39aa5 hasOnBackInvokedCallBackEnabled
2026-04-25 17:13:10.953 16589-16589 OplusPredi...Controller com.httperry.pixelplayer.debug       D  initPredictiveBackConfig for com.theveloper.pixelplay.presentation.ytmusic.auth.YTLoginActivity@8b39aa5 initPredictiveBackConfig mShouldInterceptKeyEvent false
2026-04-25 17:13:10.953 16589-16589 OplusPredi...Controller com.httperry.pixelplayer.debug       D  should not HookOnBackInvokedCallbackEnabled for application com.theveloper.pixelplay.presentation.ytmusic.auth.YTLoginActivity@8b39aa5 hasOnBackInvokedCallBackEnabled
2026-04-25 17:13:10.958 16589-16589 ActivityThread          com.httperry.pixelplayer.debug       D  ComponentInfo{com.httperry.pixelplayer.debug/com.theveloper.pixelplay.presentation.ytmusic.auth.YTLoginActivity} checkFinished=false 2
2026-04-25 17:13:10.958 16589-16589 ResourcesManagerExtImpl com.httperry.pixelplayer.debug       D  applyConfigurationToAppResourcesLocked app.getDisplayId() return callback.displayId:0
2026-04-25 17:13:10.959 16589-16589 WindowManager           com.httperry.pixelplayer.debug       D  Add to mViews: com.android.internal.policy.DecorView{d1a901b I.E...... R.....ID 0,0-0,0 alpha=1.0 viewInfo = }[YTLoginActivity],pkg= com.httperry.pixelplayer.debug
2026-04-25 17:13:10.960 16589-16820 skia                    com.httperry.pixelplayer.debug       D  setRusSupported enable 1
2026-04-25 17:13:10.963 16589-16589 ViewRootImplExtImpl     com.httperry.pixelplayer.debug       D  onDisplayChanged -1 for VRI android.view.ViewRootImpl@9cedef6
2026-04-25 17:13:10.964 16589-16589 ResourcesManagerExtImpl com.httperry.pixelplayer.debug       D  applyConfigurationToAppResourcesLocked app.getDisplayId() return callback.displayId:0
2026-04-25 17:13:10.965 16589-16589 OplusBracketLog         com.httperry.pixelplayer.debug       E  [OplusViewMirrorManager] updateHostViewRootIfNeeded, not support android.view.ViewRootImpl@9cedef6
2026-04-25 17:13:10.976 16589-16589 OplusPredi...Controller com.httperry.pixelplayer.debug       D  should not HookOnBackInvokedCallbackEnabled for application com.theveloper.pixelplay.presentation.ytmusic.auth.YTLoginActivity@8b39aa5 hasOnBackInvokedCallBackEnabled
2026-04-25 17:13:10.979 16589-16589 ViewRootImplExtImpl     com.httperry.pixelplayer.debug       D  wrapConfigInfoIntoFlags rotation=0, smallestScreenWidthDp=0, residentWS=false, scenario=0, bounds=Rect(0, 0 - 1080, 2392), relayoutAsync=false, flags=0, newFlags=1254096896, title=com.httperry.pixelplayer.debug/com.theveloper.pixelplay.presentation.ytmusic.auth.YTLoginActivity
2026-04-25 17:13:10.986 16589-16589 VRI[YTLoginActivity]    com.httperry.pixelplayer.debug       D  relayoutWindow result, sizeChanged:true, surfaceControlChanged:true, transformHintChanged:false, mSurfaceSize:Point(1080, 2392), mLastSurfaceSize:Point(0, 0), mWidth:-1, mHeight:-1, requestedWidth:1080, requestedHeight:2392, transformHint:0, installOrientation:0, displayRotation:0, isSurfaceValid:true, attr.flag:-2122252032, tmpFrames:ClientWindowFrames{frame=[0,0][1080,2392] display=[0,0][1080,2392] parentFrame=[0,0][0,0]}, relayoutAsync:false, mSyncSeqId:0
2026-04-25 17:13:10.986 16589-16589 VRI[YTLoginActivity]    com.httperry.pixelplayer.debug       W  updateBlastSurfaceIfNeeded, surfaceSize:Point(1080, 2392), lastSurfaceSize:Point(0, 0), format:-1, blastBufferQueue:null
2026-04-25 17:13:10.986 16589-16589 BufferQueueConsumer     com.httperry.pixelplayer.debug       D  [](id:40cd00000003,api:0,p:-1,c:16589) connect: controlledByApp=false
2026-04-25 17:13:10.986 16589-16589 BufferQueueConsumer     com.httperry.pixelplayer.debug       D  [VRI[YTLoginActivity]#3(BLAST Consumer)3](id:40cd00000003,api:0,p:-1,c:16589) setMaxAcquiredBufferCount: 3
2026-04-25 17:13:10.990 16589-16820 HWUI                    com.httperry.pixelplayer.debug       D  createSurface new attribs array
2026-04-25 17:13:10.990 16589-16820 libEGL                  com.httperry.pixelplayer.debug       D  this is from skia gles
2026-04-25 17:13:10.990 16589-16589 SurfaceControl          com.httperry.pixelplayer.debug       I   setExtendedRangeBrightness sc=Surface(name=com.httperry.pixelplayer.debug/com.theveloper.pixelplay.presentation.ytmusic.auth.YTLoginActivity)/@0x76a04d8,currentBufferRatio=1.0,desiredRatio=1.0
2026-04-25 17:13:10.996 16589-16820 BLASTBufferQueue        com.httperry.pixelplayer.debug       D  [VRI[YTLoginActivity]#3](f:0,a:1) acquireNextBufferLocked size=1080x2392 mFrameNumber=1 applyTransaction=true mTimestamp=96830805338078(auto) mPendingTransactions.size=0 graphicBufferId=71249212473359 transform=0
2026-04-25 17:13:10.996 16589-16820 VRI[YTLoginActivity]    com.httperry.pixelplayer.debug       D  Received frameCommittedCallback lastAttemptedDrawFrameNum=1 didProduceBuffer=true syncBuffer=false
2026-04-25 17:13:10.996 16589-16589 VRI[YTLoginActivity]    com.httperry.pixelplayer.debug       D  draw finished. seqId=0
2026-04-25 17:13:11.020 16589-16820 skia                    com.httperry.pixelplayer.debug       D  GrGLProgramBuilder::finalize record cache_miss hashCode 2053212672, cacheMissCost 5
2026-04-25 17:13:11.020 16589-16820 skia                    com.httperry.pixelplayer.debug       D  ProgramCache::findOrCreateProgramImpl index 68, hash 2053212672, cacheCost 5, cacheList.size 1.
2026-04-25 17:13:11.022 16589-16589 VRI[YTLoginActivity]    com.httperry.pixelplayer.debug       D  onFocusEvent true
2026-04-25 17:13:11.022 16589-16589 VRI[YTLoginActivity]    com.httperry.pixelplayer.debug       W  handleResized, msg:, frameChanged:false, configChanged:false, displayChanged:false, attachedFrameChanged:false, compatScaleChanged:false, pendingDragResizing=false
2026-04-25 17:13:11.028 16589-16820 VRI[YTLoginActivity]    com.httperry.pixelplayer.debug       D  Received frameCommittedCallback lastAttemptedDrawFrameNum=3 didProduceBuffer=true syncBuffer=false
2026-04-25 17:13:11.028 16589-16589 VRI[YTLoginActivity]    com.httperry.pixelplayer.debug       D  draw finished. seqId=0
2026-04-25 17:13:11.034 16589-16589 InsetsController        com.httperry.pixelplayer.debug       D  hide(ime(), fromIme=false)
2026-04-25 17:13:11.034 16589-16589 ImeTracker              com.httperry.pixelplayer.debug       I  com.httperry.pixelplayer.debug:6944b688: onCancelled at PHASE_CLIENT_ALREADY_HIDDEN
2026-04-25 17:13:11.240 16589-16589 VRI[YTLoginActivity]    com.httperry.pixelplayer.debug       D  onFocusEvent false
2026-04-25 17:13:11.379 16589-16645 VRI[MainActivity]       com.httperry.pixelplayer.debug       D  dispatchAppVisibility visible:false mUpcomingWindowFocus:false
2026-04-25 17:13:11.380 16589-16589 VRI[MainActivity]       com.httperry.pixelplayer.debug       D  visibilityChanged oldVisibility=true newVisibility=false
2026-04-25 17:13:11.384 16589-16589 HWUI                    com.httperry.pixelplayer.debug       D  RenderProxy::destroy: this=0xb40000730e08f100, mContext=0xb40000730dd1aa80
2026-04-25 17:13:11.384 16589-16820 HWUI                    com.httperry.pixelplayer.debug       D  SkiaOpenGLPipeline::setSurface: this=0xb4000073c061d2c0, surface=NULL
2026-04-25 17:13:11.385 16589-16589 ViewRootImplExtImpl     com.httperry.pixelplayer.debug       D  wrapConfigInfoIntoFlags rotation=0, smallestScreenWidthDp=360, residentWS=false, scenario=0, bounds=Rect(0, 0 - 1080, 2392), relayoutAsync=false, flags=0, newFlags=1254108416, title=com.httperry.pixelplayer.debug/com.theveloper.pixelplay.MainActivity
2026-04-25 17:13:11.388 16589-16589 VRI[MainActivity]       com.httperry.pixelplayer.debug       D  relayoutWindow result, sizeChanged:false, surfaceControlChanged:true, transformHintChanged:false, mSurfaceSize:Point(1080, 2392), mLastSurfaceSize:Point(1080, 2392), mWidth:1080, mHeight:2392, requestedWidth:1080, requestedHeight:2392, transformHint:0, installOrientation:0, displayRotation:0, isSurfaceValid:false, attr.flag:-2122252032, tmpFrames:ClientWindowFrames{frame=[0,0][1080,2392] display=[0,0][1080,2392] parentFrame=[0,0][0,0]}, relayoutAsync:false, mSyncSeqId:0
2026-04-25 17:13:11.396 16589-16649 BLASTBufferQueue        com.httperry.pixelplayer.debug       D  [VRI[MainActivity]#1](f:0,a:2) destructor()
2026-04-25 17:13:11.397 16589-16649 BufferQueueConsumer     com.httperry.pixelplayer.debug       D  [VRI[MainActivity]#1(BLAST Consumer)1](id:40cd00000001,api:0,p:-1,c:16589) disconnect
2026-04-25 17:13:11.426 18520-18520 AndroidUtils            com.google.android.gms.ui            E  mismatch between getCallingPackage com.httperry.pixelplayer.debug and getLaunchedFromPackage com.google.android.gms for activity com.google.android.gms.auth.api.credentials.authorization.ui.AuthorizationActivity [CONTEXT service_id=259 ]
2026-04-25 17:13:11.543 16589-16589 WindowOnBackDispatcher  com.httperry.pixelplayer.debug       W  sendCancelIfRunning: isInProgress=false callback=androidx.activity.OnBackPressedDispatcher$Api34Impl$createOnBackAnimationCallback$1@f2e34a2
2026-04-25 17:13:11.545 16589-16589 VRI[MainActivity]       com.httperry.pixelplayer.debug       D  setWindowStopped stopped:true
2026-04-25 17:13:11.547 16589-16589 MainActivity            com.httperry.pixelplayer.debug       D  [main] - onStop
2026-04-25 17:13:11.547 16589-16589 MediaController         com.httperry.pixelplayer.debug       I  Release eab6602 [AndroidXMedia3/1.9.2] [OP613BL1, CPH2717, OnePlus, 36] [media3.common, media3.exoplayer, media3.decoder, media3.database, media3.session]
2026-04-25 17:13:12.003 16589-16651 OplusScrollToTopManager com.httperry.pixelplayer.debug       D  com.httperry.pixelplayer.debug/com.theveloper.pixelplay.MainActivity,This com.android.internal.policy.DecorView{633c98d I.E...... R.....ID 0,0-1080,2392 aid=0 alpha=1.0 viewInfo = }[MainActivity] change focus to false
2026-04-25 17:13:12.242 16589-16651 OplusScrollToTopManager com.httperry.pixelplayer.debug       D  com.httperry.pixelplayer.debug/com.theveloper.pixelplay.presentation.ytmusic.auth.YTLoginActivity,This com.android.internal.policy.DecorView{d1a901b V.E...... R....... 0,0-1080,2392 aid=1 alpha=1.0 viewInfo = }[YTLoginActivity] change focus to false
2026-04-25 17:13:12.593 16589-16820 skia                    com.httperry.pixelplayer.debug       D  GrGLProgramBuilder::finalize record cache_miss hashCode 1161132966, cacheMissCost 8
2026-04-25 17:13:12.593 16589-16820 skia                    com.httperry.pixelplayer.debug       D  ProgramCache::findOrCreateProgramImpl index 69, hash 1161132966, cacheCost 8, cacheList.size 1.
2026-04-25 17:13:16.240 16589-17347 YTMusicRepository       com.httperry.pixelplayer.debug       E  Home feed failed: Not connected (timeout waiting for Python server) (Fix with AI)
                                                                                                    java.lang.Exception: Not connected (timeout waiting for Python server)
                                                                                                    	at com.theveloper.pixelplay.data.network.ytmusic.YTMusicWebSocketClient.sendRequest-0E7RQCE(YTMusicWebSocketClient.kt:198)
                                                                                                    	at com.theveloper.pixelplay.data.network.ytmusic.YTMusicWebSocketClient.access$sendRequest-0E7RQCE(YTMusicWebSocketClient.kt:33)
                                                                                                    	at com.theveloper.pixelplay.data.network.ytmusic.YTMusicWebSocketClient$sendRequest$1.invokeSuspend(Unknown Source:15)
                                                                                                    	at kotlin.coroutines.jvm.internal.BaseContinuationImpl.resumeWith(ContinuationImpl.kt:34)
                                                                                                    	at kotlinx.coroutines.internal.ScopeCoroutine.afterResume(Scopes.kt:28)
                                                                                                    	at kotlinx.coroutines.AbstractCoroutine.resumeWith(AbstractCoroutine.kt:100)
                                                                                                    	at kotlin.coroutines.jvm.internal.BaseContinuationImpl.resumeWith(ContinuationImpl.kt:47)
                                                                                                    	at kotlinx.coroutines.DispatchedTask.run(DispatchedTask.kt:99)
                                                                                                    	at kotlinx.coroutines.internal.LimitedDispatcher$Worker.run(LimitedDispatcher.kt:113)
                                                                                                    	at kotlinx.coroutines.scheduling.TaskImpl.run(Tasks.kt:89)
                                                                                                    	at kotlinx.coroutines.scheduling.CoroutineScheduler.runSafely(CoroutineScheduler.kt:589)
                                                                                                    	at kotlinx.coroutines.scheduling.CoroutineScheduler$Worker.executeTask(CoroutineScheduler.kt:823)
                                                                                                    	at kotlinx.coroutines.scheduling.CoroutineScheduler$Worker.runWorker(CoroutineScheduler.kt:720)
                                                                                                    	at kotlinx.coroutines.scheduling.CoroutineScheduler$Worker.run(CoroutineScheduler.kt:707)
2026-04-25 17:13:21.262 16589-16876 YTMusicWebSocketClient  com.httperry.pixelplayer.debug       D  Waiting for WebSocket connection...
2026-04-25 17:13:22.063 16589-16649 ColorModeChangeItem     com.httperry.pixelplayer.debug       D  preExecute mColorMode=0
2026-04-25 17:13:22.080  2044-2116  OplusThermalStats       system_server                        E  Error getting package info: com.httperry.pixelplayer.debug
2026-04-25 17:13:22.091 16589-16589 ActivityThread          com.httperry.pixelplayer.debug       D  ComponentInfo{com.httperry.pixelplayer.debug/com.theveloper.pixelplay.presentation.ytmusic.auth.YTLoginActivity} checkFinished=false 4
2026-04-25 17:13:22.091 16589-16589 ResourcesManagerExtImpl com.httperry.pixelplayer.debug       D  applyConfigurationToAppResourcesLocked app.getDisplayId() return callback.displayId:0
2026-04-25 17:13:22.094 16589-16903 YTLoginActivity         com.httperry.pixelplayer.debug       D  ✅ Received OAuth Access Token
2026-04-25 17:13:22.097 16589-16589 VRI[YTLoginActivity]    com.httperry.pixelplayer.debug       D  onFocusEvent true
2026-04-25 17:13:22.112 16589-16589 InsetsController        com.httperry.pixelplayer.debug       D  hide(ime(), fromIme=false)
2026-04-25 17:13:22.112 16589-16589 ImeTracker              com.httperry.pixelplayer.debug       I  com.httperry.pixelplayer.debug:48982201: onCancelled at PHASE_CLIENT_ALREADY_HIDDEN
2026-04-25 17:13:22.114 16589-16876 YTMSessionRepository    com.httperry.pixelplayer.debug       D  YTM OAuth token saved for email=Premium Account
2026-04-25 17:13:22.134 16589-16911 YTLoginActivity         com.httperry.pixelplayer.debug       D  ✅ browser.json created for Python backend
2026-04-25 17:13:22.135 16589-16911 YTMusicPythonService    com.httperry.pixelplayer.debug       D  Setting up Python backend authentication with: /data/user/0/com.httperry.pixelplayer.debug/files/browser.json
2026-04-25 17:13:22.151 16589-16589 ActivityClient          com.httperry.pixelplayer.debug       D  activity finished by caller: android.app.Activity.finish:7644 android.app.Activity.finish:7661 com.theveloper.pixelplay.presentation.ytmusic.auth.YTLoginActivity$handleAuthSuccess$1$1.invokeSuspend:212 kotlin.coroutines.jvm.internal.BaseContinuationImpl.resumeWith:34 kotlinx.coroutines.DispatchedTask.run:101 android.os.Handler.handleCallback:1027 android.os.Handler.dispatchMessage:108 android.os.Looper.loopOnce:302 android.os.Looper.loop:412 android.app.ActivityThread.main:9998 
2026-04-25 17:13:22.163 16589-16636 VRI[MainActivity]       com.httperry.pixelplayer.debug       D  dispatchAppVisibility visible:true mUpcomingWindowFocus:false
2026-04-25 17:13:22.168 16589-18554 ColorModeChangeItem     com.httperry.pixelplayer.debug       D  preExecute mColorMode=0
2026-04-25 17:13:22.169 16589-16911 python.stdout           com.httperry.pixelplayer.debug       I  ✅ Authenticated from browser.json: /data/user/0/com.httperry.pixelplayer.debug/files/browser.json
2026-04-25 17:13:22.170 16589-16911 YTMusicPythonService    com.httperry.pixelplayer.debug       D  ✅ Python backend authentication result: {'success': True, 'authenticated': True, 'message': 'Authentication successful'}
2026-04-25 17:13:22.170 16589-16589 VRI[YTLoginActivity]    com.httperry.pixelplayer.debug       D  onFocusEvent false
2026-04-25 17:13:22.171 16589-16589 VRI[MainActivity]       com.httperry.pixelplayer.debug       D  setWindowStopped stopped:false
2026-04-25 17:13:22.172 16589-16589 ViewRootImpl            com.httperry.pixelplayer.debug       D  Skipping stats log for color mode
2026-04-25 17:13:22.176 16589-16589 MainActivity            com.httperry.pixelplayer.debug       D  [main] - onStart
2026-04-25 17:13:22.188 16589-16589 MediaController         com.httperry.pixelplayer.debug       I  Init 8d0ed3 [AndroidXMedia3/1.9.2] [OP613BL1, CPH2717, OnePlus, 36]
2026-04-25 17:13:22.192 16589-16589 OplusPredi...Controller com.httperry.pixelplayer.debug       D  should not HookOnBackInvokedCallbackEnabled for application com.theveloper.pixelplay.MainActivity@3303795 hasOnBackInvokedCallBackEnabled
2026-04-25 17:13:22.192 16589-16589 OplusPredi...Controller com.httperry.pixelplayer.debug       D  should not HookOnBackInvokedCallbackEnabled for application com.theveloper.pixelplay.MainActivity@3303795 hasOnBackInvokedCallBackEnabled
2026-04-25 17:13:22.198 16589-16589 ActivityThread          com.httperry.pixelplayer.debug       D  ComponentInfo{com.httperry.pixelplayer.debug/com.theveloper.pixelplay.MainActivity} checkFinished=false 2
2026-04-25 17:13:22.198 16589-16589 ResourcesManagerExtImpl com.httperry.pixelplayer.debug       D  applyConfigurationToAppResourcesLocked app.getDisplayId() return callback.displayId:0
2026-04-25 17:13:22.220 16589-16589 ViewRootImplExtImpl     com.httperry.pixelplayer.debug       D  wrapConfigInfoIntoFlags rotation=0, smallestScreenWidthDp=360, residentWS=false, scenario=0, bounds=Rect(0, 0 - 1080, 2392), relayoutAsync=false, flags=0, newFlags=1254108416, title=com.httperry.pixelplayer.debug/com.theveloper.pixelplay.MainActivity
2026-04-25 17:13:22.227 16589-16589 VRI[MainActivity]       com.httperry.pixelplayer.debug       D  relayoutWindow result, sizeChanged:false, surfaceControlChanged:true, transformHintChanged:false, mSurfaceSize:Point(1080, 2392), mLastSurfaceSize:Point(1080, 2392), mWidth:1080, mHeight:2392, requestedWidth:1080, requestedHeight:2392, transformHint:0, installOrientation:0, displayRotation:0, isSurfaceValid:true, attr.flag:-2122252032, tmpFrames:ClientWindowFrames{frame=[0,0][1080,2392] display=[0,0][1080,2392] parentFrame=[0,0][0,0]}, relayoutAsync:false, mSyncSeqId:0
2026-04-25 17:13:22.227 16589-16589 VRI[MainActivity]       com.httperry.pixelplayer.debug       W  updateBlastSurfaceIfNeeded, surfaceSize:Point(1080, 2392), lastSurfaceSize:Point(1080, 2392), format:-1, blastBufferQueue:null
2026-04-25 17:13:22.228 16589-16589 BufferQueueConsumer     com.httperry.pixelplayer.debug       D  [](id:40cd00000004,api:0,p:-1,c:16589) connect: controlledByApp=false
2026-04-25 17:13:22.228 16589-16589 BufferQueueConsumer     com.httperry.pixelplayer.debug       D  [VRI[MainActivity]#4(BLAST Consumer)4](id:40cd00000004,api:0,p:-1,c:16589) setMaxAcquiredBufferCount: 3
2026-04-25 17:13:22.229 16589-16820 HWUI                    com.httperry.pixelplayer.debug       D  createSurface new attribs array
2026-04-25 17:13:22.229 16589-16820 libEGL                  com.httperry.pixelplayer.debug       D  this is from skia gles
2026-04-25 17:13:22.229 16589-16589 SurfaceControl          com.httperry.pixelplayer.debug       I   setExtendedRangeBrightness sc=Surface(name=com.httperry.pixelplayer.debug/com.theveloper.pixelplay.MainActivity)/@0xb8e28f,currentBufferRatio=1.0,desiredRatio=1.0
2026-04-25 17:13:22.248 16589-16820 BLASTBufferQueue        com.httperry.pixelplayer.debug       D  [VRI[MainActivity]#4](f:0,a:1) acquireNextBufferLocked size=1080x2392 mFrameNumber=1 applyTransaction=true mTimestamp=96842057222694(auto) mPendingTransactions.size=0 graphicBufferId=71249212473365 transform=0
2026-04-25 17:13:22.248 16589-16820 VRI[MainActivity]       com.httperry.pixelplayer.debug       D  Received frameCommittedCallback lastAttemptedDrawFrameNum=1 didProduceBuffer=true syncBuffer=false
2026-04-25 17:13:22.248 16589-16589 VRI[MainActivity]       com.httperry.pixelplayer.debug       D  draw finished. seqId=0
2026-04-25 17:13:22.264 16589-16589 MusicService_PixelPlay  com.httperry.pixelplayer.debug       D  onConnect from package=com.httperry.pixelplayer.debug uid=10449 trusted=true version=1009002300 hints=[]
2026-04-25 17:13:22.279 16589-16589 VRI[MainActivity]       com.httperry.pixelplayer.debug       D  onFocusEvent true
2026-04-25 17:13:22.311 16589-16589 InsetsController        com.httperry.pixelplayer.debug       D  hide(ime(), fromIme=false)
2026-04-25 17:13:22.311 16589-16589 ImeTracker              com.httperry.pixelplayer.debug       I  com.httperry.pixelplayer.debug:55e41ca4: onCancelled at PHASE_CLIENT_ALREADY_HIDDEN
2026-04-25 17:13:22.404 16589-16820 skia                    com.httperry.pixelplayer.debug       D  GrGLProgramBuilder::finalize record cache_miss hashCode 3168870393, cacheMissCost 14
2026-04-25 17:13:22.404 16589-16820 skia                    com.httperry.pixelplayer.debug       D  ProgramCache::findOrCreateProgramImpl index 70, hash 3168870393, cacheCost 14, cacheList.size 1.
2026-04-25 17:13:22.634 16589-18554 VRI[YTLoginActivity]    com.httperry.pixelplayer.debug       D  dispatchAppVisibility visible:false mUpcomingWindowFocus:false
2026-04-25 17:13:22.635 16589-16589 VRI[YTLoginActivity]    com.httperry.pixelplayer.debug       D  visibilityChanged oldVisibility=true newVisibility=false
2026-04-25 17:13:22.638 16589-16589 HWUI                    com.httperry.pixelplayer.debug       D  RenderProxy::destroy: this=0xb4000072cb976400, mContext=0xb40000744c7041c0
2026-04-25 17:13:22.638 16589-16820 HWUI                    com.httperry.pixelplayer.debug       D  SkiaOpenGLPipeline::setSurface: this=0xb4000072dc7ede40, surface=NULL
2026-04-25 17:13:22.640 16589-16589 ViewRootImplExtImpl     com.httperry.pixelplayer.debug       D  wrapConfigInfoIntoFlags rotation=0, smallestScreenWidthDp=360, residentWS=false, scenario=0, bounds=Rect(0, 0 - 1080, 2392), relayoutAsync=false, flags=0, newFlags=1254108416, title=com.httperry.pixelplayer.debug/com.theveloper.pixelplay.presentation.ytmusic.auth.YTLoginActivity
2026-04-25 17:13:22.642 16589-16589 VRI[YTLoginActivity]    com.httperry.pixelplayer.debug       D  relayoutWindow result, sizeChanged:false, surfaceControlChanged:true, transformHintChanged:false, mSurfaceSize:Point(1080, 2392), mLastSurfaceSize:Point(1080, 2392), mWidth:1080, mHeight:2392, requestedWidth:1080, requestedHeight:2392, transformHint:0, installOrientation:0, displayRotation:0, isSurfaceValid:false, attr.flag:-2122252032, tmpFrames:ClientWindowFrames{frame=[0,0][1080,2392] display=[0,0][1080,2392] parentFrame=[0,0][0,0]}, relayoutAsync:false, mSyncSeqId:0
2026-04-25 17:13:22.645 16589-16589 VRI[YTLoginActivity]    com.httperry.pixelplayer.debug       D  setWindowStopped stopped:true
2026-04-25 17:13:22.650 16589-18554 BLASTBufferQueue        com.httperry.pixelplayer.debug       D  [VRI[YTLoginActivity]#3](f:0,a:2) destructor()
2026-04-25 17:13:22.650 16589-18554 BufferQueueConsumer     com.httperry.pixelplayer.debug       D  [VRI[YTLoginActivity]#3(BLAST Consumer)3](id:40cd00000003,api:0,p:-1,c:16589) disconnect
2026-04-25 17:13:22.652 16589-16589 WindowOnBackDispatcher  com.httperry.pixelplayer.debug       W  sendCancelIfRunning: isInProgress=false callback=android.app.Activity$2@d4812f7
2026-04-25 17:13:22.654 16589-16589 OplusScrollToTopManager com.httperry.pixelplayer.debug       D  com.httperry.pixelplayer.debug/com.theveloper.pixelplay.presentation.ytmusic.auth.YTLoginActivity,window dying
2026-04-25 17:13:22.654 16589-16589 OplusScrollToTopManager com.httperry.pixelplayer.debug       D  com.httperry.pixelplayer.debug/com.theveloper.pixelplay.presentation.ytmusic.auth.YTLoginActivity,unregisterSystemUIBroadcastReceiver 
2026-04-25 17:13:22.654 16589-16589 OplusScrollToTopManager com.httperry.pixelplayer.debug       D  com.httperry.pixelplayer.debug/com.theveloper.pixelplay.presentation.ytmusic.auth.YTLoginActivity, unregisterSystemUIBroadcastReceiver failed java.lang.IllegalArgumentException: Receiver not registered: android.view.OplusScrollToTopManager$2@b246243
2026-04-25 17:13:22.655 16589-16589 HWUI                    com.httperry.pixelplayer.debug       D  RenderProxy::destroy: this=0xb4000072cb976400, mContext=0xb40000744c7041c0
2026-04-25 17:13:22.655 16589-16820 HWUI                    com.httperry.pixelplayer.debug       D  SkiaOpenGLPipeline::setSurface: this=0xb4000072dc7ede40, surface=NULL
2026-04-25 17:13:22.655 16589-16589 ViewRootImpl            com.httperry.pixelplayer.debug       D  Skipping stats log for color mode
2026-04-25 17:13:23.285 16589-16651 OplusScrollToTopManager com.httperry.pixelplayer.debug       D  com.httperry.pixelplayer.debug/com.theveloper.pixelplay.MainActivity,This com.android.internal.policy.DecorView{633c98d V.E...... R....... 0,0-1080,2392 aid=0 alpha=1.0 viewInfo = }[MainActivity] change focus to true
2026-04-25 17:13:24.306 16589-16589 DynamicFra...peedAware] com.httperry.pixelplayer.debug       I  onEventHandled: info: InputEventInfo: mX = 0, mY = 0, mAction = 0, mVsyncTime = 96844115, mIsMoving = true, mUpdated = true
2026-04-25 17:13:24.306 16589-16589 IJankManager            com.httperry.pixelplayer.debug       E  slideSceneEnd unknown scene 1000 mScene:-1
2026-04-25 17:13:24.379 16589-17550 PowerHalMgrImpl         com.httperry.pixelplayer.debug       I  hdl:12898, pid:16589 
2026-04-25 17:13:24.406 16589-16589 DynamicFra...peedAware] com.httperry.pixelplayer.debug       I  onEventHandled: info: InputEventInfo: mX = 0, mY = 0, mAction = 1, mVsyncTime = 96844215, mIsMoving = false, mUpdated = true
2026-04-25 17:13:24.407 16589-16589 ScrollIdentify          com.httperry.pixelplayer.debug       I  on fling
2026-04-25 17:13:24.407 16589-16589 ViewRootImplExtImpl     com.httperry.pixelplayer.debug       D  the up motion event handled by client, just return
2026-04-25 17:13:24.663 16589-16589 DynamicFra...peedAware] com.httperry.pixelplayer.debug       I  onEventHandled: info: InputEventInfo: mX = 0, mY = 0, mAction = 0, mVsyncTime = 96844472, mIsMoving = true, mUpdated = true
2026-04-25 17:13:24.713 16589-17550 PowerHalMgrImpl         com.httperry.pixelplayer.debug       I  hdl:12902, pid:16589 
2026-04-25 17:13:24.746 16589-16589 DynamicFra...peedAware] com.httperry.pixelplayer.debug       I  onEventHandled: info: InputEventInfo: mX = 0, mY = 0, mAction = 1, mVsyncTime = 96844555, mIsMoving = false, mUpdated = true
2026-04-25 17:13:24.746 16589-16589 ScrollIdentify          com.httperry.pixelplayer.debug       I  on fling
2026-04-25 17:13:24.747 16589-16589 ViewRootImplExtImpl     com.httperry.pixelplayer.debug       D  the up motion event handled by client, just return
2026-04-25 17:13:25.236 16589-16589 DynamicFra...peedAware] com.httperry.pixelplayer.debug       I  onEventHandled: info: InputEventInfo: mX = 0, mY = 0, mAction = 0, mVsyncTime = 96845045, mIsMoving = true, mUpdated = true
2026-04-25 17:13:25.349 16589-16589 DynamicFra...peedAware] com.httperry.pixelplayer.debug       I  onEventHandled: info: InputEventInfo: mX = 0, mY = 0, mAction = 1, mVsyncTime = 96845157, mIsMoving = false, mUpdated = true
2026-04-25 17:13:25.353 16589-16589 ViewRootImplExtImpl     com.httperry.pixelplayer.debug       D  the up motion event handled by client, just return
2026-04-25 17:13:25.385 16589-16625 xelplayer.debug         com.httperry.pixelplayer.debug       I  Compiler allocated 5819KB to compile void com.theveloper.pixelplay.presentation.components.UnifiedPlayerSheetV2Kt.UnifiedPlayerSheetV2-aC-nel8(com.theveloper.pixelplay.presentation.viewmodel.PlayerViewModel, float, float, float, androidx.navigation.NavHostController, boolean, boolean, androidx.compose.runtime.Composer, int, int)
2026-04-25 17:13:25.478 16589-16820 skia                    com.httperry.pixelplayer.debug       D  GrGLProgramBuilder::finalize record cache_miss hashCode 1751003040, cacheMissCost 8
2026-04-25 17:13:25.478 16589-16820 skia                    com.httperry.pixelplayer.debug       D  ProgramCache::findOrCreateProgramImpl index 71, hash 1751003040, cacheCost 8, cacheList.size 1.
2026-04-25 17:13:26.090 16589-16589 DynamicFra...peedAware] com.httperry.pixelplayer.debug       I  onEventHandled: info: InputEventInfo: mX = 0, mY = 0, mAction = 0, mVsyncTime = 96845899, mIsMoving = true, mUpdated = true
2026-04-25 17:13:26.090 16589-16589 IJankManager            com.httperry.pixelplayer.debug       E  slideSceneEnd unknown scene 1000 mScene:-1
2026-04-25 17:13:26.146 16589-17550 PowerHalMgrImpl         com.httperry.pixelplayer.debug       I  hdl:12906, pid:16589 
2026-04-25 17:13:26.169 16589-16589 DynamicFra...peedAware] com.httperry.pixelplayer.debug       I  onEventHandled: info: InputEventInfo: mX = 0, mY = 0, mAction = 1, mVsyncTime = 96845979, mIsMoving = false, mUpdated = true
2026-04-25 17:13:26.170 16589-16589 ScrollIdentify          com.httperry.pixelplayer.debug       I  on fling
2026-04-25 17:13:26.171 16589-16589 ViewRootImplExtImpl     com.httperry.pixelplayer.debug       D  the up motion event handled by client, just return
2026-04-25 17:13:26.597 16589-16589 DynamicFra...peedAware] com.httperry.pixelplayer.debug       I  onEventHandled: info: InputEventInfo: mX = 0, mY = 0, mAction = 0, mVsyncTime = 96846406, mIsMoving = true, mUpdated = true
2026-04-25 17:13:26.691 16589-16589 DynamicFra...peedAware] com.httperry.pixelplayer.debug       I  onEventHandled: info: InputEventInfo: mX = 0, mY = 0, mAction = 1, mVsyncTime = 96846500, mIsMoving = false, mUpdated = true
2026-04-25 17:13:26.693 16589-16589 ViewRootImplExtImpl     com.httperry.pixelplayer.debug       D  the up motion event handled by client, just return
2026-04-25 17:13:26.725 16589-16589 WindowOnBackDispatcher  com.httperry.pixelplayer.debug       W  sendCancelIfRunning: isInProgress=false callback=androidx.activity.OnBackPressedDispatcher$Api34Impl$createOnBackAnimationCallback$1@f2e34a2
2026-04-25 17:13:26.842 16589-16820 skia                    com.httperry.pixelplayer.debug       D  GrGLProgramBuilder::finalize record cache_miss hashCode 3903277279, cacheMissCost 9
2026-04-25 17:13:26.842 16589-16820 skia                    com.httperry.pixelplayer.debug       D  ProgramCache::findOrCreateProgramImpl index 72, hash 3903277279, cacheCost 9, cacheList.size 1.
2026-04-25 17:13:27.290 16589-16589 DynamicFra...peedAware] com.httperry.pixelplayer.debug       I  onEventHandled: info: InputEventInfo: mX = 0, mY = 0, mAction = 0, mVsyncTime = 96847099, mIsMoving = true, mUpdated = true
2026-04-25 17:13:27.290 16589-16589 IJankManager            com.httperry.pixelplayer.debug       E  slideSceneEnd unknown scene 1000 mScene:-1
2026-04-25 17:13:27.341 16589-17550 PowerHalMgrImpl         com.httperry.pixelplayer.debug       I  hdl:12909, pid:16589 
2026-04-25 17:13:27.369 16589-16589 DynamicFra...peedAware] com.httperry.pixelplayer.debug       I  onEventHandled: info: InputEventInfo: mX = 0, mY = 0, mAction = 1, mVsyncTime = 96847178, mIsMoving = false, mUpdated = true
2026-04-25 17:13:27.370 16589-16589 ScrollIdentify          com.httperry.pixelplayer.debug       I  on fling
2026-04-25 17:13:27.370 16589-16589 ViewRootImplExtImpl     com.httperry.pixelplayer.debug       D  the up motion event handled by client, just return
2026-04-25 17:13:27.917 16589-16589 DynamicFra...peedAware] com.httperry.pixelplayer.debug       I  onEventHandled: info: InputEventInfo: mX = 0, mY = 0, mAction = 0, mVsyncTime = 96847726, mIsMoving = true, mUpdated = true
2026-04-25 17:13:27.973 16589-17550 PowerHalMgrImpl         com.httperry.pixelplayer.debug       I  hdl:12913, pid:16589 
2026-04-25 17:13:27.988 16589-16589 DynamicFra...peedAware] com.httperry.pixelplayer.debug       I  onEventHandled: info: InputEventInfo: mX = 0, mY = 0, mAction = 1, mVsyncTime = 96847797, mIsMoving = false, mUpdated = true
2026-04-25 17:13:27.990 16589-16589 ScrollIdentify          com.httperry.pixelplayer.debug       I  on fling
2026-04-25 17:13:27.990 16589-16589 ViewRootImplExtImpl     com.httperry.pixelplayer.debug       D  the up motion event handled by client, just return
2026-04-25 17:13:28.553 16589-16589 DynamicFra...peedAware] com.httperry.pixelplayer.debug       I  onEventHandled: info: InputEventInfo: mX = 0, mY = 0, mAction = 0, mVsyncTime = 96848362, mIsMoving = true, mUpdated = true
2026-04-25 17:13:28.629 16589-17550 PowerHalMgrImpl         com.httperry.pixelplayer.debug       I  hdl:12917, pid:16589 
2026-04-25 17:13:28.665 16589-16589 DynamicFra...peedAware] com.httperry.pixelplayer.debug       I  onEventHandled: info: InputEventInfo: mX = 0, mY = 0, mAction = 1, mVsyncTime = 96848474, mIsMoving = false, mUpdated = true
2026-04-25 17:13:28.666 16589-16589 ScrollIdentify          com.httperry.pixelplayer.debug       I  on fling
2026-04-25 17:13:28.666 16589-16589 ViewRootImplExtImpl     com.httperry.pixelplayer.debug       D  the up motion event handled by client, just return
2026-04-25 17:13:28.826 16589-16589 DynamicFra...peedAware] com.httperry.pixelplayer.debug       I  onEventHandled: info: InputEventInfo: mX = 0, mY = 0, mAction = 0, mVsyncTime = 96848635, mIsMoving = true, mUpdated = true
2026-04-25 17:13:28.876 16589-17550 PowerHalMgrImpl         com.httperry.pixelplayer.debug       I  hdl:12920, pid:16589 
2026-04-25 17:13:28.907 16589-16589 DynamicFra...peedAware] com.httperry.pixelplayer.debug       I  onEventHandled: info: InputEventInfo: mX = 0, mY = 0, mAction = 1, mVsyncTime = 96848716, mIsMoving = false, mUpdated = true
2026-04-25 17:13:28.907 16589-16589 VelocityTracker         com.httperry.pixelplayer.debug       I  LSQ2 speed rezero
2026-04-25 17:13:28.907 16589-16589 VelocityTracker         com.httperry.pixelplayer.debug       I  LSQ2 speed rezero
2026-04-25 17:13:28.907 16589-16589 ScrollIdentify          com.httperry.pixelplayer.debug       I  on fling
2026-04-25 17:13:28.908 16589-16589 VelocityTracker         com.httperry.pixelplayer.debug       I  LSQ2 speed rezero
2026-04-25 17:13:28.908 16589-16589 ViewRootImplExtImpl     com.httperry.pixelplayer.debug       D  the up motion event handled by client, just return
2026-04-25 17:13:29.268 16589-16589 VRI[MainActivity]       com.httperry.pixelplayer.debug       D  onFocusEvent false
2026-04-25 17:13:29.286 16589-16589 VRI[MainActivity]       com.httperry.pixelplayer.debug       W  handleResized abandoned!
2026-04-25 17:13:29.312 16589-16820 skia                    com.httperry.pixelplayer.debug       D  GrGpu::writePixels takes 2
2026-04-25 17:13:29.314 16589-16820 skia                    com.httperry.pixelplayer.debug       D  GrGpu::writePixels takes 1
2026-04-25 17:13:30.271 16589-16651 OplusScrollToTopManager com.httperry.pixelplayer.debug       D  com.httperry.pixelplayer.debug/com.theveloper.pixelplay.MainActivity,This com.android.internal.policy.DecorView{633c98d V.E...... R....... 0,0-1080,2392 aid=0 alpha=1.0 viewInfo = }[MainActivity] change focus to false
2026-04-25 17:13:35.027 16589-16589 VRI[MainActivity]       com.httperry.pixelplayer.debug       D  onFocusEvent true
2026-04-25 17:13:35.039 16589-16589 InsetsController        com.httperry.pixelplayer.debug       D  hide(ime(), fromIme=false)
2026-04-25 17:13:35.039 16589-16589 ImeTracker              com.httperry.pixelplayer.debug       I  com.httperry.pixelplayer.debug:9a4c1a49: onCancelled at PHASE_CLIENT_ALREADY_HIDDEN
2026-04-25 17:13:35.729 16589-16589 VRI[MainActivity]       com.httperry.pixelplayer.debug       D  onFocusEvent false
2026-04-25 17:13:35.743 16589-16589 VRI[MainActivity]       com.httperry.pixelplayer.debug       W  handleResized abandoned!
2026-04-25 17:13:36.269 16589-17142 YTMusicRepository       com.httperry.pixelplayer.debug       E  History failed: Not connected (timeout waiting for Python server) (Fix with AI)
                                                                                                    java.lang.Exception: Not connected (timeout waiting for Python server)
                                                                                                    	at com.theveloper.pixelplay.data.network.ytmusic.YTMusicWebSocketClient.sendRequest-0E7RQCE(YTMusicWebSocketClient.kt:198)
                                                                                                    	at com.theveloper.pixelplay.data.network.ytmusic.YTMusicWebSocketClient.access$sendRequest-0E7RQCE(YTMusicWebSocketClient.kt:33)
                                                                                                    	at com.theveloper.pixelplay.data.network.ytmusic.YTMusicWebSocketClient$sendRequest$1.invokeSuspend(Unknown Source:15)
                                                                                                    	at kotlin.coroutines.jvm.internal.BaseContinuationImpl.resumeWith(ContinuationImpl.kt:34)
                                                                                                    	at kotlinx.coroutines.internal.ScopeCoroutine.afterResume(Scopes.kt:28)
                                                                                                    	at kotlinx.coroutines.AbstractCoroutine.resumeWith(AbstractCoroutine.kt:100)
                                                                                                    	at kotlin.coroutines.jvm.internal.BaseContinuationImpl.resumeWith(ContinuationImpl.kt:47)
                                                                                                    	at kotlinx.coroutines.DispatchedTask.run(DispatchedTask.kt:99)
                                                                                                    	at kotlinx.coroutines.internal.LimitedDispatcher$Worker.run(LimitedDispatcher.kt:113)
                                                                                                    	at kotlinx.coroutines.scheduling.TaskImpl.run(Tasks.kt:89)
                                                                                                    	at kotlinx.coroutines.scheduling.CoroutineScheduler.runSafely(CoroutineScheduler.kt:589)
                                                                                                    	at kotlinx.coroutines.scheduling.CoroutineScheduler$Worker.executeTask(CoroutineScheduler.kt:823)
                                                                                                    	at kotlinx.coroutines.scheduling.CoroutineScheduler$Worker.runWorker(CoroutineScheduler.kt:720)
                                                                                                    	at kotlinx.coroutines.scheduling.CoroutineScheduler$Worker.run(CoroutineScheduler.kt:707)
2026-04-25 17:13:36.735 16589-16651 OplusScrollToTopManager com.httperry.pixelplayer.debug       D  com.httperry.pixelplayer.debug/com.theveloper.pixelplay.MainActivity,This com.android.internal.policy.DecorView{633c98d V.E...... R....... 0,0-1080,2392 aid=0 alpha=1.0 viewInfo = }[MainActivity] change focus to false
2026-04-25 17:13:38.856 16589-16589 VRI[MainActivity]       com.httperry.pixelplayer.debug       D  onFocusEvent true
2026-04-25 17:13:38.859 16589-16589 InsetsController        com.httperry.pixelplayer.debug       D  hide(ime(), fromIme=false)
2026-04-25 17:13:38.859 16589-16589 ImeTracker              com.httperry.pixelplayer.debug       I  com.httperry.pixelplayer.debug:45a92809: onCancelled at PHASE_CLIENT_ALREADY_HIDDEN
2026-04-25 17:13:39.153 16589-16589 VRI[MainActivity]       com.httperry.pixelplayer.debug       D  onFocusEvent false
2026-04-25 17:13:40.059 16589-16589 VRI[MainActivity]       com.httperry.pixelplayer.debug       D  setWindowStopped stopped:true
2026-04-25 17:13:40.081 16589-16589 AppVisibilityProxy      com.httperry.pixelplayer.debug       I  onAppEnteredBackground
2026-04-25 17:13:40.083 16589-16589 MainActivity            com.httperry.pixelplayer.debug       D  [main] - onStop
2026-04-25 17:13:40.090 16589-16589 MediaController         com.httperry.pixelplayer.debug       I  Release 8d0ed3 [AndroidXMedia3/1.9.2] [OP613BL1, CPH2717, OnePlus, 36] [media3.common, media3.exoplayer, media3.decoder, media3.database, media3.session]
2026-04-25 17:13:40.125 16589-16589 HWUI                    com.httperry.pixelplayer.debug       D  RenderProxy::destroy: this=0xb40000730e08f100, mContext=0xb40000730dd1aa80
2026-04-25 17:13:40.125 16589-16820 HWUI                    com.httperry.pixelplayer.debug       D  SkiaOpenGLPipeline::setSurface: this=0xb4000073c061d2c0, surface=NULL
2026-04-25 17:13:40.132 16589-16820 BLASTBufferQueue        com.httperry.pixelplayer.debug       D  [VRI[MainActivity]#4](f:0,a:2) destructor()
2026-04-25 17:13:40.132 16589-16820 BufferQueueConsumer     com.httperry.pixelplayer.debug       D  [VRI[MainActivity]#4(BLAST Consumer)4](id:40cd00000004,api:0,p:-1,c:16589) disconnect
2026-04-25 17:13:40.134 16589-16589 ViewRootImplExtImpl     com.httperry.pixelplayer.debug       D  wrapConfigInfoIntoFlags rotation=0, smallestScreenWidthDp=360, residentWS=false, scenario=0, bounds=Rect(0, 0 - 1080, 2392), relayoutAsync=false, flags=0, newFlags=1254108416, title=com.httperry.pixelplayer.debug/com.theveloper.pixelplay.MainActivity
