2026-04-28 17:35:53.133  1284-1284  SurfaceFlinger          surfaceflinger                       E  Out of order buffers detected for RequestedLayerState{com.httperry.pixelplayer.debug/com.theveloper.pixelplay.MainActivity#33850 parentId=33849} producedId=2 frameNumber=5560 -> producedId=2 frameNumber=2218
2026-04-28 17:35:53.149  1284-1284  SurfaceFlinger          surfaceflinger                       E  Out of order buffers detected for RequestedLayerState{com.httperry.pixelplayer.debug/com.theveloper.pixelplay.MainActivity#33850 parentId=33849} producedId=2 frameNumber=5560 -> producedId=2 frameNumber=2219
2026-04-28 17:35:53.165 25417-27782 PipelineWatcher         com.httperry.pixelplayer.debug       D  [0xb4000072fc7c0808] pipelineFull: too many frames in pipeline (4)
2026-04-28 17:35:53.166  1284-1284  SurfaceFlinger          surfaceflinger                       E  Out of order buffers detected for RequestedLayerState{com.httperry.pixelplayer.debug/com.theveloper.pixelplay.MainActivity#33850 parentId=33849} producedId=2 frameNumber=5560 -> producedId=2 frameNumber=2220
2026-04-28 17:35:53.182  1284-1284  SurfaceFlinger          surfaceflinger                       E  Out of order buffers detected for RequestedLayerState{com.httperry.pixelplayer.debug/com.theveloper.pixelplay.MainActivity#33850 parentId=33849} producedId=2 frameNumber=5560 -> producedId=2 frameNumber=2221
2026-04-28 17:35:53.199  1284-1284  SurfaceFlinger          surfaceflinger                       E  Out of order buffers detected for RequestedLayerState{com.httperry.pixelplayer.debug/com.theveloper.pixelplay.MainActivity#33850 parentId=33849} producedId=2 frameNumber=5560 -> producedId=2 frameNumber=2222
2026-04-28 17:35:53.216  1284-1284  SurfaceFlinger          surfaceflinger                       E  Out of order buffers detected for RequestedLayerState{com.httperry.pixelplayer.debug/com.theveloper.pixelplay.MainActivity#33850 parentId=33849} producedId=2 frameNumber=5560 -> producedId=2 frameNumber=2223
2026-04-28 17:35:53.233  1284-1284  SurfaceFlinger          surfaceflinger                       E  Out of order buffers detected for RequestedLayerState{com.httperry.pixelplayer.debug/com.theveloper.pixelplay.MainActivity#33850 parentId=33849} producedId=2 frameNumber=5560 -> producedId=2 frameNumber=2224
2026-04-28 17:35:53.250  1284-1284  SurfaceFlinger          surfaceflinger                       E  Out of order buffers detected for RequestedLayerState{com.httperry.pixelplayer.debug/com.theveloper.pixelplay.MainActivity#33850 parentId=33849} producedId=2 frameNumber=5560 -> producedId=2 frameNumber=2225
2026-04-28 17:35:53.266  1284-1284  SurfaceFlinger          surfaceflinger                       E  Out of order buffers detected for RequestedLayerState{com.httperry.pixelplayer.debug/com.theveloper.pixelplay.MainActivity#33850 parentId=33849} producedId=2 frameNumber=5560 -> producedId=2 frameNumber=2226
2026-04-28 17:35:53.279 25417-27782 PipelineWatcher         com.httperry.pixelplayer.debug       D  [0xb4000072fc7c0808] pipelineFull: too many frames in pipeline (4)
2026-04-28 17:35:53.282  1284-1284  SurfaceFlinger          surfaceflinger                       E  Out of order buffers detected for RequestedLayerState{com.httperry.pixelplayer.debug/com.theveloper.pixelplay.MainActivity#33850 parentId=33849} producedId=2 frameNumber=5560 -> producedId=2 frameNumber=2227
2026-04-28 17:35:53.299  1284-1284  SurfaceFlinger          surfaceflinger                       E  Out of order buffers detected for RequestedLayerState{com.httperry.pixelplayer.debug/com.theveloper.pixelplay.MainActivity#33850 parentId=33849} producedId=2 frameNumber=5560 -> producedId=2 frameNumber=2228
2026-04-28 17:35:53.316  1284-1284  SurfaceFlinger          surfaceflinger                       E  Out of order buffers detected for RequestedLayerState{com.httperry.pixelplayer.debug/com.theveloper.pixelplay.MainActivity#33850 parentId=33849} producedId=2 frameNumber=5560 -> producedId=2 frameNumber=2229
2026-04-28 17:35:53.332  1284-1284  SurfaceFlinger          surfaceflinger                       E  Out of order buffers detected for RequestedLayerState{com.httperry.pixelplayer.debug/com.theveloper.pixelplay.MainActivity#33850 parentId=33849} producedId=2 frameNumber=5560 -> producedId=2 frameNumber=2230
2026-04-28 17:35:53.349  1284-1284  SurfaceFlinger          surfaceflinger                       E  Out of order buffers detected for RequestedLayerState{com.httperry.pixelplayer.debug/com.theveloper.pixelplay.MainActivity#33850 parentId=33849} producedId=2 frameNumber=5560 -> producedId=2 frameNumber=2231
2026-04-28 17:35:53.366  1284-1284  SurfaceFlinger          surfaceflinger                       E  Out of order buffers detected for RequestedLayerState{com.httperry.pixelplayer.debug/com.theveloper.pixelplay.MainActivity#33850 parentId=33849} producedId=2 frameNumber=5560 -> producedId=2 frameNumber=2232
2026-04-28 17:35:53.382  1284-1284  SurfaceFlinger          surfaceflinger                       E  Out of order buffers detected for RequestedLayerState{com.httperry.pixelplayer.debug/com.theveloper.pixelplay.MainActivity#33850 parentId=33849} producedId=2 frameNumber=5560 -> producedId=2 frameNumber=2233
2026-04-28 17:35:53.399  1284-1284  SurfaceFlinger          surfaceflinger                       E  Out of order buffers detected for RequestedLayerState{com.httperry.pixelplayer.debug/com.theveloper.pixelplay.MainActivity#33850 parentId=33849} producedId=2 frameNumber=5560 -> producedId=2 frameNumber=2234
2026-04-28 17:35:53.403 25417-27782 PipelineWatcher         com.httperry.pixelplayer.debug       D  [0xb4000072fc7c0808] pipelineFull: too many frames in pipeline (4)
2026-04-28 17:35:53.416  1284-1284  SurfaceFlinger          surfaceflinger                       E  Out of order buffers detected for RequestedLayerState{com.httperry.pixelplayer.debug/com.theveloper.pixelplay.MainActivity#33850 parentId=33849} producedId=2 frameNumber=5560 -> producedId=2 frameNumber=2235
2026-04-28 17:35:53.432  1284-1284  SurfaceFlinger          surfaceflinger                       E  Out of order buffers detected for RequestedLayerState{com.httperry.pixelplayer.debug/com.theveloper.pixelplay.MainActivity#33850 parentId=33849} producedId=2 frameNumber=5560 -> producedId=2 frameNumber=2236
2026-04-28 17:35:53.450  1284-1284  SurfaceFlinger          surfaceflinger                       E  Out of order buffers detected for RequestedLayerState{com.httperry.pixelplayer.debug/com.theveloper.pixelplay.MainActivity#33850 parentId=33849} producedId=2 frameNumber=5560 -> producedId=2 frameNumber=2237
2026-04-28 17:35:53.466  1284-1284  SurfaceFlinger          surfaceflinger                       E  Out of order buffers detected for RequestedLayerState{com.httperry.pixelplayer.debug/com.theveloper.pixelplay.MainActivity#33850 parentId=33849} producedId=2 frameNumber=5560 -> producedId=2 frameNumber=2238
2026-04-28 17:35:53.468 25417-27782 PipelineWatcher         com.httperry.pixelplayer.debug       D  [0xb4000072fc7c0808] pipelineFull: too many frames in pipeline (4)
2026-04-28 17:35:53.482  1284-1284  SurfaceFlinger          surfaceflinger                       E  Out of order buffers detected for RequestedLayerState{com.httperry.pixelplayer.debug/com.theveloper.pixelplay.MainActivity#33850 parentId=33849} producedId=2 frameNumber=5560 -> producedId=2 frameNumber=2239
2026-04-28 17:35:53.498  1284-1284  SurfaceFlinger          surfaceflinger                       E  Out of order buffers detected for RequestedLayerState{com.httperry.pixelplayer.debug/com.theveloper.pixelplay.MainActivity#33850 parentId=33849} producedId=2 frameNumber=5560 -> producedId=2 frameNumber=2240
2026-04-28 17:35:53.515  1284-1284  SurfaceFlinger          surfaceflinger                       E  Out of order buffers detected for RequestedLayerState{com.httperry.pixelplayer.debug/com.theveloper.pixelplay.MainActivity#33850 parentId=33849} producedId=2 frameNumber=5560 -> producedId=2 frameNumber=2241
2026-04-28 17:35:53.532  1284-1284  SurfaceFlinger          surfaceflinger                       E  Out of order buffers detected for RequestedLayerState{com.httperry.pixelplayer.debug/com.theveloper.pixelplay.MainActivity#33850 parentId=33849} producedId=2 frameNumber=5560 -> producedId=2 frameNumber=2242
2026-04-28 17:35:53.548  1284-1284  SurfaceFlinger          surfaceflinger                       E  Out of order buffers detected for RequestedLayerState{com.httperry.pixelplayer.debug/com.theveloper.pixelplay.MainActivity#33850 parentId=33849} producedId=2 frameNumber=5560 -> producedId=2 frameNumber=2243
2026-04-28 17:35:53.565  1284-1284  SurfaceFlinger          surfaceflinger                       E  Out of order buffers detected for RequestedLayerState{com.httperry.pixelplayer.debug/com.theveloper.pixelplay.MainActivity#33850 parentId=33849} producedId=2 frameNumber=5560 -> producedId=2 frameNumber=2244
2026-04-28 17:35:53.582  1284-1284  SurfaceFlinger          surfaceflinger                       E  Out of order buffers detected for RequestedLayerState{com.httperry.pixelplayer.debug/com.theveloper.pixelplay.MainActivity#33850 parentId=33849} producedId=2 frameNumber=5560 -> producedId=2 frameNumber=2245
2026-04-28 17:35:53.599  1284-1284  SurfaceFlinger          surfaceflinger                       E  Out of order buffers detected for RequestedLayerState{com.httperry.pixelplayer.debug/com.theveloper.pixelplay.MainActivity#33850 parentId=33849} producedId=2 frameNumber=5560 -> producedId=2 frameNumber=2246
2026-04-28 17:35:53.615  1284-1284  SurfaceFlinger          surfaceflinger                       E  Out of order buffers detected for RequestedLayerState{com.httperry.pixelplayer.debug/com.theveloper.pixelplay.MainActivity#33850 parentId=33849} producedId=2 frameNumber=5560 -> producedId=2 frameNumber=2247
2026-04-28 17:35:53.631  1284-1284  SurfaceFlinger          surfaceflinger                       E  Out of order buffers detected for RequestedLayerState{com.httperry.pixelplayer.debug/com.theveloper.pixelplay.MainActivity#33850 parentId=33849} producedId=2 frameNumber=5560 -> producedId=2 frameNumber=2248
2026-04-28 17:35:53.648  1284-1284  SurfaceFlinger          surfaceflinger                       E  Out of order buffers detected for RequestedLayerState{com.httperry.pixelplayer.debug/com.theveloper.pixelplay.MainActivity#33850 parentId=33849} producedId=2 frameNumber=5560 -> producedId=2 frameNumber=2249
2026-04-28 17:35:53.665  1284-1284  SurfaceFlinger          surfaceflinger                       E  Out of order buffers detected for RequestedLayerState{com.httperry.pixelplayer.debug/com.theveloper.pixelplay.MainActivity#33850 parentId=33849} producedId=2 frameNumber=5560 -> producedId=2 frameNumber=2250
2026-04-28 17:35:53.682  1284-1284  SurfaceFlinger          surfaceflinger                       E  Out of order buffers detected for RequestedLayerState{com.httperry.pixelplayer.debug/com.theveloper.pixelplay.MainActivity#33850 parentId=33849} producedId=2 frameNumber=5560 -> producedId=2 frameNumber=2251
2026-04-28 17:35:53.698  1284-1284  SurfaceFlinger          surfaceflinger                       E  Out of order buffers detected for RequestedLayerState{com.httperry.pixelplayer.debug/com.theveloper.pixelplay.MainActivity#33850 parentId=33849} producedId=2 frameNumber=5560 -> producedId=2 frameNumber=2252
2026-04-28 17:35:53.715  1284-1284  SurfaceFlinger          surfaceflinger                       E  Out of order buffers detected for RequestedLayerState{com.httperry.pixelplayer.debug/com.theveloper.pixelplay.MainActivity#33850 parentId=33849} producedId=2 frameNumber=5560 -> producedId=2 frameNumber=2253
2026-04-28 17:35:53.731  1284-1284  SurfaceFlinger          surfaceflinger                       E  Out of order buffers detected for RequestedLayerState{com.httperry.pixelplayer.debug/com.theveloper.pixelplay.MainActivity#33850 parentId=33849} producedId=2 frameNumber=5560 -> producedId=2 frameNumber=2254
2026-04-28 17:35:53.748  1284-1284  SurfaceFlinger          surfaceflinger                       E  Out of order buffers detected for RequestedLayerState{com.httperry.pixelplayer.debug/com.theveloper.pixelplay.MainActivity#33850 parentId=33849} producedId=2 frameNumber=5560 -> producedId=2 frameNumber=2255
2026-04-28 17:35:53.765  1284-1284  SurfaceFlinger          surfaceflinger                       E  Out of order buffers detected for RequestedLayerState{com.httperry.pixelplayer.debug/com.theveloper.pixelplay.MainActivity#33850 parentId=33849} producedId=2 frameNumber=5560 -> producedId=2 frameNumber=2256
2026-04-28 17:35:53.781  1284-1284  SurfaceFlinger          surfaceflinger                       E  Out of order buffers detected for RequestedLayerState{com.httperry.pixelplayer.debug/com.theveloper.pixelplay.MainActivity#33850 parentId=33849} producedId=2 frameNumber=5560 -> producedId=2 frameNumber=2257
2026-04-28 17:35:53.798  1284-1284  SurfaceFlinger          surfaceflinger                       E  Out of order buffers detected for RequestedLayerState{com.httperry.pixelplayer.debug/com.theveloper.pixelplay.MainActivity#33850 parentId=33849} producedId=2 frameNumber=5560 -> producedId=2 frameNumber=2258
2026-04-28 17:35:53.815  1284-1284  SurfaceFlinger          surfaceflinger                       E  Out of order buffers detected for RequestedLayerState{com.httperry.pixelplayer.debug/com.theveloper.pixelplay.MainActivity#33850 parentId=33849} producedId=2 frameNumber=5560 -> producedId=2 frameNumber=2259
2026-04-28 17:35:53.831  1284-1284  SurfaceFlinger          surfaceflinger                       E  Out of order buffers detected for RequestedLayerState{com.httperry.pixelplayer.debug/com.theveloper.pixelplay.MainActivity#33850 parentId=33849} producedId=2 frameNumber=5560 -> producedId=2 frameNumber=2260
2026-04-28 17:35:53.848  1284-1284  SurfaceFlinger          surfaceflinger                       E  Out of order buffers detected for RequestedLayerState{com.httperry.pixelplayer.debug/com.theveloper.pixelplay.MainActivity#33850 parentId=33849} producedId=2 frameNumber=5560 -> producedId=2 frameNumber=2261
2026-04-28 17:35:53.864  1284-1284  SurfaceFlinger          surfaceflinger                       E  Out of order buffers detected for RequestedLayerState{com.httperry.pixelplayer.debug/com.theveloper.pixelplay.MainActivity#33850 parentId=33849} producedId=2 frameNumber=5560 -> producedId=2 frameNumber=2262
2026-04-28 17:35:53.881  1284-1284  SurfaceFlinger          surfaceflinger                       E  Out of order buffers detected for RequestedLayerState{com.httperry.pixelplayer.debug/com.theveloper.pixelplay.MainActivity#33850 parentId=33849} producedId=2 frameNumber=5560 -> producedId=2 frameNumber=2263
2026-04-28 17:35:53.898  1284-1284  SurfaceFlinger          surfaceflinger                       E  Out of order buffers detected for RequestedLayerState{com.httperry.pixelplayer.debug/com.theveloper.pixelplay.MainActivity#33850 parentId=33849} producedId=2 frameNumber=5560 -> producedId=2 frameNumber=2264
2026-04-28 17:35:53.900 25417-27782 PipelineWatcher         com.httperry.pixelplayer.debug       D  [0xb4000072fc7c0808] pipelineFull: too many frames in pipeline (4)
2026-04-28 17:35:53.915  1284-1284  SurfaceFlinger          surfaceflinger                       E  Out of order buffers detected for RequestedLayerState{com.httperry.pixelplayer.debug/com.theveloper.pixelplay.MainActivity#33850 parentId=33849} producedId=2 frameNumber=5560 -> producedId=2 frameNumber=2265
2026-04-28 17:35:53.931  1284-1284  SurfaceFlinger          surfaceflinger                       E  Out of order buffers detected for RequestedLayerState{com.httperry.pixelplayer.debug/com.theveloper.pixelplay.MainActivity#33850 parentId=33849} producedId=2 frameNumber=5560 -> producedId=2 frameNumber=2266
2026-04-28 17:35:53.948  1284-1284  SurfaceFlinger          surfaceflinger                       E  Out of order buffers detected for RequestedLayerState{com.httperry.pixelplayer.debug/com.theveloper.pixelplay.MainActivity#33850 parentId=33849} producedId=2 frameNumber=5560 -> producedId=2 frameNumber=2267
2026-04-28 17:35:53.964  1284-1284  SurfaceFlinger          surfaceflinger                       E  Out of order buffers detected for RequestedLayerState{com.httperry.pixelplayer.debug/com.theveloper.pixelplay.MainActivity#33850 parentId=33849} producedId=2 frameNumber=5560 -> producedId=2 frameNumber=2268
2026-04-28 17:35:53.981  1284-1284  SurfaceFlinger          surfaceflinger                       E  Out of order buffers detected for RequestedLayerState{com.httperry.pixelplayer.debug/com.theveloper.pixelplay.MainActivity#33850 parentId=33849} producedId=2 frameNumber=5560 -> producedId=2 frameNumber=2269
2026-04-28 17:35:53.997  1284-1284  SurfaceFlinger          surfaceflinger                       E  Out of order buffers detected for RequestedLayerState{com.httperry.pixelplayer.debug/com.theveloper.pixelplay.MainActivity#33850 parentId=33849} producedId=2 frameNumber=5560 -> producedId=2 frameNumber=2270
2026-04-28 17:35:54.014  1284-1284  SurfaceFlinger          surfaceflinger                       E  Out of order buffers detected for RequestedLayerState{com.httperry.pixelplayer.debug/com.theveloper.pixelplay.MainActivity#33850 parentId=33849} producedId=2 frameNumber=5560 -> producedId=2 frameNumber=2271
2026-04-28 17:35:54.031  1284-1284  SurfaceFlinger          surfaceflinger                       E  Out of order buffers detected for RequestedLayerState{com.httperry.pixelplayer.debug/com.theveloper.pixelplay.MainActivity#33850 parentId=33849} producedId=2 frameNumber=5560 -> producedId=2 frameNumber=2272
2026-04-28 17:35:54.048  1284-1284  SurfaceFlinger          surfaceflinger                       E  Out of order buffers detected for RequestedLayerState{com.httperry.pixelplayer.debug/com.theveloper.pixelplay.MainActivity#33850 parentId=33849} producedId=2 frameNumber=5560 -> producedId=2 frameNumber=2273
2026-04-28 17:35:54.064  1284-1284  SurfaceFlinger          surfaceflinger                       E  Out of order buffers detected for RequestedLayerState{com.httperry.pixelplayer.debug/com.theveloper.pixelplay.MainActivity#33850 parentId=33849} producedId=2 frameNumber=5560 -> producedId=2 frameNumber=2274
2026-04-28 17:35:54.067 25417-27782 PipelineWatcher         com.httperry.pixelplayer.debug       D  [0xb4000072fc7c0808] pipelineFull: too many frames in pipeline (4)
2026-04-28 17:35:54.081  1284-1284  SurfaceFlinger          surfaceflinger                       E  Out of order buffers detected for RequestedLayerState{com.httperry.pixelplayer.debug/com.theveloper.pixelplay.MainActivity#33850 parentId=33849} producedId=2 frameNumber=5560 -> producedId=2 frameNumber=2275
2026-04-28 17:35:54.097  1284-1284  SurfaceFlinger          surfaceflinger                       E  Out of order buffers detected for RequestedLayerState{com.httperry.pixelplayer.debug/com.theveloper.pixelplay.MainActivity#33850 parentId=33849} producedId=2 frameNumber=5560 -> producedId=2 frameNumber=2276
2026-04-28 17:35:54.114  1284-1284  SurfaceFlinger          surfaceflinger                       E  Out of order buffers detected for RequestedLayerState{com.httperry.pixelplayer.debug/com.theveloper.pixelplay.MainActivity#33850 parentId=33849} producedId=2 frameNumber=5560 -> producedId=2 frameNumber=2277
2026-04-28 17:35:54.131  1284-1284  SurfaceFlinger          surfaceflinger                       E  Out of order buffers detected for RequestedLayerState{com.httperry.pixelplayer.debug/com.theveloper.pixelplay.MainActivity#33850 parentId=33849} producedId=2 frameNumber=5560 -> producedId=2 frameNumber=2278
2026-04-28 17:35:54.145 25417-27782 PipelineWatcher         com.httperry.pixelplayer.debug       D  [0xb4000072fc7c0808] pipelineFull: too many frames in pipeline (4)
2026-04-28 17:35:54.147  1284-1284  SurfaceFlinger          surfaceflinger                       E  Out of order buffers detected for RequestedLayerState{com.httperry.pixelplayer.debug/com.theveloper.pixelplay.MainActivity#33850 parentId=33849} producedId=2 frameNumber=5560 -> producedId=2 frameNumber=2279
2026-04-28 17:35:54.164  1284-1284  SurfaceFlinger          surfaceflinger                       E  Out of order buffers detected for RequestedLayerState{com.httperry.pixelplayer.debug/com.theveloper.pixelplay.MainActivity#33850 parentId=33849} producedId=2 frameNumber=5560 -> producedId=2 frameNumber=2280
2026-04-28 17:35:54.180  1284-1284  SurfaceFlinger          surfaceflinger                       E  Out of order buffers detected for RequestedLayerState{com.httperry.pixelplayer.debug/com.theveloper.pixelplay.MainActivity#33850 parentId=33849} producedId=2 frameNumber=5560 -> producedId=2 frameNumber=2281
2026-04-28 17:35:54.197  1284-1284  SurfaceFlinger          surfaceflinger                       E  Out of order buffers detected for RequestedLayerState{com.httperry.pixelplayer.debug/com.theveloper.pixelplay.MainActivity#33850 parentId=33849} producedId=2 frameNumber=5560 -> producedId=2 frameNumber=2282
2026-04-28 17:35:54.214  1284-1284  SurfaceFlinger          surfaceflinger                       E  Out of order buffers detected for RequestedLayerState{com.httperry.pixelplayer.debug/com.theveloper.pixelplay.MainActivity#33850 parentId=33849} producedId=2 frameNumber=5560 -> producedId=2 frameNumber=2283
2026-04-28 17:35:54.230  1284-1284  SurfaceFlinger          surfaceflinger                       E  Out of order buffers detected for RequestedLayerState{com.httperry.pixelplayer.debug/com.theveloper.pixelplay.MainActivity#33850 parentId=33849} producedId=2 frameNumber=5560 -> producedId=2 frameNumber=2284
2026-04-28 17:35:54.247  1284-1284  SurfaceFlinger          surfaceflinger                       E  Out of order buffers detected for RequestedLayerState{com.httperry.pixelplayer.debug/com.theveloper.pixelplay.MainActivity#33850 parentId=33849} producedId=2 frameNumber=5560 -> producedId=2 frameNumber=2285
2026-04-28 17:35:54.264  1284-1284  SurfaceFlinger          surfaceflinger                       E  Out of order buffers detected for RequestedLayerState{com.httperry.pixelplayer.debug/com.theveloper.pixelplay.MainActivity#33850 parentId=33849} producedId=2 frameNumber=5560 -> producedId=2 frameNumber=2286
2026-04-28 17:35:54.280  1284-1284  SurfaceFlinger          surfaceflinger                       E  Out of order buffers detected for RequestedLayerState{com.httperry.pixelplayer.debug/com.theveloper.pixelplay.MainActivity#33850 parentId=33849} producedId=2 frameNumber=5560 -> producedId=2 frameNumber=2287
2026-04-28 17:35:54.297  1284-1284  SurfaceFlinger          surfaceflinger                       E  Out of order buffers detected for RequestedLayerState{com.httperry.pixelplayer.debug/com.theveloper.pixelplay.MainActivity#33850 parentId=33849} producedId=2 frameNumber=5560 -> producedId=2 frameNumber=2288
2026-04-28 17:35:54.313  1284-1284  SurfaceFlinger          surfaceflinger                       E  Out of order buffers detected for RequestedLayerState{com.httperry.pixelplayer.debug/com.theveloper.pixelplay.MainActivity#33850 parentId=33849} producedId=2 frameNumber=5560 -> producedId=2 frameNumber=2289
2026-04-28 17:35:54.330  1284-1284  SurfaceFlinger          surfaceflinger                       E  Out of order buffers detected for RequestedLayerState{com.httperry.pixelplayer.debug/com.theveloper.pixelplay.MainActivity#33850 parentId=33849} producedId=2 frameNumber=5560 -> producedId=2 frameNumber=2290
2026-04-28 17:35:54.347  1284-1284  SurfaceFlinger          surfaceflinger                       E  Out of order buffers detected for RequestedLayerState{com.httperry.pixelplayer.debug/com.theveloper.pixelplay.MainActivity#33850 parentId=33849} producedId=2 frameNumber=5560 -> producedId=2 frameNumber=2291
2026-04-28 17:35:54.364  1284-1284  SurfaceFlinger          surfaceflinger                       E  Out of order buffers detected for RequestedLayerState{com.httperry.pixelplayer.debug/com.theveloper.pixelplay.MainActivity#33850 parentId=33849} producedId=2 frameNumber=5560 -> producedId=2 frameNumber=2292
2026-04-28 17:35:54.380  1284-1284  SurfaceFlinger          surfaceflinger                       E  Out of order buffers detected for RequestedLayerState{com.httperry.pixelplayer.debug/com.theveloper.pixelplay.MainActivity#33850 parentId=33849} producedId=2 frameNumber=5560 -> producedId=2 frameNumber=2293
2026-04-28 17:35:54.397  1284-1284  SurfaceFlinger          surfaceflinger                       E  Out of order buffers detected for RequestedLayerState{com.httperry.pixelplayer.debug/com.theveloper.pixelplay.MainActivity#33850 parentId=33849} producedId=2 frameNumber=5560 -> producedId=2 frameNumber=2294
2026-04-28 17:35:54.413  1284-1284  SurfaceFlinger          surfaceflinger                       E  Out of order buffers detected for RequestedLayerState{com.httperry.pixelplayer.debug/com.theveloper.pixelplay.MainActivity#33850 parentId=33849} producedId=2 frameNumber=5560 -> producedId=2 frameNumber=2295
2026-04-28 17:35:54.433  1284-1284  SurfaceFlinger          surfaceflinger                       E  Out of order buffers detected for RequestedLayerState{com.httperry.pixelplayer.debug/com.theveloper.pixelplay.MainActivity#33850 parentId=33849} producedId=2 frameNumber=5560 -> producedId=2 frameNumber=2296
2026-04-28 17:35:54.435 25417-25417 DynamicFra...peedAware] com.httperry.pixelplayer.debug       I  onEventHandled: info: InputEventInfo: mX = 0, mY = 0, mAction = 0, mVsyncTime = 229821245, mIsMoving = true, mUpdated = true
2026-04-28 17:35:54.435 25417-25417 IJankManager            com.httperry.pixelplayer.debug       E  slideSceneEnd unknown scene 1000 mScene:-1
2026-04-28 17:35:54.441  1284-1284  SurfaceFlinger          surfaceflinger                       E  Out of order buffers detected for RequestedLayerState{com.httperry.pixelplayer.debug/com.theveloper.pixelplay.MainActivity#33850 parentId=33849} producedId=2 frameNumber=5560 -> producedId=2 frameNumber=2297
2026-04-28 17:35:54.458  1284-1284  SurfaceFlinger          surfaceflinger                       E  Out of order buffers detected for RequestedLayerState{com.httperry.pixelplayer.debug/com.theveloper.pixelplay.MainActivity#33850 parentId=33849} producedId=2 frameNumber=5560 -> producedId=2 frameNumber=2298
2026-04-28 17:35:54.466  1284-1284  SurfaceFlinger          surfaceflinger                       E  Out of order buffers detected for RequestedLayerState{com.httperry.pixelplayer.debug/com.theveloper.pixelplay.MainActivity#33850 parentId=33849} producedId=2 frameNumber=5560 -> producedId=2 frameNumber=2299
2026-04-28 17:35:54.474 25417-26059 PowerHalMgrImpl         com.httperry.pixelplayer.debug       I  hdl:45038, pid:25417 
2026-04-28 17:35:54.474  1284-1284  SurfaceFlinger          surfaceflinger                       E  Out of order buffers detected for RequestedLayerState{com.httperry.pixelplayer.debug/com.theveloper.pixelplay.MainActivity#33850 parentId=33849} producedId=2 frameNumber=5560 -> producedId=2 frameNumber=2300
2026-04-28 17:35:54.483  1284-1284  SurfaceFlinger          surfaceflinger                       E  Out of order buffers detected for RequestedLayerState{com.httperry.pixelplayer.debug/com.theveloper.pixelplay.MainActivity#33850 parentId=33849} producedId=2 frameNumber=5560 -> producedId=2 frameNumber=2301
2026-04-28 17:35:54.491  1284-1284  SurfaceFlinger          surfaceflinger                       E  Out of order buffers detected for RequestedLayerState{com.httperry.pixelplayer.debug/com.theveloper.pixelplay.MainActivity#33850 parentId=33849} producedId=2 frameNumber=5560 -> producedId=2 frameNumber=2302
2026-04-28 17:35:54.496 25417-27782 PipelineWatcher         com.httperry.pixelplayer.debug       D  [0xb4000072fc7c0808] pipelineFull: too many frames in pipeline (4)
2026-04-28 17:35:54.508  1284-1284  SurfaceFlinger          surfaceflinger                       E  Out of order buffers detected for RequestedLayerState{com.httperry.pixelplayer.debug/com.theveloper.pixelplay.MainActivity#33850 parentId=33849} producedId=2 frameNumber=5560 -> producedId=2 frameNumber=2303
2026-04-28 17:35:54.513 25417-25417 DynamicFra...peedAware] com.httperry.pixelplayer.debug       I  onEventHandled: info: InputEventInfo: mX = 0, mY = 0, mAction = 1, mVsyncTime = 229821324, mIsMoving = false, mUpdated = true
2026-04-28 17:35:54.514 25417-25417 ScrollIdentify          com.httperry.pixelplayer.debug       I  on fling
2026-04-28 17:35:54.514 25417-25417 ViewRootImplExtImpl     com.httperry.pixelplayer.debug       D  the up motion event handled by client, just return
2026-04-28 17:35:54.516  1284-1284  SurfaceFlinger          surfaceflinger                       E  Out of order buffers detected for RequestedLayerState{com.httperry.pixelplayer.debug/com.theveloper.pixelplay.MainActivity#33850 parentId=33849} producedId=2 frameNumber=5560 -> producedId=2 frameNumber=2304
2026-04-28 17:35:54.533  1284-1284  SurfaceFlinger          surfaceflinger                       E  Out of order buffers detected for RequestedLayerState{com.httperry.pixelplayer.debug/com.theveloper.pixelplay.MainActivity#33850 parentId=33849} producedId=2 frameNumber=5560 -> producedId=2 frameNumber=2305
2026-04-28 17:35:54.541  1284-1284  SurfaceFlinger          surfaceflinger                       E  Out of order buffers detected for RequestedLayerState{com.httperry.pixelplayer.debug/com.theveloper.pixelplay.MainActivity#33850 parentId=33849} producedId=2 frameNumber=5560 -> producedId=2 frameNumber=2306
2026-04-28 17:35:54.549  1284-1284  SurfaceFlinger          surfaceflinger                       E  Out of order buffers detected for RequestedLayerState{com.httperry.pixelplayer.debug/com.theveloper.pixelplay.MainActivity#33850 parentId=33849} producedId=2 frameNumber=5560 -> producedId=2 frameNumber=2307
2026-04-28 17:35:54.558  1284-1284  SurfaceFlinger          surfaceflinger                       E  Out of order buffers detected for RequestedLayerState{com.httperry.pixelplayer.debug/com.theveloper.pixelplay.MainActivity#33850 parentId=33849} producedId=2 frameNumber=5560 -> producedId=2 frameNumber=2308
2026-04-28 17:35:54.566  1284-1284  SurfaceFlinger          surfaceflinger                       E  Out of order buffers detected for RequestedLayerState{com.httperry.pixelplayer.debug/com.theveloper.pixelplay.MainActivity#33850 parentId=33849} producedId=2 frameNumber=5560 -> producedId=2 frameNumber=2309
2026-04-28 17:35:54.567 25417-27782 PipelineWatcher         com.httperry.pixelplayer.debug       D  [0xb4000072fc7c0808] pipelineFull: too many frames in pipeline (4)
2026-04-28 17:35:54.574  1284-1284  SurfaceFlinger          surfaceflinger                       E  Out of order buffers detected for RequestedLayerState{com.httperry.pixelplayer.debug/com.theveloper.pixelplay.MainActivity#33850 parentId=33849} producedId=2 frameNumber=5560 -> producedId=2 frameNumber=2310
2026-04-28 17:35:54.582  1284-1284  SurfaceFlinger          surfaceflinger                       E  Out of order buffers detected for RequestedLayerState{com.httperry.pixelplayer.debug/com.theveloper.pixelplay.MainActivity#33850 parentId=33849} producedId=2 frameNumber=5560 -> producedId=2 frameNumber=2311
2026-04-28 17:35:54.591  1284-1284  SurfaceFlinger          surfaceflinger                       E  Out of order buffers detected for RequestedLayerState{com.httperry.pixelplayer.debug/com.theveloper.pixelplay.MainActivity#33850 parentId=33849} producedId=2 frameNumber=5560 -> producedId=2 frameNumber=2312
2026-04-28 17:35:54.599  1284-1284  SurfaceFlinger          surfaceflinger                       E  Out of order buffers detected for RequestedLayerState{com.httperry.pixelplayer.debug/com.theveloper.pixelplay.MainActivity#33850 parentId=33849} producedId=2 frameNumber=5560 -> producedId=2 frameNumber=2313
2026-04-28 17:35:54.608  1284-1284  SurfaceFlinger          surfaceflinger                       E  Out of order buffers detected for RequestedLayerState{com.httperry.pixelplayer.debug/com.theveloper.pixelplay.MainActivity#33850 parentId=33849} producedId=2 frameNumber=5560 -> producedId=2 frameNumber=2314
2026-04-28 17:35:54.610 25417-25417 WindowOnBackDispatcher  com.httperry.pixelplayer.debug       W  sendCancelIfRunning: isInProgress=false callback=androidx.activity.OnBackPressedDispatcher$Api34Impl$createOnBackAnimationCallback$1@ce2f883
2026-04-28 17:35:54.616  1284-1284  SurfaceFlinger          surfaceflinger                       E  Out of order buffers detected for RequestedLayerState{com.httperry.pixelplayer.debug/com.theveloper.pixelplay.MainActivity#33850 parentId=33849} producedId=2 frameNumber=5560 -> producedId=2 frameNumber=2315
2026-04-28 17:35:54.624  1284-1284  SurfaceFlinger          surfaceflinger                       E  Out of order buffers detected for RequestedLayerState{com.httperry.pixelplayer.debug/com.theveloper.pixelplay.MainActivity#33850 parentId=33849} producedId=2 frameNumber=5560 -> producedId=2 frameNumber=2316
2026-04-28 17:35:54.632  1284-1284  SurfaceFlinger          surfaceflinger                       E  Out of order buffers detected for RequestedLayerState{com.httperry.pixelplayer.debug/com.theveloper.pixelplay.MainActivity#33850 parentId=33849} producedId=2 frameNumber=5560 -> producedId=2 frameNumber=2317
2026-04-28 17:35:54.641  1284-1284  SurfaceFlinger          surfaceflinger                       E  Out of order buffers detected for RequestedLayerState{com.httperry.pixelplayer.debug/com.theveloper.pixelplay.MainActivity#33850 parentId=33849} producedId=2 frameNumber=5560 -> producedId=2 frameNumber=2318
2026-04-28 17:35:54.649  1284-1284  SurfaceFlinger          surfaceflinger                       E  Out of order buffers detected for RequestedLayerState{com.httperry.pixelplayer.debug/com.theveloper.pixelplay.MainActivity#33850 parentId=33849} producedId=2 frameNumber=5560 -> producedId=2 frameNumber=2319
2026-04-28 17:35:54.666  1284-1284  SurfaceFlinger          surfaceflinger                       E  Out of order buffers detected for RequestedLayerState{com.httperry.pixelplayer.debug/com.theveloper.pixelplay.MainActivity#33850 parentId=33849} producedId=2 frameNumber=5560 -> producedId=2 frameNumber=2320
2026-04-28 17:35:54.683  1284-1284  SurfaceFlinger          surfaceflinger                       E  Out of order buffers detected for RequestedLayerState{com.httperry.pixelplayer.debug/com.theveloper.pixelplay.MainActivity#33850 parentId=33849} producedId=2 frameNumber=5560 -> producedId=2 frameNumber=2321
2026-04-28 17:35:54.691  1284-1284  SurfaceFlinger          surfaceflinger                       E  Out of order buffers detected for RequestedLayerState{com.httperry.pixelplayer.debug/com.theveloper.pixelplay.MainActivity#33850 parentId=33849} producedId=2 frameNumber=5560 -> producedId=2 frameNumber=2322
2026-04-28 17:35:54.699  1284-1284  SurfaceFlinger          surfaceflinger                       E  Out of order buffers detected for RequestedLayerState{com.httperry.pixelplayer.debug/com.theveloper.pixelplay.MainActivity#33850 parentId=33849} producedId=2 frameNumber=5560 -> producedId=2 frameNumber=2323
2026-04-28 17:35:54.707  1284-1284  SurfaceFlinger          surfaceflinger                       E  Out of order buffers detected for RequestedLayerState{com.httperry.pixelplayer.debug/com.theveloper.pixelplay.MainActivity#33850 parentId=33849} producedId=2 frameNumber=5560 -> producedId=2 frameNumber=2324
2026-04-28 17:35:54.716  1284-1284  SurfaceFlinger          surfaceflinger                       E  Out of order buffers detected for RequestedLayerState{com.httperry.pixelplayer.debug/com.theveloper.pixelplay.MainActivity#33850 parentId=33849} producedId=2 frameNumber=5560 -> producedId=2 frameNumber=2325
2026-04-28 17:35:54.724  1284-1284  SurfaceFlinger          surfaceflinger                       E  Out of order buffers detected for RequestedLayerState{com.httperry.pixelplayer.debug/com.theveloper.pixelplay.MainActivity#33850 parentId=33849} producedId=2 frameNumber=5560 -> producedId=2 frameNumber=2326
2026-04-28 17:35:54.732  1284-1284  SurfaceFlinger          surfaceflinger                       E  Out of order buffers detected for RequestedLayerState{com.httperry.pixelplayer.debug/com.theveloper.pixelplay.MainActivity#33850 parentId=33849} producedId=2 frameNumber=5560 -> producedId=2 frameNumber=2327
2026-04-28 17:35:54.741  1284-1284  SurfaceFlinger          surfaceflinger                       E  Out of order buffers detected for RequestedLayerState{com.httperry.pixelplayer.debug/com.theveloper.pixelplay.MainActivity#33850 parentId=33849} producedId=2 frameNumber=5560 -> producedId=2 frameNumber=2328
2026-04-28 17:35:54.741 25417-27782 PipelineWatcher         com.httperry.pixelplayer.debug       D  [0xb4000072fc7c0808] pipelineFull: too many frames in pipeline (4)
2026-04-28 17:35:54.749  1284-1284  SurfaceFlinger          surfaceflinger                       E  Out of order buffers detected for RequestedLayerState{com.httperry.pixelplayer.debug/com.theveloper.pixelplay.MainActivity#33850 parentId=33849} producedId=2 frameNumber=5560 -> producedId=2 frameNumber=2329
2026-04-28 17:35:54.757  1284-1284  SurfaceFlinger          surfaceflinger                       E  Out of order buffers detected for RequestedLayerState{com.httperry.pixelplayer.debug/com.theveloper.pixelplay.MainActivity#33850 parentId=33849} producedId=2 frameNumber=5560 -> producedId=2 frameNumber=2330
2026-04-28 17:35:54.766  1284-1284  SurfaceFlinger          surfaceflinger                       E  Out of order buffers detected for RequestedLayerState{com.httperry.pixelplayer.debug/com.theveloper.pixelplay.MainActivity#33850 parentId=33849} producedId=2 frameNumber=5560 -> producedId=2 frameNumber=2331
2026-04-28 17:35:54.774  1284-1284  SurfaceFlinger          surfaceflinger                       E  Out of order buffers detected for RequestedLayerState{com.httperry.pixelplayer.debug/com.theveloper.pixelplay.MainActivity#33850 parentId=33849} producedId=2 frameNumber=5560 -> producedId=2 frameNumber=2332
2026-04-28 17:35:54.782  1284-1284  SurfaceFlinger          surfaceflinger                       E  Out of order buffers detected for RequestedLayerState{com.httperry.pixelplayer.debug/com.theveloper.pixelplay.MainActivity#33850 parentId=33849} producedId=2 frameNumber=5560 -> producedId=2 frameNumber=2333
2026-04-28 17:35:54.791  1284-1284  SurfaceFlinger          surfaceflinger                       E  Out of order buffers detected for RequestedLayerState{com.httperry.pixelplayer.debug/com.theveloper.pixelplay.MainActivity#33850 parentId=33849} producedId=2 frameNumber=5560 -> producedId=2 frameNumber=2334
2026-04-28 17:35:54.799  1284-1284  SurfaceFlinger          surfaceflinger                       E  Out of order buffers detected for RequestedLayerState{com.httperry.pixelplayer.debug/com.theveloper.pixelplay.MainActivity#33850 parentId=33849} producedId=2 frameNumber=5560 -> producedId=2 frameNumber=2335
2026-04-28 17:35:54.807  1284-1284  SurfaceFlinger          surfaceflinger                       E  Out of order buffers detected for RequestedLayerState{com.httperry.pixelplayer.debug/com.theveloper.pixelplay.MainActivity#33850 parentId=33849} producedId=2 frameNumber=5560 -> producedId=2 frameNumber=2336
2026-04-28 17:35:54.816  1284-1284  SurfaceFlinger          surfaceflinger                       E  Out of order buffers detected for RequestedLayerState{com.httperry.pixelplayer.debug/com.theveloper.pixelplay.MainActivity#33850 parentId=33849} producedId=2 frameNumber=5560 -> producedId=2 frameNumber=2337
2026-04-28 17:35:54.824  1284-1284  SurfaceFlinger          surfaceflinger                       E  Out of order buffers detected for RequestedLayerState{com.httperry.pixelplayer.debug/com.theveloper.pixelplay.MainActivity#33850 parentId=33849} producedId=2 frameNumber=5560 -> producedId=2 frameNumber=2338
2026-04-28 17:35:54.832 25417-25417 OplusScrollToTopManager com.httperry.pixelplayer.debug       D  com.httperry.pixelplayer.debug/com.theveloper.pixelplay.MainActivity,window dying
2026-04-28 17:35:54.832 25417-25417 OplusScrollToTopManager com.httperry.pixelplayer.debug       D  com.httperry.pixelplayer.debug/com.theveloper.pixelplay.MainActivity,unregisterSystemUIBroadcastReceiver 
2026-04-28 17:35:54.832 25417-25417 OplusScrollToTopManager com.httperry.pixelplayer.debug       D  com.httperry.pixelplayer.debug/com.theveloper.pixelplay.MainActivity, unregisterSystemUIBroadcastReceiver failed java.lang.IllegalArgumentException: Receiver not registered: android.view.OplusScrollToTopManager$2@aaca0ab
2026-04-28 17:35:54.832  1284-1284  SurfaceFlinger          surfaceflinger                       E  Out of order buffers detected for RequestedLayerState{com.httperry.pixelplayer.debug/com.theveloper.pixelplay.MainActivity#33850 parentId=33849} producedId=2 frameNumber=5560 -> producedId=2 frameNumber=2339
2026-04-28 17:35:54.832 25417-25417 WindowOnBackDispatcher  com.httperry.pixelplayer.debug       W  sendCancelIfRunning: isInProgress=false callback=android.app.Dialog$$ExternalSyntheticLambda2@e304559
2026-04-28 17:35:54.838 25417-25417 HWUI                    com.httperry.pixelplayer.debug       D  RenderProxy::destroy: this=0xb4000072f1122c00, mContext=0xb400007086d06e80
2026-04-28 17:35:54.838 25417-25583 HWUI                    com.httperry.pixelplayer.debug       D  SkiaOpenGLPipeline::setSurface: this=0xb400007317f9a980, surface=NULL
2026-04-28 17:35:54.840  1284-1284  SurfaceFlinger          surfaceflinger                       E  Out of order buffers detected for RequestedLayerState{com.httperry.pixelplayer.debug/com.theveloper.pixelplay.MainActivity#33850 parentId=33849} producedId=2 frameNumber=5560 -> producedId=2 frameNumber=2340
2026-04-28 17:35:54.845 25417-29746 BLASTBufferQueue        com.httperry.pixelplayer.debug       D  [VRI[MainActivity]#4](f:0,a:2) destructor()
2026-04-28 17:35:54.845 25417-29746 BufferQueueConsumer     com.httperry.pixelplayer.debug       D  [VRI[MainActivity]#4(BLAST Consumer)4](id:634900000004,api:0,p:-1,c:25417) disconnect
2026-04-28 17:35:54.853 25417-27782 PipelineWatcher         com.httperry.pixelplayer.debug       D  [0xb4000072fc7c0808] pipelineFull: too many frames in pipeline (4)
2026-04-28 17:35:54.857  1284-1284  SurfaceFlinger          surfaceflinger                       E  Out of order buffers detected for RequestedLayerState{com.httperry.pixelplayer.debug/com.theveloper.pixelplay.MainActivity#33850 parentId=33849} producedId=2 frameNumber=5560 -> producedId=2 frameNumber=2341
2026-04-28 17:35:54.865  1284-1284  SurfaceFlinger          surfaceflinger                       E  Out of order buffers detected for RequestedLayerState{com.httperry.pixelplayer.debug/com.theveloper.pixelplay.MainActivity#33850 parentId=33849} producedId=2 frameNumber=5560 -> producedId=2 frameNumber=2342
2026-04-28 17:35:54.866 25417-25417 VRI[MainActivity]       com.httperry.pixelplayer.debug       D  onFocusEvent true
2026-04-28 17:35:54.874  1284-1284  SurfaceFlinger          surfaceflinger                       E  Out of order buffers detected for RequestedLayerState{com.httperry.pixelplayer.debug/com.theveloper.pixelplay.MainActivity#33850 parentId=33849} producedId=2 frameNumber=5560 -> producedId=2 frameNumber=2343
2026-04-28 17:35:54.882  1284-1284  SurfaceFlinger          surfaceflinger                       E  Out of order buffers detected for RequestedLayerState{com.httperry.pixelplayer.debug/com.theveloper.pixelplay.MainActivity#33850 parentId=33849} producedId=2 frameNumber=5560 -> producedId=2 frameNumber=2344
2026-04-28 17:35:54.899  1284-1284  SurfaceFlinger          surfaceflinger                       E  Out of order buffers detected for RequestedLayerState{com.httperry.pixelplayer.debug/com.theveloper.pixelplay.MainActivity#33850 parentId=33849} producedId=2 frameNumber=5560 -> producedId=2 frameNumber=2345
2026-04-28 17:35:54.907  1284-1284  SurfaceFlinger          surfaceflinger                       E  Out of order buffers detected for RequestedLayerState{com.httperry.pixelplayer.debug/com.theveloper.pixelplay.MainActivity#33850 parentId=33849} producedId=2 frameNumber=5560 -> producedId=2 frameNumber=2346
2026-04-28 17:35:54.915  1284-1284  SurfaceFlinger          surfaceflinger                       E  Out of order buffers detected for RequestedLayerState{com.httperry.pixelplayer.debug/com.theveloper.pixelplay.MainActivity#33850 parentId=33849} producedId=2 frameNumber=5560 -> producedId=2 frameNumber=2347
2026-04-28 17:35:54.924  1284-1284  SurfaceFlinger          surfaceflinger                       E  Out of order buffers detected for RequestedLayerState{com.httperry.pixelplayer.debug/com.theveloper.pixelplay.MainActivity#33850 parentId=33849} producedId=2 frameNumber=5560 -> producedId=2 frameNumber=2348
2026-04-28 17:35:54.932  1284-1284  SurfaceFlinger          surfaceflinger                       E  Out of order buffers detected for RequestedLayerState{com.httperry.pixelplayer.debug/com.theveloper.pixelplay.MainActivity#33850 parentId=33849} producedId=2 frameNumber=5560 -> producedId=2 frameNumber=2349
2026-04-28 17:35:54.940  1284-1284  SurfaceFlinger          surfaceflinger                       E  Out of order buffers detected for RequestedLayerState{com.httperry.pixelplayer.debug/com.theveloper.pixelplay.MainActivity#33850 parentId=33849} producedId=2 frameNumber=5560 -> producedId=2 frameNumber=2350
2026-04-28 17:35:54.949  1284-1284  SurfaceFlinger          surfaceflinger                       E  Out of order buffers detected for RequestedLayerState{com.httperry.pixelplayer.debug/com.theveloper.pixelplay.MainActivity#33850 parentId=33849} producedId=2 frameNumber=5560 -> producedId=2 frameNumber=2351
2026-04-28 17:35:54.957  1284-1284  SurfaceFlinger          surfaceflinger                       E  Out of order buffers detected for RequestedLayerState{com.httperry.pixelplayer.debug/com.theveloper.pixelplay.MainActivity#33850 parentId=33849} producedId=2 frameNumber=5560 -> producedId=2 frameNumber=2352
2026-04-28 17:35:54.966  1284-1284  SurfaceFlinger          surfaceflinger                       E  Out of order buffers detected for RequestedLayerState{com.httperry.pixelplayer.debug/com.theveloper.pixelplay.MainActivity#33850 parentId=33849} producedId=2 frameNumber=5560 -> producedId=2 frameNumber=2353
2026-04-28 17:35:54.974  1284-1284  SurfaceFlinger          surfaceflinger                       E  Out of order buffers detected for RequestedLayerState{com.httperry.pixelplayer.debug/com.theveloper.pixelplay.MainActivity#33850 parentId=33849} producedId=2 frameNumber=5560 -> producedId=2 frameNumber=2354
2026-04-28 17:35:54.982  1284-1284  SurfaceFlinger          surfaceflinger                       E  Out of order buffers detected for RequestedLayerState{com.httperry.pixelplayer.debug/com.theveloper.pixelplay.MainActivity#33850 parentId=33849} producedId=2 frameNumber=5560 -> producedId=2 frameNumber=2355
2026-04-28 17:35:54.990  1284-1284  SurfaceFlinger          surfaceflinger                       E  Out of order buffers detected for RequestedLayerState{com.httperry.pixelplayer.debug/com.theveloper.pixelplay.MainActivity#33850 parentId=33849} producedId=2 frameNumber=5560 -> producedId=2 frameNumber=2356
2026-04-28 17:35:54.999  1284-1284  SurfaceFlinger          surfaceflinger                       E  Out of order buffers detected for RequestedLayerState{com.httperry.pixelplayer.debug/com.theveloper.pixelplay.MainActivity#33850 parentId=33849} producedId=2 frameNumber=5560 -> producedId=2 frameNumber=2357
2026-04-28 17:35:55.007  1284-1284  SurfaceFlinger          surfaceflinger                       E  Out of order buffers detected for RequestedLayerState{com.httperry.pixelplayer.debug/com.theveloper.pixelplay.MainActivity#33850 parentId=33849} producedId=2 frameNumber=5560 -> producedId=2 frameNumber=2358
2026-04-28 17:35:55.015  1284-1284  SurfaceFlinger          surfaceflinger                       E  Out of order buffers detected for RequestedLayerState{com.httperry.pixelplayer.debug/com.theveloper.pixelplay.MainActivity#33850 parentId=33849} producedId=2 frameNumber=5560 -> producedId=2 frameNumber=2359
2026-04-28 17:35:55.022 25417-27782 PipelineWatcher         com.httperry.pixelplayer.debug       D  [0xb4000072fc7c0808] pipelineFull: too many frames in pipeline (4)
2026-04-28 17:35:55.024  1284-1284  SurfaceFlinger          surfaceflinger                       E  Out of order buffers detected for RequestedLayerState{com.httperry.pixelplayer.debug/com.theveloper.pixelplay.MainActivity#33850 parentId=33849} producedId=2 frameNumber=5560 -> producedId=2 frameNumber=2360
2026-04-28 17:35:55.032  1284-1284  SurfaceFlinger          surfaceflinger                       E  Out of order buffers detected for RequestedLayerState{com.httperry.pixelplayer.debug/com.theveloper.pixelplay.MainActivity#33850 parentId=33849} producedId=2 frameNumber=5560 -> producedId=2 frameNumber=2361
2026-04-28 17:35:55.040  1284-1284  SurfaceFlinger          surfaceflinger                       E  Out of order buffers detected for RequestedLayerState{com.httperry.pixelplayer.debug/com.theveloper.pixelplay.MainActivity#33850 parentId=33849} producedId=2 frameNumber=5560 -> producedId=2 frameNumber=2362
2026-04-28 17:35:55.049  1284-1284  SurfaceFlinger          surfaceflinger                       E  Out of order buffers detected for RequestedLayerState{com.httperry.pixelplayer.debug/com.theveloper.pixelplay.MainActivity#33850 parentId=33849} producedId=2 frameNumber=5560 -> producedId=2 frameNumber=2363
