2026-04-25 16:08:03.525  2044-2147  OplusAppQu...Controller system_server                        E  Delete all capture files when pkg ratio changed, pkgs: [com.theveloper.pixelplay.debug]
2026-04-25 16:08:03.631  2044-2147  OplusAppQu...Controller system_server                        E  Delete all capture files when pkg ratio changed, pkgs: [com.theveloper.pixelplay.debug]
2026-04-25 16:08:03.667  2044-2147  OplusAppQu...Controller system_server                        E  Delete all capture files when pkg ratio changed, pkgs: [com.theveloper.pixelplay.debug]
2026-04-25 16:08:04.064  2044-2099  QosSceneRe...tartScene] system_server                        E  notifyActivityStart get launchedFromUid failed through AppManager! launchedFromPackage: com.android.shell, pkg: com.theveloper.pixelplay.debug
2026-04-25 16:08:04.262  2044-2116  OplusThermalStats       system_server                        E  Error getting package info: com.theveloper.pixelplay.debug
2026-04-25 16:08:04.262 27707-27707 Configuration           com.theveloper.pixelplay.debug       V  Updating configuration, locales updated from [] to [en_IN]
2026-04-25 16:08:04.654 27707-27707 ResourcesManagerExtImpl com.theveloper.pixelplay.debug       D  applyConfigurationToAppResourcesLocked app.getDisplayId() return callback.displayId:-1
2026-04-25 16:08:04.785 27707-27790 DisplayManager          com.theveloper.pixelplay.debug       I  Choreographer implicitly registered for the refresh rate.
2026-04-25 16:08:04.792 27707-27707 ResourcesManagerExtImpl com.theveloper.pixelplay.debug       D  applyConfigurationToAppResourcesLocked app.getDisplayId() return callback.displayId:0
2026-04-25 16:08:04.903 27707-27707 OplusPredi...Controller com.theveloper.pixelplay.debug       D  should not HookOnBackInvokedCallbackEnabled for application com.theveloper.pixelplay.MainActivity@2305b4c hasOnBackInvokedCallBackEnabled
2026-04-25 16:08:04.904 27707-27707 OplusPredi...Controller com.theveloper.pixelplay.debug       D  should not HookOnBackInvokedCallbackEnabled for application com.theveloper.pixelplay.MainActivity@2305b4c hasOnBackInvokedCallBackEnabled
2026-04-25 16:08:05.780 27707-27707 ActivityThread          com.theveloper.pixelplay.debug       D  ComponentInfo{com.theveloper.pixelplay.debug/com.theveloper.pixelplay.MainActivity} checkFinished=false 2
2026-04-25 16:08:05.780 27707-27707 ResourcesManagerExtImpl com.theveloper.pixelplay.debug       D  applyConfigurationToAppResourcesLocked app.getDisplayId() return callback.displayId:0
2026-04-25 16:08:05.786 27707-27707 OplusInputMethodUtil    com.theveloper.pixelplay.debug       D  init sDebug to false, init sDebugIme to false, init sAlwaysOn to false
2026-04-25 16:08:05.786 27707-27707 OplusInputMethodUtil    com.theveloper.pixelplay.debug       D  updateDebugToClass InputMethodManager.DEBUG = false
2026-04-25 16:08:05.786 27707-27707 OplusInputMethodUtil    com.theveloper.pixelplay.debug       D  updateDebugToClass ImeFocusController.DEBUG = false
2026-04-25 16:08:05.786 27707-27707 OplusInputMethodUtil    com.theveloper.pixelplay.debug       D  updateDebugToClass OnBackInvokedDispatcher.DEBUG = false
2026-04-25 16:08:05.786 27707-27707 OplusInputMethodUtil    com.theveloper.pixelplay.debug       D  updateDebugToClass InsetsController.DEBUG = false
2026-04-25 16:08:05.786 27707-27707 OplusInputMethodUtil    com.theveloper.pixelplay.debug       D  updateDebugToClass BaseInputConnection.DEBUG = false
2026-04-25 16:08:05.822 27707-27707 ResourcesManagerExtImpl com.theveloper.pixelplay.debug       D  applyConfigurationToAppResourcesLocked app.getDisplayId() return callback.displayId:0
2026-04-25 16:08:06.105 27707-27707 OplusPredi...Controller com.theveloper.pixelplay.debug       D  should not HookOnBackInvokedCallbackEnabled for application com.theveloper.pixelplay.MainActivity@2305b4c hasOnBackInvokedCallBackEnabled
2026-04-25 16:08:06.302 27707-27707 VRI[MainActivity]       com.theveloper.pixelplay.debug       D  relayoutWindow result, sizeChanged:true, surfaceControlChanged:true, transformHintChanged:false, mSurfaceSize:Point(1080, 2392), mLastSurfaceSize:Point(0, 0), mWidth:-1, mHeight:-1, requestedWidth:1080, requestedHeight:2392, transformHint:0, installOrientation:0, displayRotation:0, isSurfaceValid:true, attr.flag:-2122252032, tmpFrames:ClientWindowFrames{frame=[0,0][1080,2392] display=[0,0][1080,2392] parentFrame=[0,0][0,0]}, relayoutAsync:false, mSyncSeqId:0
2026-04-25 16:08:06.302 27707-27707 VRI[MainActivity]       com.theveloper.pixelplay.debug       W  updateBlastSurfaceIfNeeded, surfaceSize:Point(1080, 2392), lastSurfaceSize:Point(0, 0), format:-1, blastBufferQueue:null
2026-04-25 16:08:06.352 27707-27707 Quality                 com.theveloper.pixelplay.debug       I  UISlowBinder:277763700
2026-04-25 16:08:06.822 27707-27707 OplusPredi...Controller com.theveloper.pixelplay.debug       D  should not HookOnBackInvokedCallbackEnabled for application com.theveloper.pixelplay.MainActivity@2305b4c hasOnBackInvokedCallBackEnabled
2026-04-25 16:08:06.822 27707-27707 OplusPredi...Controller com.theveloper.pixelplay.debug       D  should not HookOnBackInvokedCallbackEnabled for application com.theveloper.pixelplay.MainActivity@2305b4c hasOnBackInvokedCallBackEnabled
2026-04-25 16:08:07.108 27707-27707 OplusPredi...Controller com.theveloper.pixelplay.debug       D  should not HookOnBackInvokedCallbackEnabled for application com.theveloper.pixelplay.MainActivity@2305b4c hasOnBackInvokedCallBackEnabled
2026-04-25 16:08:07.159 27707-27707 OplusPredi...Controller com.theveloper.pixelplay.debug       D  should not HookOnBackInvokedCallbackEnabled for application com.theveloper.pixelplay.MainActivity@2305b4c hasOnBackInvokedCallBackEnabled
2026-04-25 16:08:07.375 27707-27707 VRI[MainActivity]       com.theveloper.pixelplay.debug       W  handleResized, msg:, frameChanged:false, configChanged:false, displayChanged:false, attachedFrameChanged:false, compatScaleChanged:false, pendingDragResizing=false
2026-04-25 16:08:07.558 27707-27707 VRI[MainActivity]       com.theveloper.pixelplay.debug       W  handleResized abandoned!
2026-04-25 16:08:07.564 27707-27707 VRI[MainActivity]       com.theveloper.pixelplay.debug       W  handleResized abandoned!
2026-04-25 16:08:07.565 27707-27707 VRI[MainActivity]       com.theveloper.pixelplay.debug       W  handleResized abandoned!
2026-04-25 16:08:08.534 27707-27707 OplusInput...erInternal com.theveloper.pixelplay.debug       D  get inputMethodManager extension: com.android.internal.view.IInputMethodManager$Stub$Proxy@f7fe184
2026-04-25 16:08:15.848 27707-27707 OplusPredi...Controller com.theveloper.pixelplay.debug       D  should not HookOnBackInvokedCallbackEnabled for application com.theveloper.pixelplay.MainActivity@2305b4c hasOnBackInvokedCallBackEnabled
2026-04-25 16:08:15.848 27707-27707 OplusPredi...Controller com.theveloper.pixelplay.debug       D  should not HookOnBackInvokedCallbackEnabled for application com.theveloper.pixelplay.MainActivity@2305b4c hasOnBackInvokedCallBackEnabled
2026-04-25 16:08:17.730 27707-27707 OplusPredi...Controller com.theveloper.pixelplay.debug       D  should not HookOnBackInvokedCallbackEnabled for application com.theveloper.pixelplay.MainActivity@2305b4c hasOnBackInvokedCallBackEnabled
2026-04-25 16:08:17.730 27707-27707 OplusPredi...Controller com.theveloper.pixelplay.debug       D  should not HookOnBackInvokedCallbackEnabled for application com.theveloper.pixelplay.MainActivity@2305b4c hasOnBackInvokedCallBackEnabled
2026-04-25 16:08:21.545 27707-27707 OplusPredi...Controller com.theveloper.pixelplay.debug       D  should not HookOnBackInvokedCallbackEnabled for application com.theveloper.pixelplay.MainActivity@2305b4c hasOnBackInvokedCallBackEnabled
2026-04-25 16:08:21.545 27707-27707 OplusPredi...Controller com.theveloper.pixelplay.debug       D  should not HookOnBackInvokedCallbackEnabled for application com.theveloper.pixelplay.MainActivity@2305b4c hasOnBackInvokedCallBackEnabled
2026-04-25 16:08:23.470 27707-27707 OplusPredi...Controller com.theveloper.pixelplay.debug       D  should not HookOnBackInvokedCallbackEnabled for application com.theveloper.pixelplay.MainActivity@2305b4c hasOnBackInvokedCallBackEnabled
2026-04-25 16:08:23.470 27707-27707 OplusPredi...Controller com.theveloper.pixelplay.debug       D  should not HookOnBackInvokedCallbackEnabled for application com.theveloper.pixelplay.MainActivity@2305b4c hasOnBackInvokedCallBackEnabled
2026-04-25 16:08:25.009 27707-27707 OplusPredi...Controller com.theveloper.pixelplay.debug       D  should not HookOnBackInvokedCallbackEnabled for application com.theveloper.pixelplay.MainActivity@2305b4c hasOnBackInvokedCallBackEnabled
2026-04-25 16:08:25.010 27707-27707 OplusPredi...Controller com.theveloper.pixelplay.debug       D  should not HookOnBackInvokedCallbackEnabled for application com.theveloper.pixelplay.MainActivity@2305b4c hasOnBackInvokedCallBackEnabled
2026-04-25 16:08:27.067 27707-27707 OplusPredi...Controller com.theveloper.pixelplay.debug       D  should not HookOnBackInvokedCallbackEnabled for application com.theveloper.pixelplay.MainActivity@2305b4c hasOnBackInvokedCallBackEnabled
2026-04-25 16:08:27.067 27707-27707 OplusPredi...Controller com.theveloper.pixelplay.debug       D  should not HookOnBackInvokedCallbackEnabled for application com.theveloper.pixelplay.MainActivity@2305b4c hasOnBackInvokedCallBackEnabled
2026-04-25 16:08:28.025 27707-27707 OplusPredi...Controller com.theveloper.pixelplay.debug       D  should not HookOnBackInvokedCallbackEnabled for application com.theveloper.pixelplay.MainActivity@2305b4c hasOnBackInvokedCallBackEnabled
2026-04-25 16:08:28.025 27707-27707 OplusPredi...Controller com.theveloper.pixelplay.debug       D  should not HookOnBackInvokedCallbackEnabled for application com.theveloper.pixelplay.MainActivity@2305b4c hasOnBackInvokedCallBackEnabled
2026-04-25 16:08:29.163 27707-27707 OplusPredi...Controller com.theveloper.pixelplay.debug       D  should not HookOnBackInvokedCallbackEnabled for application com.theveloper.pixelplay.MainActivity@2305b4c hasOnBackInvokedCallBackEnabled
2026-04-25 16:08:29.163 27707-27707 OplusPredi...Controller com.theveloper.pixelplay.debug       D  should not HookOnBackInvokedCallbackEnabled for application com.theveloper.pixelplay.MainActivity@2305b4c hasOnBackInvokedCallBackEnabled
2026-04-25 16:08:39.828 27707-27707 VRI[MainActivity]       com.theveloper.pixelplay.debug       D  relayoutWindow result, sizeChanged:false, surfaceControlChanged:true, transformHintChanged:false, mSurfaceSize:Point(1080, 2392), mLastSurfaceSize:Point(1080, 2392), mWidth:1080, mHeight:2392, requestedWidth:1080, requestedHeight:2392, transformHint:0, installOrientation:0, displayRotation:0, isSurfaceValid:false, attr.flag:-2122252032, tmpFrames:ClientWindowFrames{frame=[0,0][1080,2392] display=[0,0][1080,2392] parentFrame=[0,0][0,0]}, relayoutAsync:false, mSyncSeqId:0
2026-04-25 16:08:49.226 27707-27707 ActivityThread          com.theveloper.pixelplay.debug       D  ComponentInfo{com.theveloper.pixelplay.debug/com.theveloper.pixelplay.MainActivity} checkFinished=false 2
2026-04-25 16:08:49.227 27707-27707 ResourcesManagerExtImpl com.theveloper.pixelplay.debug       D  applyConfigurationToAppResourcesLocked app.getDisplayId() return callback.displayId:0
2026-04-25 16:08:49.245 27707-27707 VRI[MainActivity]       com.theveloper.pixelplay.debug       D  relayoutWindow result, sizeChanged:false, surfaceControlChanged:false, transformHintChanged:false, mSurfaceSize:Point(1080, 2392), mLastSurfaceSize:Point(1080, 2392), mWidth:1080, mHeight:2392, requestedWidth:1080, requestedHeight:2392, transformHint:0, installOrientation:0, displayRotation:0, isSurfaceValid:true, attr.flag:-2122252032, tmpFrames:ClientWindowFrames{frame=[0,0][1080,2392] display=[0,0][1080,2392] parentFrame=[0,0][0,0]}, relayoutAsync:false, mSyncSeqId:0
2026-04-25 16:08:49.245 27707-27707 VRI[MainActivity]       com.theveloper.pixelplay.debug       W  updateBlastSurfaceIfNeeded, surfaceSize:Point(1080, 2392), lastSurfaceSize:Point(1080, 2392), format:-1, blastBufferQueue:null
2026-04-25 16:08:49.265 27707-27707 VRI[MainActivity]       com.theveloper.pixelplay.debug       W  handleResized abandoned!
2026-04-25 16:09:01.943  2044-4506  AppOps                  system_server                        E  attributionTag  not declared in manifest of com.theveloper.pixelplay.debug
2026-04-25 16:09:01.945  2044-4506  AppOps                  system_server                        E  attributionTag  not declared in manifest of com.theveloper.pixelplay.debug
2026-04-25 16:09:07.701 27707-27707 OplusPredi...Controller com.theveloper.pixelplay.debug       D  should not HookOnBackInvokedCallbackEnabled for application com.theveloper.pixelplay.MainActivity@2305b4c hasOnBackInvokedCallBackEnabled
2026-04-25 16:09:07.701 27707-27707 OplusPredi...Controller com.theveloper.pixelplay.debug       D  should not HookOnBackInvokedCallbackEnabled for application com.theveloper.pixelplay.MainActivity@2305b4c hasOnBackInvokedCallBackEnabled
2026-04-25 16:09:10.260  2044-2073  AppOps                  system_server                        E  attributionTag  not declared in manifest of com.theveloper.pixelplay.debug
2026-04-25 16:09:10.260  2044-3333  AppOps                  system_server                        E  attributionTag  not declared in manifest of com.theveloper.pixelplay.debug
2026-04-25 16:09:18.917 27707-27707 OplusPredi...Controller com.theveloper.pixelplay.debug       D  should not HookOnBackInvokedCallbackEnabled for application com.theveloper.pixelplay.MainActivity@2305b4c hasOnBackInvokedCallBackEnabled
2026-04-25 16:09:18.917 27707-27707 OplusPredi...Controller com.theveloper.pixelplay.debug       D  should not HookOnBackInvokedCallbackEnabled for application com.theveloper.pixelplay.MainActivity@2305b4c hasOnBackInvokedCallBackEnabled
2026-04-25 16:09:19.135 27707-27707 InsetsController        com.theveloper.pixelplay.debug       D  Setting requestedVisibleTypes to -1 (was -9)
2026-04-25 16:09:19.161 27707-27707 VRI[MainActivity]       com.theveloper.pixelplay.debug       W  handleResized abandoned!
2026-04-25 16:09:19.235 27707-27707 VRI[MainActivity]       com.theveloper.pixelplay.debug       W  handleResized abandoned!
2026-04-25 16:09:19.253 27707-27707 VRI[MainActivity]       com.theveloper.pixelplay.debug       W  handleResized abandoned!
2026-04-25 16:09:20.089  1284-1284  SurfaceFlinger          surfaceflinger                       E  Out of order buffers detected for RequestedLayerState{com.theveloper.pixelplay.debug/com.theveloper.pixelplay.MainActivity#11043 parentId=11042} producedId=2 frameNumber=1744 -> producedId=2 frameNumber=1602
2026-04-25 16:09:20.097  1284-1284  SurfaceFlinger          surfaceflinger                       E  Out of order buffers detected for RequestedLayerState{com.theveloper.pixelplay.debug/com.theveloper.pixelplay.MainActivity#11043 parentId=11042} producedId=2 frameNumber=1744 -> producedId=2 frameNumber=1603
2026-04-25 16:09:20.106  1284-1284  SurfaceFlinger          surfaceflinger                       E  Out of order buffers detected for RequestedLayerState{com.theveloper.pixelplay.debug/com.theveloper.pixelplay.MainActivity#11043 parentId=11042} producedId=2 frameNumber=1744 -> producedId=2 frameNumber=1604
2026-04-25 16:09:20.114  1284-1284  SurfaceFlinger          surfaceflinger                       E  Out of order buffers detected for RequestedLayerState{com.theveloper.pixelplay.debug/com.theveloper.pixelplay.MainActivity#11043 parentId=11042} producedId=2 frameNumber=1744 -> producedId=2 frameNumber=1605
2026-04-25 16:09:20.122  1284-1284  SurfaceFlinger          surfaceflinger                       E  Out of order buffers detected for RequestedLayerState{com.theveloper.pixelplay.debug/com.theveloper.pixelplay.MainActivity#11043 parentId=11042} producedId=2 frameNumber=1744 -> producedId=2 frameNumber=1606
2026-04-25 16:09:20.130  1284-1284  SurfaceFlinger          surfaceflinger                       E  Out of order buffers detected for RequestedLayerState{com.theveloper.pixelplay.debug/com.theveloper.pixelplay.MainActivity#11043 parentId=11042} producedId=2 frameNumber=1744 -> producedId=2 frameNumber=1607
2026-04-25 16:09:20.139  1284-1284  SurfaceFlinger          surfaceflinger                       E  Out of order buffers detected for RequestedLayerState{com.theveloper.pixelplay.debug/com.theveloper.pixelplay.MainActivity#11043 parentId=11042} producedId=2 frameNumber=1744 -> producedId=2 frameNumber=1608
2026-04-25 16:09:20.147  1284-1284  SurfaceFlinger          surfaceflinger                       E  Out of order buffers detected for RequestedLayerState{com.theveloper.pixelplay.debug/com.theveloper.pixelplay.MainActivity#11043 parentId=11042} producedId=2 frameNumber=1744 -> producedId=2 frameNumber=1609
2026-04-25 16:09:20.155  1284-1284  SurfaceFlinger          surfaceflinger                       E  Out of order buffers detected for RequestedLayerState{com.theveloper.pixelplay.debug/com.theveloper.pixelplay.MainActivity#11043 parentId=11042} producedId=2 frameNumber=1744 -> producedId=2 frameNumber=1610
2026-04-25 16:09:20.163  1284-1284  SurfaceFlinger          surfaceflinger                       E  Out of order buffers detected for RequestedLayerState{com.theveloper.pixelplay.debug/com.theveloper.pixelplay.MainActivity#11043 parentId=11042} producedId=2 frameNumber=1744 -> producedId=2 frameNumber=1611
2026-04-25 16:09:20.172  1284-1284  SurfaceFlinger          surfaceflinger                       E  Out of order buffers detected for RequestedLayerState{com.theveloper.pixelplay.debug/com.theveloper.pixelplay.MainActivity#11043 parentId=11042} producedId=2 frameNumber=1744 -> producedId=2 frameNumber=1612
2026-04-25 16:09:20.180  1284-1284  SurfaceFlinger          surfaceflinger                       E  Out of order buffers detected for RequestedLayerState{com.theveloper.pixelplay.debug/com.theveloper.pixelplay.MainActivity#11043 parentId=11042} producedId=2 frameNumber=1744 -> producedId=2 frameNumber=1613
2026-04-25 16:09:20.189  1284-1284  SurfaceFlinger          surfaceflinger                       E  Out of order buffers detected for RequestedLayerState{com.theveloper.pixelplay.debug/com.theveloper.pixelplay.MainActivity#11043 parentId=11042} producedId=2 frameNumber=1744 -> producedId=2 frameNumber=1614
2026-04-25 16:09:20.197  1284-1284  SurfaceFlinger          surfaceflinger                       E  Out of order buffers detected for RequestedLayerState{com.theveloper.pixelplay.debug/com.theveloper.pixelplay.MainActivity#11043 parentId=11042} producedId=2 frameNumber=1744 -> producedId=2 frameNumber=1615
2026-04-25 16:09:20.205  1284-1284  SurfaceFlinger          surfaceflinger                       E  Out of order buffers detected for RequestedLayerState{com.theveloper.pixelplay.debug/com.theveloper.pixelplay.MainActivity#11043 parentId=11042} producedId=2 frameNumber=1744 -> producedId=2 frameNumber=1616
2026-04-25 16:09:20.214  1284-1284  SurfaceFlinger          surfaceflinger                       E  Out of order buffers detected for RequestedLayerState{com.theveloper.pixelplay.debug/com.theveloper.pixelplay.MainActivity#11043 parentId=11042} producedId=2 frameNumber=1744 -> producedId=2 frameNumber=1617
2026-04-25 16:09:20.222  1284-1284  SurfaceFlinger          surfaceflinger                       E  Out of order buffers detected for RequestedLayerState{com.theveloper.pixelplay.debug/com.theveloper.pixelplay.MainActivity#11043 parentId=11042} producedId=2 frameNumber=1744 -> producedId=2 frameNumber=1618
2026-04-25 16:09:20.230  1284-1284  SurfaceFlinger          surfaceflinger                       E  Out of order buffers detected for RequestedLayerState{com.theveloper.pixelplay.debug/com.theveloper.pixelplay.MainActivity#11043 parentId=11042} producedId=2 frameNumber=1744 -> producedId=2 frameNumber=1619
2026-04-25 16:09:20.238  1284-1284  SurfaceFlinger          surfaceflinger                       E  Out of order buffers detected for RequestedLayerState{com.theveloper.pixelplay.debug/com.theveloper.pixelplay.MainActivity#11043 parentId=11042} producedId=2 frameNumber=1744 -> producedId=2 frameNumber=1620
2026-04-25 16:09:20.247  1284-1284  SurfaceFlinger          surfaceflinger                       E  Out of order buffers detected for RequestedLayerState{com.theveloper.pixelplay.debug/com.theveloper.pixelplay.MainActivity#11043 parentId=11042} producedId=2 frameNumber=1744 -> producedId=2 frameNumber=1621
2026-04-25 16:09:20.255  1284-1284  SurfaceFlinger          surfaceflinger                       E  Out of order buffers detected for RequestedLayerState{com.theveloper.pixelplay.debug/com.theveloper.pixelplay.MainActivity#11043 parentId=11042} producedId=2 frameNumber=1744 -> producedId=2 frameNumber=1622
2026-04-25 16:09:20.272  1284-1284  SurfaceFlinger          surfaceflinger                       E  Out of order buffers detected for RequestedLayerState{com.theveloper.pixelplay.debug/com.theveloper.pixelplay.MainActivity#11043 parentId=11042} producedId=2 frameNumber=1744 -> producedId=2 frameNumber=1623
2026-04-25 16:09:20.280  1284-1284  SurfaceFlinger          surfaceflinger                       E  Out of order buffers detected for RequestedLayerState{com.theveloper.pixelplay.debug/com.theveloper.pixelplay.MainActivity#11043 parentId=11042} producedId=2 frameNumber=1744 -> producedId=2 frameNumber=1624
2026-04-25 16:09:20.289  1284-1284  SurfaceFlinger          surfaceflinger                       E  Out of order buffers detected for RequestedLayerState{com.theveloper.pixelplay.debug/com.theveloper.pixelplay.MainActivity#11043 parentId=11042} producedId=2 frameNumber=1744 -> producedId=2 frameNumber=1625
2026-04-25 16:09:20.297  1284-1284  SurfaceFlinger          surfaceflinger                       E  Out of order buffers detected for RequestedLayerState{com.theveloper.pixelplay.debug/com.theveloper.pixelplay.MainActivity#11043 parentId=11042} producedId=2 frameNumber=1744 -> producedId=2 frameNumber=1626
2026-04-25 16:09:20.305  1284-1284  SurfaceFlinger          surfaceflinger                       E  Out of order buffers detected for RequestedLayerState{com.theveloper.pixelplay.debug/com.theveloper.pixelplay.MainActivity#11043 parentId=11042} producedId=2 frameNumber=1744 -> producedId=2 frameNumber=1627
2026-04-25 16:09:20.314  1284-1284  SurfaceFlinger          surfaceflinger                       E  Out of order buffers detected for RequestedLayerState{com.theveloper.pixelplay.debug/com.theveloper.pixelplay.MainActivity#11043 parentId=11042} producedId=2 frameNumber=1744 -> producedId=2 frameNumber=1628
2026-04-25 16:09:20.322  1284-1284  SurfaceFlinger          surfaceflinger                       E  Out of order buffers detected for RequestedLayerState{com.theveloper.pixelplay.debug/com.theveloper.pixelplay.MainActivity#11043 parentId=11042} producedId=2 frameNumber=1744 -> producedId=2 frameNumber=1629
2026-04-25 16:09:20.330  1284-1284  SurfaceFlinger          surfaceflinger                       E  Out of order buffers detected for RequestedLayerState{com.theveloper.pixelplay.debug/com.theveloper.pixelplay.MainActivity#11043 parentId=11042} producedId=2 frameNumber=1744 -> producedId=2 frameNumber=1630
2026-04-25 16:09:20.338  1284-1284  SurfaceFlinger          surfaceflinger                       E  Out of order buffers detected for RequestedLayerState{com.theveloper.pixelplay.debug/com.theveloper.pixelplay.MainActivity#11043 parentId=11042} producedId=2 frameNumber=1744 -> producedId=2 frameNumber=1631
2026-04-25 16:09:20.346  1284-1284  SurfaceFlinger          surfaceflinger                       E  Out of order buffers detected for RequestedLayerState{com.theveloper.pixelplay.debug/com.theveloper.pixelplay.MainActivity#11043 parentId=11042} producedId=2 frameNumber=1744 -> producedId=2 frameNumber=1632
2026-04-25 16:09:20.355  1284-1284  SurfaceFlinger          surfaceflinger                       E  Out of order buffers detected for RequestedLayerState{com.theveloper.pixelplay.debug/com.theveloper.pixelplay.MainActivity#11043 parentId=11042} producedId=2 frameNumber=1744 -> producedId=2 frameNumber=1633
2026-04-25 16:09:20.363  1284-1284  SurfaceFlinger          surfaceflinger                       E  Out of order buffers detected for RequestedLayerState{com.theveloper.pixelplay.debug/com.theveloper.pixelplay.MainActivity#11043 parentId=11042} producedId=2 frameNumber=1744 -> producedId=2 frameNumber=1634
2026-04-25 16:09:20.371  1284-1284  SurfaceFlinger          surfaceflinger                       E  Out of order buffers detected for RequestedLayerState{com.theveloper.pixelplay.debug/com.theveloper.pixelplay.MainActivity#11043 parentId=11042} producedId=2 frameNumber=1744 -> producedId=2 frameNumber=1635
2026-04-25 16:09:20.380  1284-1284  SurfaceFlinger          surfaceflinger                       E  Out of order buffers detected for RequestedLayerState{com.theveloper.pixelplay.debug/com.theveloper.pixelplay.MainActivity#11043 parentId=11042} producedId=2 frameNumber=1744 -> producedId=2 frameNumber=1636
2026-04-25 16:09:20.388  1284-1284  SurfaceFlinger          surfaceflinger                       E  Out of order buffers detected for RequestedLayerState{com.theveloper.pixelplay.debug/com.theveloper.pixelplay.MainActivity#11043 parentId=11042} producedId=2 frameNumber=1744 -> producedId=2 frameNumber=1637
2026-04-25 16:09:20.397  1284-1284  SurfaceFlinger          surfaceflinger                       E  Out of order buffers detected for RequestedLayerState{com.theveloper.pixelplay.debug/com.theveloper.pixelplay.MainActivity#11043 parentId=11042} producedId=2 frameNumber=1744 -> producedId=2 frameNumber=1638
2026-04-25 16:09:20.405  1284-1284  SurfaceFlinger          surfaceflinger                       E  Out of order buffers detected for RequestedLayerState{com.theveloper.pixelplay.debug/com.theveloper.pixelplay.MainActivity#11043 parentId=11042} producedId=2 frameNumber=1744 -> producedId=2 frameNumber=1639
2026-04-25 16:09:20.413  1284-1284  SurfaceFlinger          surfaceflinger                       E  Out of order buffers detected for RequestedLayerState{com.theveloper.pixelplay.debug/com.theveloper.pixelplay.MainActivity#11043 parentId=11042} producedId=2 frameNumber=1744 -> producedId=2 frameNumber=1640
2026-04-25 16:09:20.422  1284-1284  SurfaceFlinger          surfaceflinger                       E  Out of order buffers detected for RequestedLayerState{com.theveloper.pixelplay.debug/com.theveloper.pixelplay.MainActivity#11043 parentId=11042} producedId=2 frameNumber=1744 -> producedId=2 frameNumber=1641
2026-04-25 16:09:20.430  1284-1284  SurfaceFlinger          surfaceflinger                       E  Out of order buffers detected for RequestedLayerState{com.theveloper.pixelplay.debug/com.theveloper.pixelplay.MainActivity#11043 parentId=11042} producedId=2 frameNumber=1744 -> producedId=2 frameNumber=1642
2026-04-25 16:09:20.438  1284-1284  SurfaceFlinger          surfaceflinger                       E  Out of order buffers detected for RequestedLayerState{com.theveloper.pixelplay.debug/com.theveloper.pixelplay.MainActivity#11043 parentId=11042} producedId=2 frameNumber=1744 -> producedId=2 frameNumber=1643
2026-04-25 16:09:20.447  1284-1284  SurfaceFlinger          surfaceflinger                       E  Out of order buffers detected for RequestedLayerState{com.theveloper.pixelplay.debug/com.theveloper.pixelplay.MainActivity#11043 parentId=11042} producedId=2 frameNumber=1744 -> producedId=2 frameNumber=1644
2026-04-25 16:09:20.455  1284-1284  SurfaceFlinger          surfaceflinger                       E  Out of order buffers detected for RequestedLayerState{com.theveloper.pixelplay.debug/com.theveloper.pixelplay.MainActivity#11043 parentId=11042} producedId=2 frameNumber=1744 -> producedId=2 frameNumber=1645
2026-04-25 16:09:20.463  1284-1284  SurfaceFlinger          surfaceflinger                       E  Out of order buffers detected for RequestedLayerState{com.theveloper.pixelplay.debug/com.theveloper.pixelplay.MainActivity#11043 parentId=11042} producedId=2 frameNumber=1744 -> producedId=2 frameNumber=1646
2026-04-25 16:09:20.471  1284-1284  SurfaceFlinger          surfaceflinger                       E  Out of order buffers detected for RequestedLayerState{com.theveloper.pixelplay.debug/com.theveloper.pixelplay.MainActivity#11043 parentId=11042} producedId=2 frameNumber=1744 -> producedId=2 frameNumber=1647
2026-04-25 16:09:20.621  1284-1284  SurfaceFlinger          surfaceflinger                       E  Out of order buffers detected for RequestedLayerState{com.theveloper.pixelplay.debug/com.theveloper.pixelplay.MainActivity#11043 parentId=11042} producedId=2 frameNumber=1744 -> producedId=2 frameNumber=1648
2026-04-25 16:09:20.629  1284-1284  SurfaceFlinger          surfaceflinger                       E  Out of order buffers detected for RequestedLayerState{com.theveloper.pixelplay.debug/com.theveloper.pixelplay.MainActivity#11043 parentId=11042} producedId=2 frameNumber=1744 -> producedId=2 frameNumber=1649
2026-04-25 16:09:20.638  1284-1284  SurfaceFlinger          surfaceflinger                       E  Out of order buffers detected for RequestedLayerState{com.theveloper.pixelplay.debug/com.theveloper.pixelplay.MainActivity#11043 parentId=11042} producedId=2 frameNumber=1744 -> producedId=2 frameNumber=1650
2026-04-25 16:09:20.645 27707-27844 python.stdout           com.theveloper.pixelplay.debug       I  📥 REQUEST: action=search, request_id=021db866..., data_keys=['query', 'filter', 'limit', 'offset']
2026-04-25 16:09:20.646  1284-1284  SurfaceFlinger          surfaceflinger                       E  Out of order buffers detected for RequestedLayerState{com.theveloper.pixelplay.debug/com.theveloper.pixelplay.MainActivity#11043 parentId=11042} producedId=2 frameNumber=1744 -> producedId=2 frameNumber=1651
2026-04-25 16:09:20.887  1284-1284  SurfaceFlinger          surfaceflinger                       E  Out of order buffers detected for RequestedLayerState{com.theveloper.pixelplay.debug/com.theveloper.pixelplay.MainActivity#11043 parentId=11042} producedId=2 frameNumber=1744 -> producedId=2 frameNumber=1652
2026-04-25 16:09:20.895  1284-1284  SurfaceFlinger          surfaceflinger                       E  Out of order buffers detected for RequestedLayerState{com.theveloper.pixelplay.debug/com.theveloper.pixelplay.MainActivity#11043 parentId=11042} producedId=2 frameNumber=1744 -> producedId=2 frameNumber=1653
2026-04-25 16:09:21.403  1284-1284  SurfaceFlinger          surfaceflinger                       E  Out of order buffers detected for RequestedLayerState{com.theveloper.pixelplay.debug/com.theveloper.pixelplay.MainActivity#11043 parentId=11042} producedId=2 frameNumber=1744 -> producedId=2 frameNumber=1654
2026-04-25 16:09:21.478  1284-1284  SurfaceFlinger          surfaceflinger                       E  Out of order buffers detected for RequestedLayerState{com.theveloper.pixelplay.debug/com.theveloper.pixelplay.MainActivity#11043 parentId=11042} producedId=2 frameNumber=1744 -> producedId=2 frameNumber=1655
2026-04-25 16:09:21.486  1284-1284  SurfaceFlinger          surfaceflinger                       E  Out of order buffers detected for RequestedLayerState{com.theveloper.pixelplay.debug/com.theveloper.pixelplay.MainActivity#11043 parentId=11042} producedId=2 frameNumber=1744 -> producedId=2 frameNumber=1656
2026-04-25 16:09:21.694  1284-1284  SurfaceFlinger          surfaceflinger                       E  Out of order buffers detected for RequestedLayerState{com.theveloper.pixelplay.debug/com.theveloper.pixelplay.MainActivity#11043 parentId=11042} producedId=2 frameNumber=1744 -> producedId=2 frameNumber=1657
2026-04-25 16:09:21.703  1284-1284  SurfaceFlinger          surfaceflinger                       E  Out of order buffers detected for RequestedLayerState{com.theveloper.pixelplay.debug/com.theveloper.pixelplay.MainActivity#11043 parentId=11042} producedId=2 frameNumber=1744 -> producedId=2 frameNumber=1658
2026-04-25 16:09:22.110  1284-1284  SurfaceFlinger          surfaceflinger                       E  Out of order buffers detected for RequestedLayerState{com.theveloper.pixelplay.debug/com.theveloper.pixelplay.MainActivity#11043 parentId=11042} producedId=2 frameNumber=1744 -> producedId=2 frameNumber=1659
2026-04-25 16:09:22.118  1284-1284  SurfaceFlinger          surfaceflinger                       E  Out of order buffers detected for RequestedLayerState{com.theveloper.pixelplay.debug/com.theveloper.pixelplay.MainActivity#11043 parentId=11042} producedId=2 frameNumber=1744 -> producedId=2 frameNumber=1660
2026-04-25 16:09:22.456  2044-4510  NotificationService     system_server                        E  Package enqueue rate is 5.252347. Shedding 0|com.theveloper.pixelplay.debug|9001|null|10447. package=com.theveloper.pixelplay.debug
2026-04-25 16:09:22.626  1284-1284  SurfaceFlinger          surfaceflinger                       E  Out of order buffers detected for RequestedLayerState{com.theveloper.pixelplay.debug/com.theveloper.pixelplay.MainActivity#11043 parentId=11042} producedId=2 frameNumber=1744 -> producedId=2 frameNumber=1661
2026-04-25 16:09:22.684  1284-1284  SurfaceFlinger          surfaceflinger                       E  Out of order buffers detected for RequestedLayerState{com.theveloper.pixelplay.debug/com.theveloper.pixelplay.MainActivity#11043 parentId=11042} producedId=2 frameNumber=1744 -> producedId=2 frameNumber=1662
2026-04-25 16:09:22.692  1284-1284  SurfaceFlinger          surfaceflinger                       E  Out of order buffers detected for RequestedLayerState{com.theveloper.pixelplay.debug/com.theveloper.pixelplay.MainActivity#11043 parentId=11042} producedId=2 frameNumber=1744 -> producedId=2 frameNumber=1663
2026-04-25 16:09:22.975  1284-1284  SurfaceFlinger          surfaceflinger                       E  Out of order buffers detected for RequestedLayerState{com.theveloper.pixelplay.debug/com.theveloper.pixelplay.MainActivity#11043 parentId=11042} producedId=2 frameNumber=1744 -> producedId=2 frameNumber=1664
2026-04-25 16:09:22.983  1284-1284  SurfaceFlinger          surfaceflinger                       E  Out of order buffers detected for RequestedLayerState{com.theveloper.pixelplay.debug/com.theveloper.pixelplay.MainActivity#11043 parentId=11042} producedId=2 frameNumber=1744 -> producedId=2 frameNumber=1665
2026-04-25 16:09:22.987 27707-27713 pixelplay.debug         com.theveloper.pixelplay.debug       I  Compiler allocated 5693KB to compile void androidx.compose.material3.internal.TextFieldImplKt.CommonDecorationBox(androidx.compose.material3.internal.TextFieldType, java.lang.CharSequence, kotlin.jvm.functions.Function2, androidx.compose.material3.TextFieldLabelPosition, kotlin.jvm.functions.Function3, kotlin.jvm.functions.Function2, kotlin.jvm.functions.Function2, kotlin.jvm.functions.Function2, kotlin.jvm.functions.Function2, kotlin.jvm.functions.Function2, kotlin.jvm.functions.Function2, boolean, boolean, boolean, androidx.compose.foundation.interaction.InteractionSource, androidx.compose.foundation.layout.PaddingValues, androidx.compose.material3.TextFieldColors, kotlin.jvm.functions.Function2, androidx.compose.runtime.Composer, int, int)
2026-04-25 16:09:23.404 27707-27707 InsetsController        com.theveloper.pixelplay.debug       D  hide(ime(), fromIme=false)
2026-04-25 16:09:23.406 27707-27707 ImeTracker              com.theveloper.pixelplay.debug       I  com.theveloper.pixelplay.debug:86eda990: onRequestHide at ORIGIN_CLIENT reason HIDE_SOFT_INPUT_BY_INSETS_API fromUser false
2026-04-25 16:09:23.406 27707-27707 WindowOnBackDispatcher  com.theveloper.pixelplay.debug       W  sendCancelIfRunning: isInProgress=false callback=ImeCallback=ImeOnBackInvokedCallback@107163988 hash=196089937 Callback=android.window.IOnBackInvokedCallback$Stub$Proxy@c1c4767
2026-04-25 16:09:23.406 27707-27707 InsetsController        com.theveloper.pixelplay.debug       D  Setting requestedVisibleTypes to -9 (was -1)
2026-04-25 16:09:23.410 27707-27707 DynamicFra...nagerImpl] com.theveloper.pixelplay.debug       E  setFrameRateInternalForWindow: TIMING_DO_WINDOW_ANIMATION request is = FrameRateRequest: {  mUniqueID = 108394772, mVelocity = -1, mPreviousFrameRate = 0, mBindWithSC = true, mSc = Surface(name=Surface(name=240937d InputMethod)/@0xa72a721 - animation-leash of insets_animation)/@0x675f914, mTransaction = android.view.SurfaceControl$Transaction@302cf54, Type = 20103 } , frameRate 120
2026-04-25 16:09:23.416  1284-1284  SurfaceFlinger          surfaceflinger                       E  Out of order buffers detected for RequestedLayerState{com.theveloper.pixelplay.debug/com.theveloper.pixelplay.MainActivity#11043 parentId=11042} producedId=2 frameNumber=1744 -> producedId=2 frameNumber=1666
2026-04-25 16:09:23.424 27707-27707 VRI[MainActivity]       com.theveloper.pixelplay.debug       W  handleResized abandoned!
2026-04-25 16:09:23.424  1284-1284  SurfaceFlinger          surfaceflinger                       E  Out of order buffers detected for RequestedLayerState{com.theveloper.pixelplay.debug/com.theveloper.pixelplay.MainActivity#11043 parentId=11042} producedId=2 frameNumber=1744 -> producedId=2 frameNumber=1667
2026-04-25 16:09:23.432  1284-1284  SurfaceFlinger          surfaceflinger                       E  Out of order buffers detected for RequestedLayerState{com.theveloper.pixelplay.debug/com.theveloper.pixelplay.MainActivity#11043 parentId=11042} producedId=2 frameNumber=1744 -> producedId=2 frameNumber=1668
2026-04-25 16:09:23.441  1284-1284  SurfaceFlinger          surfaceflinger                       E  Out of order buffers detected for RequestedLayerState{com.theveloper.pixelplay.debug/com.theveloper.pixelplay.MainActivity#11043 parentId=11042} producedId=2 frameNumber=1744 -> producedId=2 frameNumber=1669
2026-04-25 16:09:23.442 27707-27707 ImeTracker              com.theveloper.pixelplay.debug       I  system_server:1e0b576c: onCancelled at PHASE_CLIENT_ON_CONTROLS_CHANGED
2026-04-25 16:09:23.449  1284-1284  SurfaceFlinger          surfaceflinger                       E  Out of order buffers detected for RequestedLayerState{com.theveloper.pixelplay.debug/com.theveloper.pixelplay.MainActivity#11043 parentId=11042} producedId=2 frameNumber=1744 -> producedId=2 frameNumber=1670
2026-04-25 16:09:23.457  1284-1284  SurfaceFlinger          surfaceflinger                       E  Out of order buffers detected for RequestedLayerState{com.theveloper.pixelplay.debug/com.theveloper.pixelplay.MainActivity#11043 parentId=11042} producedId=2 frameNumber=1744 -> producedId=2 frameNumber=1671
2026-04-25 16:09:23.466  1284-1284  SurfaceFlinger          surfaceflinger                       E  Out of order buffers detected for RequestedLayerState{com.theveloper.pixelplay.debug/com.theveloper.pixelplay.MainActivity#11043 parentId=11042} producedId=2 frameNumber=1744 -> producedId=2 frameNumber=1672
2026-04-25 16:09:23.474  1284-1284  SurfaceFlinger          surfaceflinger                       E  Out of order buffers detected for RequestedLayerState{com.theveloper.pixelplay.debug/com.theveloper.pixelplay.MainActivity#11043 parentId=11042} producedId=2 frameNumber=1744 -> producedId=2 frameNumber=1673
2026-04-25 16:09:23.482  1284-1284  SurfaceFlinger          surfaceflinger                       E  Out of order buffers detected for RequestedLayerState{com.theveloper.pixelplay.debug/com.theveloper.pixelplay.MainActivity#11043 parentId=11042} producedId=2 frameNumber=1744 -> producedId=2 frameNumber=1674
2026-04-25 16:09:23.490  1284-1284  SurfaceFlinger          surfaceflinger                       E  Out of order buffers detected for RequestedLayerState{com.theveloper.pixelplay.debug/com.theveloper.pixelplay.MainActivity#11043 parentId=11042} producedId=2 frameNumber=1744 -> producedId=2 frameNumber=1675
2026-04-25 16:09:23.499  1284-1284  SurfaceFlinger          surfaceflinger                       E  Out of order buffers detected for RequestedLayerState{com.theveloper.pixelplay.debug/com.theveloper.pixelplay.MainActivity#11043 parentId=11042} producedId=2 frameNumber=1744 -> producedId=2 frameNumber=1676
2026-04-25 16:09:23.507  1284-1284  SurfaceFlinger          surfaceflinger                       E  Out of order buffers detected for RequestedLayerState{com.theveloper.pixelplay.debug/com.theveloper.pixelplay.MainActivity#11043 parentId=11042} producedId=2 frameNumber=1744 -> producedId=2 frameNumber=1677
2026-04-25 16:09:23.515  1284-1284  SurfaceFlinger          surfaceflinger                       E  Out of order buffers detected for RequestedLayerState{com.theveloper.pixelplay.debug/com.theveloper.pixelplay.MainActivity#11043 parentId=11042} producedId=2 frameNumber=1744 -> producedId=2 frameNumber=1678
2026-04-25 16:09:23.524  1284-1284  SurfaceFlinger          surfaceflinger                       E  Out of order buffers detected for RequestedLayerState{com.theveloper.pixelplay.debug/com.theveloper.pixelplay.MainActivity#11043 parentId=11042} producedId=2 frameNumber=1744 -> producedId=2 frameNumber=1679
2026-04-25 16:09:23.532  1284-1284  SurfaceFlinger          surfaceflinger                       E  Out of order buffers detected for RequestedLayerState{com.theveloper.pixelplay.debug/com.theveloper.pixelplay.MainActivity#11043 parentId=11042} producedId=2 frameNumber=1744 -> producedId=2 frameNumber=1680
2026-04-25 16:09:23.540  1284-1284  SurfaceFlinger          surfaceflinger                       E  Out of order buffers detected for RequestedLayerState{com.theveloper.pixelplay.debug/com.theveloper.pixelplay.MainActivity#11043 parentId=11042} producedId=2 frameNumber=1744 -> producedId=2 frameNumber=1681
2026-04-25 16:09:23.549  1284-1284  SurfaceFlinger          surfaceflinger                       E  Out of order buffers detected for RequestedLayerState{com.theveloper.pixelplay.debug/com.theveloper.pixelplay.MainActivity#11043 parentId=11042} producedId=2 frameNumber=1744 -> producedId=2 frameNumber=1682
2026-04-25 16:09:23.557  1284-1284  SurfaceFlinger          surfaceflinger                       E  Out of order buffers detected for RequestedLayerState{com.theveloper.pixelplay.debug/com.theveloper.pixelplay.MainActivity#11043 parentId=11042} producedId=2 frameNumber=1744 -> producedId=2 frameNumber=1683
2026-04-25 16:09:23.565  1284-1284  SurfaceFlinger          surfaceflinger                       E  Out of order buffers detected for RequestedLayerState{com.theveloper.pixelplay.debug/com.theveloper.pixelplay.MainActivity#11043 parentId=11042} producedId=2 frameNumber=1744 -> producedId=2 frameNumber=1684
2026-04-25 16:09:23.574  1284-1284  SurfaceFlinger          surfaceflinger                       E  Out of order buffers detected for RequestedLayerState{com.theveloper.pixelplay.debug/com.theveloper.pixelplay.MainActivity#11043 parentId=11042} producedId=2 frameNumber=1744 -> producedId=2 frameNumber=1685
2026-04-25 16:09:23.582  1284-1284  SurfaceFlinger          surfaceflinger                       E  Out of order buffers detected for RequestedLayerState{com.theveloper.pixelplay.debug/com.theveloper.pixelplay.MainActivity#11043 parentId=11042} producedId=2 frameNumber=1744 -> producedId=2 frameNumber=1686
2026-04-25 16:09:23.590  1284-1284  SurfaceFlinger          surfaceflinger                       E  Out of order buffers detected for RequestedLayerState{com.theveloper.pixelplay.debug/com.theveloper.pixelplay.MainActivity#11043 parentId=11042} producedId=2 frameNumber=1744 -> producedId=2 frameNumber=1687
2026-04-25 16:09:23.599  1284-1284  SurfaceFlinger          surfaceflinger                       E  Out of order buffers detected for RequestedLayerState{com.theveloper.pixelplay.debug/com.theveloper.pixelplay.MainActivity#11043 parentId=11042} producedId=2 frameNumber=1744 -> producedId=2 frameNumber=1688
2026-04-25 16:09:23.607  1284-1284  SurfaceFlinger          surfaceflinger                       E  Out of order buffers detected for RequestedLayerState{com.theveloper.pixelplay.debug/com.theveloper.pixelplay.MainActivity#11043 parentId=11042} producedId=2 frameNumber=1744 -> producedId=2 frameNumber=1689
2026-04-25 16:09:23.615  1284-1284  SurfaceFlinger          surfaceflinger                       E  Out of order buffers detected for RequestedLayerState{com.theveloper.pixelplay.debug/com.theveloper.pixelplay.MainActivity#11043 parentId=11042} producedId=2 frameNumber=1744 -> producedId=2 frameNumber=1690
2026-04-25 16:09:23.624  1284-1284  SurfaceFlinger          surfaceflinger                       E  Out of order buffers detected for RequestedLayerState{com.theveloper.pixelplay.debug/com.theveloper.pixelplay.MainActivity#11043 parentId=11042} producedId=2 frameNumber=1744 -> producedId=2 frameNumber=1691
2026-04-25 16:09:23.632  1284-1284  SurfaceFlinger          surfaceflinger                       E  Out of order buffers detected for RequestedLayerState{com.theveloper.pixelplay.debug/com.theveloper.pixelplay.MainActivity#11043 parentId=11042} producedId=2 frameNumber=1744 -> producedId=2 frameNumber=1692
2026-04-25 16:09:23.640  1284-1284  SurfaceFlinger          surfaceflinger                       E  Out of order buffers detected for RequestedLayerState{com.theveloper.pixelplay.debug/com.theveloper.pixelplay.MainActivity#11043 parentId=11042} producedId=2 frameNumber=1744 -> producedId=2 frameNumber=1693
2026-04-25 16:09:23.649  1284-1284  SurfaceFlinger          surfaceflinger                       E  Out of order buffers detected for RequestedLayerState{com.theveloper.pixelplay.debug/com.theveloper.pixelplay.MainActivity#11043 parentId=11042} producedId=2 frameNumber=1744 -> producedId=2 frameNumber=1694
2026-04-25 16:09:23.657  1284-1284  SurfaceFlinger          surfaceflinger                       E  Out of order buffers detected for RequestedLayerState{com.theveloper.pixelplay.debug/com.theveloper.pixelplay.MainActivity#11043 parentId=11042} producedId=2 frameNumber=1744 -> producedId=2 frameNumber=1695
2026-04-25 16:09:23.665  1284-1284  SurfaceFlinger          surfaceflinger                       E  Out of order buffers detected for RequestedLayerState{com.theveloper.pixelplay.debug/com.theveloper.pixelplay.MainActivity#11043 parentId=11042} producedId=2 frameNumber=1744 -> producedId=2 frameNumber=1696
2026-04-25 16:09:23.673  1284-1284  SurfaceFlinger          surfaceflinger                       E  Out of order buffers detected for RequestedLayerState{com.theveloper.pixelplay.debug/com.theveloper.pixelplay.MainActivity#11043 parentId=11042} producedId=2 frameNumber=1744 -> producedId=2 frameNumber=1697
2026-04-25 16:09:23.682  1284-1284  SurfaceFlinger          surfaceflinger                       E  Out of order buffers detected for RequestedLayerState{com.theveloper.pixelplay.debug/com.theveloper.pixelplay.MainActivity#11043 parentId=11042} producedId=2 frameNumber=1744 -> producedId=2 frameNumber=1698
2026-04-25 16:09:23.690  1284-1284  SurfaceFlinger          surfaceflinger                       E  Out of order buffers detected for RequestedLayerState{com.theveloper.pixelplay.debug/com.theveloper.pixelplay.MainActivity#11043 parentId=11042} producedId=2 frameNumber=1744 -> producedId=2 frameNumber=1699
2026-04-25 16:09:23.699  1284-1284  SurfaceFlinger          surfaceflinger                       E  Out of order buffers detected for RequestedLayerState{com.theveloper.pixelplay.debug/com.theveloper.pixelplay.MainActivity#11043 parentId=11042} producedId=2 frameNumber=1744 -> producedId=2 frameNumber=1700
2026-04-25 16:09:23.705 27707-27707 DynamicFra...nagerImpl] com.theveloper.pixelplay.debug       E  setFrameRateInternalForWindow: TIMING_DO_WINDOW_ANIMATION request is = FrameRateRequest: {  mUniqueID = 108394772, mVelocity = -2, mPreviousFrameRate = 120, mBindWithSC = true, mSc = Surface(name=Surface(name=240937d InputMethod)/@0xa72a721 - animation-leash of insets_animation)/@0x675f914, mTransaction = android.view.SurfaceControl$Transaction@302cf54, Type = 20103 } , frameRate 0
2026-04-25 16:09:23.707  1284-1284  SurfaceFlinger          surfaceflinger                       E  Out of order buffers detected for RequestedLayerState{com.theveloper.pixelplay.debug/com.theveloper.pixelplay.MainActivity#11043 parentId=11042} producedId=2 frameNumber=1744 -> producedId=2 frameNumber=1701
2026-04-25 16:09:23.723  1284-1284  SurfaceFlinger          surfaceflinger                       E  Out of order buffers detected for RequestedLayerState{com.theveloper.pixelplay.debug/com.theveloper.pixelplay.MainActivity#11043 parentId=11042} producedId=2 frameNumber=1744 -> producedId=2 frameNumber=1702
2026-04-25 16:09:23.752 27707-28167 skia                    com.theveloper.pixelplay.debug       D  SkJpegCodec::onGetPixels + (544, 540)
2026-04-25 16:09:23.759 27707-28167 skia                    com.theveloper.pixelplay.debug       D  SkJpegCodec::onGetPixels -
2026-04-25 16:09:23.760 27707-28174 skia                    com.theveloper.pixelplay.debug       D  SkJpegCodec::onGetPixels + (544, 544)
2026-04-25 16:09:23.765 27707-28174 skia                    com.theveloper.pixelplay.debug       D  SkJpegCodec::onGetPixels -
2026-04-25 16:09:23.767 27707-28167 skia                    com.theveloper.pixelplay.debug       D  SkJpegCodec::onGetPixels + (544, 544)
2026-04-25 16:09:23.771 27707-28167 skia                    com.theveloper.pixelplay.debug       D  SkJpegCodec::onGetPixels -
2026-04-25 16:09:23.882  1284-1284  SurfaceFlinger          surfaceflinger                       E  Out of order buffers detected for RequestedLayerState{com.theveloper.pixelplay.debug/com.theveloper.pixelplay.MainActivity#11043 parentId=11042} producedId=2 frameNumber=1744 -> producedId=2 frameNumber=1703
