                                                                                                    	at com.theveloper.pixelplay.data.service.player.DualPlayerEngine$buildPlayer$resolver$1.resolveDataSpec(DualPlayerEngine.kt:345)
                                                                                                    	at androidx.media3.datasource.ResolvingDataSource.open(ResolvingDataSource.java:108)
                                                                                                    	at androidx.media3.datasource.StatsDataSource.open(StatsDataSource.java:89)
                                                                                                    	at androidx.media3.exoplayer.source.ProgressiveMediaPeriod$ExtractingLoadable.load(ProgressiveMediaPeriod.java:1152)
                                                                                                    	at androidx.media3.exoplayer.upstream.Loader$LoadTask.run(Loader.java:453)
                                                                                                    	at java.util.concurrent.ThreadPoolExecutor.runWorker(ThreadPoolExecutor.java:1154)
                                                                                                    	at java.util.concurrent.ThreadPoolExecutor$Worker.run(ThreadPoolExecutor.java:652)
                                                                                                    	at java.lang.Thread.run(Thread.java:1564)
2026-04-25 16:09:33.114 27707-29550 DualPlayerEngine        com.theveloper.pixelplay.debug       W  resolveDataSpec: cache MISS for ytm://5LFB3qdmZBM — blocking to resolve
2026-04-25 16:09:33.114 27707-29550 DualPlayerEngine        com.theveloper.pixelplay.debug       D  Async resolving YTM URI: ytm://5LFB3qdmZBM
2026-04-25 16:09:33.121 27707-27707 DualPlayerEngine        com.theveloper.pixelplay.debug       D  Async resolving YTM URI: ytm://kquPJC4cq7o
2026-04-25 16:09:33.121 27707-27707 TransitionDebug         com.theveloper.pixelplay.debug       D  Preparing next track: kquPJC4cq7o (Index: 1)
2026-04-25 16:09:33.121 27707-27707 TransitionDebug         com.theveloper.pixelplay.debug       D  Engine: prepareNext called for kquPJC4cq7o
2026-04-25 16:09:33.121 27707-27707 DualPlayerEngine        com.theveloper.pixelplay.debug       D  Async resolving YTM URI: ytm://kquPJC4cq7o
2026-04-25 16:09:33.124  2044-3385  NotificationService     system_server                        E  Package enqueue rate is 5.5027018. Shedding 0|com.theveloper.pixelplay.debug|9001|null|10447. package=com.theveloper.pixelplay.debug
2026-04-25 16:09:33.143 27707-29321 python.stdout           com.theveloper.pixelplay.debug       I  🎬 [Premium/web_creator] Extracting: 5LFB3qdmZBM
2026-04-25 16:09:33.150 27707-29321 python.stdout           com.theveloper.pixelplay.debug       I  [youtube] Extracting URL: https://www.youtube.com/watch?v=5LFB3qdmZBM
2026-04-25 16:09:33.151 27707-29321 python.stdout           com.theveloper.pixelplay.debug       I  [youtube] 5LFB3qdmZBM: Downloading webpage
2026-04-25 16:09:33.354 27707-28174 WearStatePublisher      com.theveloper.pixelplay.debug       D  Published state to Wear: One Dance (feat. WizKid & Kyla) (playing=false)
2026-04-25 16:09:33.699 27707-29321 python.stderr           com.theveloper.pixelplay.debug       W  WARNING: [youtube] unable to extract yt initial data; please report this issue on  https://github.com/yt-dlp/yt-dlp/issues?q= , filling out the appropriate issue template. Confirm you are on the latest version using  yt-dlp -U
2026-04-25 16:09:33.700 27707-29321 python.stderr           com.theveloper.pixelplay.debug       W  WARNING: [youtube] Incomplete data received in embedded initial data; re-fetching using API.
2026-04-25 16:09:33.703 27707-29321 python.stdout           com.theveloper.pixelplay.debug       I  [youtube] 5LFB3qdmZBM: Downloading initial data API JSON
2026-04-25 16:09:34.863 27707-29321 python.stderr           com.theveloper.pixelplay.debug       W  WARNING: [youtube] unable to extract web_safari client initial player response; please report this issue on  https://github.com/yt-dlp/yt-dlp/issues?q= , filling out the appropriate issue template. Confirm you are on the latest version using  yt-dlp -U
2026-04-25 16:09:34.868 27707-29321 python.stdout           com.theveloper.pixelplay.debug       I  [youtube] 5LFB3qdmZBM: Downloading web creator client config
2026-04-25 16:09:35.063 27707-29303 OkHttp                  com.theveloper.pixelplay.debug       I  <-- 200 OK https://lrclib.net/api/search?track_name=One%20Dance&artist_name=Drake (1962ms)
2026-04-25 16:09:35.063 27707-29303 OkHttp                  com.theveloper.pixelplay.debug       I  Server: nginx/1.26.3
2026-04-25 16:09:35.063 27707-29303 OkHttp                  com.theveloper.pixelplay.debug       I  Date: Sat, 25 Apr 2026 10:39:35 GMT
2026-04-25 16:09:35.063 27707-29303 OkHttp                  com.theveloper.pixelplay.debug       I  Content-Type: application/json
2026-04-25 16:09:35.063 27707-29303 OkHttp                  com.theveloper.pixelplay.debug       I  Transfer-Encoding: chunked
2026-04-25 16:09:35.063 27707-29303 OkHttp                  com.theveloper.pixelplay.debug       I  Connection: keep-alive
2026-04-25 16:09:35.063 27707-29303 OkHttp                  com.theveloper.pixelplay.debug       I  vary: origin, access-control-request-method, access-control-request-headers
2026-04-25 16:09:35.063 27707-29303 OkHttp                  com.theveloper.pixelplay.debug       I  access-control-allow-origin: *
2026-04-25 16:09:35.063 27707-29303 OkHttp                  com.theveloper.pixelplay.debug       I  <-- END HTTP
2026-04-25 16:09:35.090 27707-27846 LyricsRepository        com.theveloper.pixelplay.debug       D  Fast search hit from strategy: track+artist (20 results)
2026-04-25 16:09:35.093 27707-28175 LyricsRepository        com.theveloper.pixelplay.debug       D  Strategy combined_query failed after retries: StandaloneCoroutine was cancelled
2026-04-25 16:09:35.094 27707-29302 OkHttp                  com.theveloper.pixelplay.debug       I  <-- HTTP FAILED: java.net.SocketException: Socket closed. https://lrclib.net/api/search?q=Drake%20One%20Dance (1994ms)
2026-04-25 16:09:35.135 27707-28175 LyricsRepository        com.theveloper.pixelplay.debug       D  LRCLIB lyrics found - Synced: true, Plain: true
2026-04-25 16:09:35.136 27707-28175 LyricsRepository        com.theveloper.pixelplay.debug       W  Skipping database save for non-numeric song ID: 5LFB3qdmZBM (likely Telegram song). Lyrics will be cached in JSON.
2026-04-25 16:09:35.136 27707-28175 LyricsRepository        com.theveloper.pixelplay.debug       D  Found lyrics from API for: Drake - One Dance (feat. WizKid & Kyla)
2026-04-25 16:09:35.141 27707-28175 LyricsRepository        com.theveloper.pixelplay.debug       D  Saved lyrics to JSON cache: /data/user/0/com.theveloper.pixelplay.debug/files/lyrics/5LFB3qdmZBM.json
2026-04-25 16:09:35.628 27707-29321 python.stdout           com.theveloper.pixelplay.debug       I  [youtube] 5LFB3qdmZBM: Downloading player 8456c9de-main
2026-04-25 16:09:36.089 27707-29321 python.stdout           com.theveloper.pixelplay.debug       I  [youtube] 5LFB3qdmZBM: Downloading web creator player API JSON
2026-04-25 16:09:36.277 27707-29321 python.stderr           com.theveloper.pixelplay.debug       W  WARNING: [youtube] No title found in player responses; falling back to title from initial data. Other metadata may also be missing
2026-04-25 16:09:36.280 27707-29321 python.stderr           com.theveloper.pixelplay.debug       W  ERROR: [youtube] 5LFB3qdmZBM: Please sign in. Use --cookies-from-browser or --cookies for the authentication. See  https://github.com/yt-dlp/yt-dlp/wiki/FAQ#how-do-i-pass-cookies-to-yt-dlp  for how to manually pass cookies. Also see  https://github.com/yt-dlp/yt-dlp/wiki/Extractors#exporting-youtube-cookies  for tips on effectively exporting YouTube cookies
2026-04-25 16:09:36.284 27707-29321 python.stdout           com.theveloper.pixelplay.debug       I  🔐 [Premium/web_creator] Auth required — cookies may be expired
2026-04-25 16:09:36.287 27707-27844 python.stdout           com.theveloper.pixelplay.debug       I  🔄 Premium failed — falling back to unauthenticated client
2026-04-25 16:09:36.386 27707-29321 python.stdout           com.theveloper.pixelplay.debug       I  🎬 [Standard/tv_embedded] Extracting: 5LFB3qdmZBM
2026-04-25 16:09:36.388 27707-29321 python.stdout           com.theveloper.pixelplay.debug       I  [youtube] Extracting URL: https://www.youtube.com/watch?v=5LFB3qdmZBM
2026-04-25 16:09:36.388 27707-29321 python.stdout           com.theveloper.pixelplay.debug       I  [youtube] 5LFB3qdmZBM: Downloading webpage
2026-04-25 16:09:37.095 27707-29352 BufferPoolAccessor2.0   com.theveloper.pixelplay.debug       D  bufferpool2 0xb4000072c86f7428 : 5(28800 size) total buffers - 4(23040 size) used buffers - 459/470 (recycle/alloc) - 18/928 (fetch/transfer)
2026-04-25 16:09:37.095 27707-29352 BufferPoolAccessor2.0   com.theveloper.pixelplay.debug       D  bufferpool2 0xb4000072c4cdc028 : 0(0 size) total buffers - 0(0 size) used buffers - 31/41 (recycle/alloc) - 5/70 (fetch/transfer)
2026-04-25 16:09:37.095 27707-29352 BufferPoolAccessor2.0   com.theveloper.pixelplay.debug       D  evictor expired: 2, evicted: 2
2026-04-25 16:09:37.695 27707-29321 python.stderr           com.theveloper.pixelplay.debug       W  WARNING: [youtube] Skipping unsupported client "tv_embedded"
2026-04-25 16:09:37.695 27707-29321 python.stderr           com.theveloper.pixelplay.debug       W  WARNING: [youtube] Skipping unsupported client "android_creator"
2026-04-25 16:09:37.695 27707-29321 python.stderr           com.theveloper.pixelplay.debug       W  WARNING: [youtube] No supported JavaScript runtime could be found. Only deno is enabled by default; to use another runtime add  --js-runtimes RUNTIME[:PATH]  to your command/config. YouTube extraction without a JS runtime has been deprecated, and some formats may be missing. See  https://github.com/yt-dlp/yt-dlp/wiki/EJS  for details on installing one
2026-04-25 16:09:37.704 27707-29321 python.stdout           com.theveloper.pixelplay.debug       I  [youtube] 5LFB3qdmZBM: Downloading android vr player API JSON
2026-04-25 16:09:37.901 27707-29321 python.stderr           com.theveloper.pixelplay.debug       W  ERROR: [youtube] 5LFB3qdmZBM: This video is only available to Music Premium members
2026-04-25 16:09:37.903 27707-29321 python.stdout           com.theveloper.pixelplay.debug       I  ❌ [Standard/tv_embedded] Error: ERROR: [youtube] 5LFB3qdmZBM: This video is only available to Music Premium members
2026-04-25 16:09:37.905 27707-27844 python.stdout           com.theveloper.pixelplay.debug       I  ❌ RESPONSE: action=get_stream_url, error=No stream URL found for video_id: 5LFB3qdmZBM
2026-04-25 16:09:37.906 27707-27844 python.stdout           com.theveloper.pixelplay.debug       I  📥 REQUEST: action=get_stream_url, request_id=05262ed2..., data_keys=['video_id']
2026-04-25 16:09:37.907 27707-27844 python.stdout           com.theveloper.pixelplay.debug       I  ✅ Cookies loaded (1775 chars) — Netscape jar written
2026-04-25 16:09:37.907 27707-28361 python.stderr           com.theveloper.pixelplay.debug       W  Deprecated Feature: Passing cookies as a header is a potential security risk; they will be scoped to the domain of the downloaded urls. Please consider loading cookies from a file or browser instead.
2026-04-25 16:09:38.009 27707-28361 python.stdout           com.theveloper.pixelplay.debug       I  🎬 [Premium/web_creator] Extracting: kquPJC4cq7o
2026-04-25 16:09:38.015 27707-28361 python.stdout           com.theveloper.pixelplay.debug       I  [youtube] Extracting URL: https://www.youtube.com/watch?v=kquPJC4cq7o
2026-04-25 16:09:38.016 27707-28361 python.stdout           com.theveloper.pixelplay.debug       I  [youtube] kquPJC4cq7o: Downloading webpage
2026-04-25 16:09:38.617 27707-28361 python.stderr           com.theveloper.pixelplay.debug       W  WARNING: [youtube] unable to extract yt initial data; please report this issue on  https://github.com/yt-dlp/yt-dlp/issues?q= , filling out the appropriate issue template. Confirm you are on the latest version using  yt-dlp -U
2026-04-25 16:09:38.618 27707-28361 python.stderr           com.theveloper.pixelplay.debug       W  WARNING: [youtube] Incomplete data received in embedded initial data; re-fetching using API.
2026-04-25 16:09:38.626 27707-28361 python.stdout           com.theveloper.pixelplay.debug       I  [youtube] kquPJC4cq7o: Downloading initial data API JSON
2026-04-25 16:09:39.579 27707-28361 python.stderr           com.theveloper.pixelplay.debug       W  WARNING: [youtube] unable to extract web_safari client initial player response; please report this issue on  https://github.com/yt-dlp/yt-dlp/issues?q= , filling out the appropriate issue template. Confirm you are on the latest version using  yt-dlp -U
2026-04-25 16:09:39.585 27707-28361 python.stdout           com.theveloper.pixelplay.debug       I  [youtube] kquPJC4cq7o: Downloading web creator client config
2026-04-25 16:09:40.375 27707-28361 python.stdout           com.theveloper.pixelplay.debug       I  [youtube] kquPJC4cq7o: Downloading player 8456c9de-main
2026-04-25 16:09:40.577 27707-27790 skia                    com.theveloper.pixelplay.debug       D  GrGpu::writePixels takes 1
2026-04-25 16:09:40.814 27707-28361 python.stdout           com.theveloper.pixelplay.debug       I  [youtube] kquPJC4cq7o: Downloading web creator player API JSON
2026-04-25 16:09:40.984 27707-28361 python.stderr           com.theveloper.pixelplay.debug       W  WARNING: [youtube] No title found in player responses; falling back to title from initial data. Other metadata may also be missing
2026-04-25 16:09:40.987 27707-28361 python.stderr           com.theveloper.pixelplay.debug       W  ERROR: [youtube] kquPJC4cq7o: Please sign in. Use --cookies-from-browser or --cookies for the authentication. See  https://github.com/yt-dlp/yt-dlp/wiki/FAQ#how-do-i-pass-cookies-to-yt-dlp  for how to manually pass cookies. Also see  https://github.com/yt-dlp/yt-dlp/wiki/Extractors#exporting-youtube-cookies  for tips on effectively exporting YouTube cookies
2026-04-25 16:09:40.990 27707-28361 python.stdout           com.theveloper.pixelplay.debug       I  🔐 [Premium/web_creator] Auth required — cookies may be expired
2026-04-25 16:09:40.993 27707-27844 python.stdout           com.theveloper.pixelplay.debug       I  🔄 Premium failed — falling back to unauthenticated client
2026-04-25 16:09:41.111 27707-29321 python.stdout           com.theveloper.pixelplay.debug       I  🎬 [Standard/tv_embedded] Extracting: kquPJC4cq7o
2026-04-25 16:09:41.113 27707-29321 python.stdout           com.theveloper.pixelplay.debug       I  [youtube] Extracting URL: https://www.youtube.com/watch?v=kquPJC4cq7o
2026-04-25 16:09:41.113 27707-29321 python.stdout           com.theveloper.pixelplay.debug       I  [youtube] kquPJC4cq7o: Downloading webpage
2026-04-25 16:09:41.591 27707-27790 skia                    com.theveloper.pixelplay.debug       D  GrGpu::writePixels takes 1
2026-04-25 16:09:41.893 27707-27790 skia                    com.theveloper.pixelplay.debug       D  GrGpu::writePixels takes 1
2026-04-25 16:09:42.680 27707-29321 python.stderr           com.theveloper.pixelplay.debug       W  WARNING: [youtube] Skipping unsupported client "tv_embedded"
2026-04-25 16:09:42.680 27707-29321 python.stderr           com.theveloper.pixelplay.debug       W  WARNING: [youtube] Skipping unsupported client "android_creator"
2026-04-25 16:09:42.680 27707-29321 python.stderr           com.theveloper.pixelplay.debug       W  WARNING: [youtube] No supported JavaScript runtime could be found. Only deno is enabled by default; to use another runtime add  --js-runtimes RUNTIME[:PATH]  to your command/config. YouTube extraction without a JS runtime has been deprecated, and some formats may be missing. See  https://github.com/yt-dlp/yt-dlp/wiki/EJS  for details on installing one
2026-04-25 16:09:42.686 27707-29321 python.stdout           com.theveloper.pixelplay.debug       I  [youtube] kquPJC4cq7o: Downloading android vr player API JSON
2026-04-25 16:09:42.995 27707-29321 python.stdout           com.theveloper.pixelplay.debug       I  ✅ [Standard/tv_embedded] Format 251: opus webm 138kbps
2026-04-25 16:09:42.997 27707-27844 python.stdout           com.theveloper.pixelplay.debug       I  ✅ RESPONSE: action=get_stream_url, success=True
2026-04-25 16:09:42.998 27707-27844 python.stdout           com.theveloper.pixelplay.debug       I  📥 REQUEST: action=get_stream_url, request_id=7c04f967..., data_keys=['video_id']
2026-04-25 16:09:42.998 27707-27844 python.stdout           com.theveloper.pixelplay.debug       I  ✅ Cookies loaded (1775 chars) — Netscape jar written
2026-04-25 16:09:42.999 27707-28175 YTMusicRepository       com.theveloper.pixelplay.debug       D  yt-dlp extracted stream for: kquPJC4cq7o
2026-04-25 16:09:42.999 27707-28361 python.stderr           com.theveloper.pixelplay.debug       W  Deprecated Feature: Passing cookies as a header is a potential security risk; they will be scoped to the domain of the downloaded urls. Please consider loading cookies from a file or browser instead.
2026-04-25 16:09:43.006 27707-27707 TransitionDebug         com.theveloper.pixelplay.debug       D  Engine: Player B prepared, paused, volume=0f
2026-04-25 16:09:43.006 27707-27707 TransitionDebug         com.theveloper.pixelplay.debug       D  Resolving settings for playlistId=null, 5LFB3qdmZBM -> kquPJC4cq7o
2026-04-25 16:09:43.006 27707-27707 TransitionDebug         com.theveloper.pixelplay.debug       D  Missing playlistId. Using global settings.
2026-04-25 16:09:43.008 27707-27707 TransitionDebug         com.theveloper.pixelplay.debug       D  Settings resolved: Mode=OVERLAP, Duration=2000ms, GlobalEnabled=false, Source=GLOBAL_DEFAULT
2026-04-25 16:09:43.008 27707-27707 TransitionDebug         com.theveloper.pixelplay.debug       D  Crossfade globally disabled. Using default gap.
2026-04-25 16:09:43.105 27707-28361 python.stdout           com.theveloper.pixelplay.debug       I  🎬 [Premium/web_creator] Extracting: 5LFB3qdmZBM
2026-04-25 16:09:43.112 27707-28361 python.stdout           com.theveloper.pixelplay.debug       I  [youtube] Extracting URL: https://www.youtube.com/watch?v=5LFB3qdmZBM
2026-04-25 16:09:43.113 27707-28361 python.stdout           com.theveloper.pixelplay.debug       I  [youtube] 5LFB3qdmZBM: Downloading webpage
2026-04-25 16:09:43.553 27707-27984 FfmpegLibrary           com.theveloper.pixelplay.debug       W  No opus decoder available. Check the FFmpeg build configuration.
2026-04-25 16:09:43.561 27707-27984 DMCodecAdapterFactory   com.theveloper.pixelplay.debug       I  Creating an asynchronous MediaCodec adapter for track type audio
2026-04-25 16:09:43.561 27707-27984 libc                    com.theveloper.pixelplay.debug       W  Access denied finding property "vendor.debug.stagefright.mediacodec.trace"
2026-04-25 16:09:43.574 27707-29353 BufferPoolAccessor2.0   com.theveloper.pixelplay.debug       D  bufferpool2 0xb4000072c4cdc028 : 0(0 size) total buffers - 0(0 size) used buffers - 31/41 (recycle/alloc) - 5/70 (fetch/transfer)
2026-04-25 16:09:43.574 27707-29353 BufferPoolAccessor2.0   com.theveloper.pixelplay.debug       D  Destruction - bufferpool2 0xb4000072c4cdc028 cached: 0/0M, 0/0% in use; allocs: 41, 76% recycled; transfers: 70, 93% unfetched
2026-04-25 16:09:43.576 27707-29603 CCodecConfig            com.theveloper.pixelplay.debug       D  read media type: audio/opus
2026-04-25 16:09:43.578 27707-29603 ReflectedParamUpdater   com.theveloper.pixelplay.debug       D  extent() != 1 for single value type: algo.buffers.max-count.values
2026-04-25 16:09:43.578 27707-29603 ReflectedParamUpdater   com.theveloper.pixelplay.debug       D  extent() != 1 for single value type: output.subscribed-indices.values
2026-04-25 16:09:43.579 27707-29603 ReflectedParamUpdater   com.theveloper.pixelplay.debug       D  extent() != 1 for single value type: input.buffers.allocator-ids.values
2026-04-25 16:09:43.579 27707-29603 ReflectedParamUpdater   com.theveloper.pixelplay.debug       D  extent() != 1 for single value type: output.buffers.allocator-ids.values
2026-04-25 16:09:43.579 27707-29603 ReflectedParamUpdater   com.theveloper.pixelplay.debug       D  extent() != 1 for single value type: algo.buffers.allocator-ids.values
2026-04-25 16:09:43.579 27707-29603 ReflectedParamUpdater   com.theveloper.pixelplay.debug       D  extent() != 1 for single value type: output.buffers.pool-ids.values
2026-04-25 16:09:43.580 27707-29603 ReflectedParamUpdater   com.theveloper.pixelplay.debug       D  extent() != 1 for single value type: algo.buffers.pool-ids.values
2026-04-25 16:09:43.581 27707-29603 CCodecConfig            com.theveloper.pixelplay.debug       I  query failed after returning 8 values (BAD_INDEX)
2026-04-25 16:09:43.587 27707-27984 MediaCodec              com.theveloper.pixelplay.debug       E  Media Quality Service not found.
2026-04-25 16:09:43.587 27707-29603 AString                 com.theveloper.pixelplay.debug       W  ctor got NULL, using empty string instead
2026-04-25 16:09:43.589 27707-29603 Codec2Client            com.theveloper.pixelplay.debug       W  query -- param skipped: index = 1107298332.
2026-04-25 16:09:43.589 27707-29603 CCodecConfig            com.theveloper.pixelplay.debug       I  query failed after returning 8 values (BAD_INDEX)
2026-04-25 16:09:43.589 27707-29603 pixelplay.debug         com.theveloper.pixelplay.debug       E  Failed to query component interface for required system resources: 6
2026-04-25 16:09:43.590 27707-29603 Codec2Client            com.theveloper.pixelplay.debug       W  query -- param skipped: index = 1342179345.
2026-04-25 16:09:43.590 27707-29603 Codec2Client            com.theveloper.pixelplay.debug       W  query -- param skipped: index = 2415921170.
2026-04-25 16:09:43.592 27707-29603 BufferPoolAccessor2.0   com.theveloper.pixelplay.debug       D  bufferpool2 0xb4000072c86f7428 : 4(23040 size) total buffers - 4(23040 size) used buffers - 459/470 (recycle/alloc) - 18/928 (fetch/transfer)
2026-04-25 16:09:43.593 27707-29603 CCodecBuffers           com.theveloper.pixelplay.debug       D  [c2.android.opus.decoder#970:1D-Output.Impl[N]] converted 0 buffers to array mode of 4
2026-04-25 16:09:43.599 27707-29603 PipelineWatcher         com.theveloper.pixelplay.debug       D  [0xb4000072aeb1db08] pipelineFull: too many frames in pipeline (4)
2026-04-25 16:09:43.600 27707-27984 LoudnessCodecController com.theveloper.pixelplay.debug       W  MediaCodec mime type not supported for loudness annotation
2026-04-25 16:09:43.600 27707-27984 LoudnessCodecController com.theveloper.pixelplay.debug       V  Could not extract codec loudness information
2026-04-25 16:09:43.623 27707-27984 AudioTrack              com.theveloper.pixelplay.debug       I  set(): type=audio,case=1,attributes=1,content_type=2,usage=1,source=-1,flags=0xa00
2026-04-25 16:09:43.623 27707-27984 AudioTrackExtImpl       com.theveloper.pixelplay.debug       D  AudioTrackExtImpl init
2026-04-25 16:09:43.624 27707-27984 AudioTrack              com.theveloper.pixelplay.debug       D  set(): streamType -1, sampleRate 48000, format 0x1, channelMask 0x3, frameCount 16400, flags #0, notificationFrames 0, sessionId 2745, transferType 3, uid 10447, pid 27707
2026-04-25 16:09:43.625 27707-27984 AudioTrack              com.theveloper.pixelplay.debug       I  set(): 0xb4000072ae9e3400, Create AudioTrackThread, tid = 29606
2026-04-25 16:09:43.626 27707-27984 AudioDetectPulse        com.theveloper.pixelplay.debug       D  setDetectPulse, mIsDetectPulse 0, 0x75093aa0e0
2026-04-25 16:09:43.627 27707-27984 AudioTrackExtImpl       com.theveloper.pixelplay.debug       D  doSchedBoost, set audioapp task boost, pid=27707, tid=27984, enable=1, ret=0
2026-04-25 16:09:43.639 27707-27984 AudioTrack              com.theveloper.pixelplay.debug       D  createTrack state 0 output.outputId=21
2026-04-25 16:09:43.640 27707-27984 AudioTrack              com.theveloper.pixelplay.debug       I  createTrack_l(2274) on outputId(21) : 0xb4000072ae9e3400, mCblk = 0x74ee4b7000,  mLatency = 469, mAfLatency = 128, frameCount = 16400, mSampleRate = 48000, mFlags = 0x8, mReqFrameCount = 16400, mNotificationFramesAct = 8200
2026-04-25 16:09:43.641 27707-27984 AudioTrackExtImpl       com.theveloper.pixelplay.debug       D  doSchedBoost, set audioapp task boost, pid=27707, tid=27984, enable=0, ret=0
2026-04-25 16:09:43.642 27707-27984 AudioTrackExtImpl       com.theveloper.pixelplay.debug       E  get fade type, but return null, pid 27707, uid 10447
2026-04-25 16:09:43.643 27707-27984 AudioTrack              com.theveloper.pixelplay.debug       D  set: pop_optimize mIsPopOptimizeSupport:0, mIsPopOptimizeFlush:0
2026-04-25 16:09:43.652 27707-27984 AudioTrack              com.theveloper.pixelplay.debug       D  setVolume(2274) left 0.000 right 0.000 , callingPid 27707
2026-04-25 16:09:43.656 27707-27984 AudioTrackExtImpl       com.theveloper.pixelplay.debug       D  doSchedBoost, set audioapp task boost, pid=27707, tid=27984, enable=1, ret=0
2026-04-25 16:09:43.676 27707-29603 PipelineWatcher         com.theveloper.pixelplay.debug       D  [0xb4000072aeb1db08] pipelineFull: too many frames in pipeline (4)
2026-04-25 16:09:43.694 27707-29603 PipelineWatcher         com.theveloper.pixelplay.debug       D  [0xb4000072aeb1db08] pipelineFull: too many frames in pipeline (4)
2026-04-25 16:09:43.698 27707-28361 python.stderr           com.theveloper.pixelplay.debug       W  WARNING: [youtube] unable to extract yt initial data; please report this issue on  https://github.com/yt-dlp/yt-dlp/issues?q= , filling out the appropriate issue template. Confirm you are on the latest version using  yt-dlp -U
2026-04-25 16:09:43.698 27707-28361 python.stderr           com.theveloper.pixelplay.debug       W  WARNING: [youtube] Incomplete data received in embedded initial data; re-fetching using API.
2026-04-25 16:09:43.706 27707-29603 PipelineWatcher         com.theveloper.pixelplay.debug       D  [0xb4000072aeb1db08] pipelineFull: too many frames in pipeline (4)
2026-04-25 16:09:43.708 27707-28361 python.stdout           com.theveloper.pixelplay.debug       I  [youtube] 5LFB3qdmZBM: Downloading initial data API JSON
2026-04-25 16:09:45.036 27707-28361 python.stderr           com.theveloper.pixelplay.debug       W  WARNING: [youtube] unable to extract web_safari client initial player response; please report this issue on  https://github.com/yt-dlp/yt-dlp/issues?q= , filling out the appropriate issue template. Confirm you are on the latest version using  yt-dlp -U
2026-04-25 16:09:45.042 27707-28361 python.stdout           com.theveloper.pixelplay.debug       I  [youtube] 5LFB3qdmZBM: Downloading web creator client config
2026-04-25 16:09:45.667 27707-27790 skia                    com.theveloper.pixelplay.debug       D  GrGpu::writePixels takes 1
2026-04-25 16:09:45.895 27707-28361 python.stdout           com.theveloper.pixelplay.debug       I  [youtube] 5LFB3qdmZBM: Downloading player 8456c9de-main
2026-04-25 16:09:46.298 27707-28361 python.stdout           com.theveloper.pixelplay.debug       I  [youtube] 5LFB3qdmZBM: Downloading web creator player API JSON
2026-04-25 16:09:46.499 27707-28361 python.stderr           com.theveloper.pixelplay.debug       W  WARNING: [youtube] No title found in player responses; falling back to title from initial data. Other metadata may also be missing
2026-04-25 16:09:46.502 27707-28361 python.stderr           com.theveloper.pixelplay.debug       W  ERROR: [youtube] 5LFB3qdmZBM: Please sign in. Use --cookies-from-browser or --cookies for the authentication. See  https://github.com/yt-dlp/yt-dlp/wiki/FAQ#how-do-i-pass-cookies-to-yt-dlp  for how to manually pass cookies. Also see  https://github.com/yt-dlp/yt-dlp/wiki/Extractors#exporting-youtube-cookies  for tips on effectively exporting YouTube cookies
2026-04-25 16:09:46.506 27707-28361 python.stdout           com.theveloper.pixelplay.debug       I  🔐 [Premium/web_creator] Auth required — cookies may be expired
2026-04-25 16:09:46.508 27707-27844 python.stdout           com.theveloper.pixelplay.debug       I  🔄 Premium failed — falling back to unauthenticated client
2026-04-25 16:09:46.604 27707-28361 python.stdout           com.theveloper.pixelplay.debug       I  🎬 [Standard/tv_embedded] Extracting: 5LFB3qdmZBM
2026-04-25 16:09:46.605 27707-28361 python.stdout           com.theveloper.pixelplay.debug       I  [youtube] Extracting URL: https://www.youtube.com/watch?v=5LFB3qdmZBM
2026-04-25 16:09:46.606 27707-28361 python.stdout           com.theveloper.pixelplay.debug       I  [youtube] 5LFB3qdmZBM: Downloading webpage
2026-04-25 16:09:46.733 27707-27790 skia                    com.theveloper.pixelplay.debug       D  GrGpu::writePixels takes 1
2026-04-25 16:09:47.918 27707-28361 python.stderr           com.theveloper.pixelplay.debug       W  WARNING: [youtube] Skipping unsupported client "tv_embedded"
2026-04-25 16:09:47.918 27707-28361 python.stderr           com.theveloper.pixelplay.debug       W  WARNING: [youtube] Skipping unsupported client "android_creator"
2026-04-25 16:09:47.918 27707-28361 python.stderr           com.theveloper.pixelplay.debug       W  WARNING: [youtube] No supported JavaScript runtime could be found. Only deno is enabled by default; to use another runtime add  --js-runtimes RUNTIME[:PATH]  to your command/config. YouTube extraction without a JS runtime has been deprecated, and some formats may be missing. See  https://github.com/yt-dlp/yt-dlp/wiki/EJS  for details on installing one
2026-04-25 16:09:47.925 27707-28361 python.stdout           com.theveloper.pixelplay.debug       I  [youtube] 5LFB3qdmZBM: Downloading android vr player API JSON
2026-04-25 16:09:48.129 27707-28361 python.stderr           com.theveloper.pixelplay.debug       W  ERROR: [youtube] 5LFB3qdmZBM: This video is only available to Music Premium members
2026-04-25 16:09:48.132 27707-28361 python.stdout           com.theveloper.pixelplay.debug       I  ❌ [Standard/tv_embedded] Error: ERROR: [youtube] 5LFB3qdmZBM: This video is only available to Music Premium members
2026-04-25 16:09:48.135 27707-27844 python.stdout           com.theveloper.pixelplay.debug       I  ❌ RESPONSE: action=get_stream_url, error=No stream URL found for video_id: 5LFB3qdmZBM
2026-04-25 16:09:48.136 27707-27844 python.stdout           com.theveloper.pixelplay.debug       I  📥 REQUEST: action=get_stream_url, request_id=ea683b2c..., data_keys=['video_id']
2026-04-25 16:09:48.136 27707-27844 python.stdout           com.theveloper.pixelplay.debug       I  ✅ RESPONSE: action=get_stream_url, success=True
2026-04-25 16:09:48.139 27707-29285 YTMusicRepository       com.theveloper.pixelplay.debug       W  yt-dlp failed for video 5LFB3qdmZBM: No stream URL found for video_id: 5LFB3qdmZBM
2026-04-25 16:09:48.140 27707-28175 YTMusicRepository       com.theveloper.pixelplay.debug       D  yt-dlp extracted stream for: kquPJC4cq7o
2026-04-25 16:09:48.150 27707-29550 DualPlayerEngine        com.theveloper.pixelplay.debug       W  resolveDataSpec: cache MISS for ytm://5LFB3qdmZBM — blocking to resolve
2026-04-25 16:09:48.151 27707-29550 DualPlayerEngine        com.theveloper.pixelplay.debug       D  Async resolving YTM URI: ytm://5LFB3qdmZBM
2026-04-25 16:09:48.191 27707-27844 python.stdout           com.theveloper.pixelplay.debug       I  📥 REQUEST: action=get_stream_url, request_id=3a44dc6f..., data_keys=['video_id']
2026-04-25 16:09:48.193 27707-27844 python.stdout           com.theveloper.pixelplay.debug       I  ✅ Cookies loaded (1775 chars) — Netscape jar written
2026-04-25 16:09:48.195 27707-29321 python.stderr           com.theveloper.pixelplay.debug       W  Deprecated Feature: Passing cookies as a header is a potential security risk; they will be scoped to the domain of the downloaded urls. Please consider loading cookies from a file or browser instead.
2026-04-25 16:09:48.293 27707-29321 python.stdout           com.theveloper.pixelplay.debug       I  🎬 [Premium/web_creator] Extracting: 5LFB3qdmZBM
2026-04-25 16:09:48.300 27707-29321 python.stdout           com.theveloper.pixelplay.debug       I  [youtube] Extracting URL: https://www.youtube.com/watch?v=5LFB3qdmZBM
2026-04-25 16:09:48.301 27707-29321 python.stdout           com.theveloper.pixelplay.debug       I  [youtube] 5LFB3qdmZBM: Downloading webpage
2026-04-25 16:09:48.577 27707-29352 BufferPoolAccessor2.0   com.theveloper.pixelplay.debug       D  evictor expired: 1, evicted: 0
2026-04-25 16:09:48.864 27707-29321 python.stderr           com.theveloper.pixelplay.debug       W  WARNING: [youtube] unable to extract yt initial data; please report this issue on  https://github.com/yt-dlp/yt-dlp/issues?q= , filling out the appropriate issue template. Confirm you are on the latest version using  yt-dlp -U
2026-04-25 16:09:48.870 27707-29321 python.stderr           com.theveloper.pixelplay.debug       W  WARNING: [youtube] Incomplete data received in embedded initial data; re-fetching using API.
2026-04-25 16:09:48.877 27707-29321 python.stdout           com.theveloper.pixelplay.debug       I  [youtube] 5LFB3qdmZBM: Downloading initial data API JSON
2026-04-25 16:09:48.949 27707-27790 skia                    com.theveloper.pixelplay.debug       D  GrGpu::writePixels takes 3
2026-04-25 16:09:49.579 27707-29352 BufferPoolAccessor2.0   com.theveloper.pixelplay.debug       D  bufferpool2 0xb40000728d5d1428 : 5(28800 size) total buffers - 0(0 size) used buffers - 23/28 (recycle/alloc) - 5/54 (fetch/transfer)
2026-04-25 16:09:49.579 27707-29352 BufferPoolAccessor2.0   com.theveloper.pixelplay.debug       D  evictor expired: 1, evicted: 1
2026-04-25 16:09:50.110 27707-29321 python.stderr           com.theveloper.pixelplay.debug       W  WARNING: [youtube] unable to extract web_safari client initial player response; please report this issue on  https://github.com/yt-dlp/yt-dlp/issues?q= , filling out the appropriate issue template. Confirm you are on the latest version using  yt-dlp -U
2026-04-25 16:09:50.115 27707-29321 python.stdout           com.theveloper.pixelplay.debug       I  [youtube] 5LFB3qdmZBM: Downloading web creator client config
2026-04-25 16:09:50.897 27707-29321 python.stdout           com.theveloper.pixelplay.debug       I  [youtube] 5LFB3qdmZBM: Downloading player 8456c9de-main
2026-04-25 16:09:51.287 27707-29321 python.stdout           com.theveloper.pixelplay.debug       I  [youtube] 5LFB3qdmZBM: Downloading web creator player API JSON
2026-04-25 16:09:51.477 27707-29321 python.stderr           com.theveloper.pixelplay.debug       W  WARNING: [youtube] No title found in player responses; falling back to title from initial data. Other metadata may also be missing
2026-04-25 16:09:51.480 27707-29321 python.stderr           com.theveloper.pixelplay.debug       W  ERROR: [youtube] 5LFB3qdmZBM: Please sign in. Use --cookies-from-browser or --cookies for the authentication. See  https://github.com/yt-dlp/yt-dlp/wiki/FAQ#how-do-i-pass-cookies-to-yt-dlp  for how to manually pass cookies. Also see  https://github.com/yt-dlp/yt-dlp/wiki/Extractors#exporting-youtube-cookies  for tips on effectively exporting YouTube cookies
2026-04-25 16:09:51.484 27707-29321 python.stdout           com.theveloper.pixelplay.debug       I  🔐 [Premium/web_creator] Auth required — cookies may be expired
2026-04-25 16:09:51.488 27707-27844 python.stdout           com.theveloper.pixelplay.debug       I  🔄 Premium failed — falling back to unauthenticated client
2026-04-25 16:09:51.615 27707-28361 python.stdout           com.theveloper.pixelplay.debug       I  🎬 [Standard/tv_embedded] Extracting: 5LFB3qdmZBM
2026-04-25 16:09:51.617 27707-28361 python.stdout           com.theveloper.pixelplay.debug       I  [youtube] Extracting URL: https://www.youtube.com/watch?v=5LFB3qdmZBM
2026-04-25 16:09:51.617 27707-28361 python.stdout           com.theveloper.pixelplay.debug       I  [youtube] 5LFB3qdmZBM: Downloading webpage
2026-04-25 16:09:53.402 27707-28361 python.stderr           com.theveloper.pixelplay.debug       W  WARNING: [youtube] Skipping unsupported client "tv_embedded"
2026-04-25 16:09:53.402 27707-28361 python.stderr           com.theveloper.pixelplay.debug       W  WARNING: [youtube] Skipping unsupported client "android_creator"
2026-04-25 16:09:53.402 27707-28361 python.stderr           com.theveloper.pixelplay.debug       W  WARNING: [youtube] No supported JavaScript runtime could be found. Only deno is enabled by default; to use another runtime add  --js-runtimes RUNTIME[:PATH]  to your command/config. YouTube extraction without a JS runtime has been deprecated, and some formats may be missing. See  https://github.com/yt-dlp/yt-dlp/wiki/EJS  for details on installing one
2026-04-25 16:09:53.407 27707-28361 python.stdout           com.theveloper.pixelplay.debug       I  [youtube] 5LFB3qdmZBM: Downloading android vr player API JSON
2026-04-25 16:09:53.625 27707-28361 python.stderr           com.theveloper.pixelplay.debug       W  ERROR: [youtube] 5LFB3qdmZBM: This video is only available to Music Premium members
2026-04-25 16:09:53.627 27707-28361 python.stdout           com.theveloper.pixelplay.debug       I  ❌ [Standard/tv_embedded] Error: ERROR: [youtube] 5LFB3qdmZBM: This video is only available to Music Premium members
2026-04-25 16:09:53.630 27707-27844 python.stdout           com.theveloper.pixelplay.debug       I  ❌ RESPONSE: action=get_stream_url, error=No stream URL found for video_id: 5LFB3qdmZBM
2026-04-25 16:09:53.634 27707-27845 YTMusicRepository       com.theveloper.pixelplay.debug       W  yt-dlp failed for video 5LFB3qdmZBM: No stream URL found for video_id: 5LFB3qdmZBM
2026-04-25 16:09:54.643 27707-29550 DualPlayerEngine        com.theveloper.pixelplay.debug       W  resolveDataSpec: cache MISS for ytm://5LFB3qdmZBM — blocking to resolve
2026-04-25 16:09:54.643 27707-29550 DualPlayerEngine        com.theveloper.pixelplay.debug       D  Async resolving YTM URI: ytm://5LFB3qdmZBM
2026-04-25 16:09:55.081 27707-27844 python.stdout           com.theveloper.pixelplay.debug       I  📥 REQUEST: action=get_stream_url, request_id=f2aff9bb..., data_keys=['video_id']
2026-04-25 16:09:55.082 27707-27844 python.stdout           com.theveloper.pixelplay.debug       I  ✅ Cookies loaded (1775 chars) — Netscape jar written
2026-04-25 16:09:55.084 27707-29321 python.stderr           com.theveloper.pixelplay.debug       W  Deprecated Feature: Passing cookies as a header is a potential security risk; they will be scoped to the domain of the downloaded urls. Please consider loading cookies from a file or browser instead.
2026-04-25 16:09:55.207 27707-29321 python.stdout           com.theveloper.pixelplay.debug       I  🎬 [Premium/web_creator] Extracting: 5LFB3qdmZBM
2026-04-25 16:09:55.215 27707-29321 python.stdout           com.theveloper.pixelplay.debug       I  [youtube] Extracting URL: https://www.youtube.com/watch?v=5LFB3qdmZBM
2026-04-25 16:09:55.215 27707-29321 python.stdout           com.theveloper.pixelplay.debug       I  [youtube] 5LFB3qdmZBM: Downloading webpage
2026-04-25 16:09:55.764 27707-29321 python.stderr           com.theveloper.pixelplay.debug       W  WARNING: [youtube] unable to extract yt initial data; please report this issue on  https://github.com/yt-dlp/yt-dlp/issues?q= , filling out the appropriate issue template. Confirm you are on the latest version using  yt-dlp -U
2026-04-25 16:09:55.764 27707-29321 python.stderr           com.theveloper.pixelplay.debug       W  WARNING: [youtube] Incomplete data received in embedded initial data; re-fetching using API.
2026-04-25 16:09:55.766 27707-29321 python.stdout           com.theveloper.pixelplay.debug       I  [youtube] 5LFB3qdmZBM: Downloading initial data API JSON
2026-04-25 16:09:57.450 27707-29321 python.stderr           com.theveloper.pixelplay.debug       W  WARNING: [youtube] unable to extract web_safari client initial player response; please report this issue on  https://github.com/yt-dlp/yt-dlp/issues?q= , filling out the appropriate issue template. Confirm you are on the latest version using  yt-dlp -U
2026-04-25 16:09:57.454 27707-29321 python.stdout           com.theveloper.pixelplay.debug       I  [youtube] 5LFB3qdmZBM: Downloading web creator client config
2026-04-25 16:09:57.753 27707-27707 DynamicFra...peedAware] com.theveloper.pixelplay.debug       I  onEventHandled: info: InputEventInfo: mX = 0, mY = 0, mAction = 0, mVsyncTime = 93124273, mIsMoving = true, mUpdated = true
2026-04-25 16:09:57.753 27707-27707 IJankManager            com.theveloper.pixelplay.debug       E  slideSceneEnd unknown scene 1000 mScene:-1
2026-04-25 16:09:57.833 27707-28339 PowerHalMgrImpl         com.theveloper.pixelplay.debug       I  hdl:12708, pid:27707 
2026-04-25 16:09:57.845 27707-29285 skia                    com.theveloper.pixelplay.debug       D  SkJpegCodec::onGetPixels + (544, 544)
2026-04-25 16:09:57.852 27707-29285 skia                    com.theveloper.pixelplay.debug       D  SkJpegCodec::onGetPixels -
2026-04-25 16:09:57.993 27707-29285 skia                    com.theveloper.pixelplay.debug       D  SkJpegCodec::onGetPixels + (544, 544)
2026-04-25 16:09:57.996 27707-29285 skia                    com.theveloper.pixelplay.debug       D  SkJpegCodec::onGetPixels -
2026-04-25 16:09:58.274 27707-29321 python.stdout           com.theveloper.pixelplay.debug       I  [youtube] 5LFB3qdmZBM: Downloading player 8456c9de-main
2026-04-25 16:09:58.426 27707-27707 DynamicFra...peedAware] com.theveloper.pixelplay.debug       I  onEventHandled: info: InputEventInfo: mX = 0, mY = 0, mAction = 1, mVsyncTime = 93124945, mIsMoving = false, mUpdated = true
2026-04-25 16:09:58.427 27707-27707 ScrollIdentify          com.theveloper.pixelplay.debug       I  on fling
2026-04-25 16:09:58.427 27707-27707 ViewRootImplExtImpl     com.theveloper.pixelplay.debug       D  the up motion event handled by client, just return
2026-04-25 16:09:58.666 27707-29321 python.stdout           com.theveloper.pixelplay.debug       I  [youtube] 5LFB3qdmZBM: Downloading web creator player API JSON
2026-04-25 16:09:59.319 27707-29321 python.stderr           com.theveloper.pixelplay.debug       W  WARNING: [youtube] No title found in player responses; falling back to title from initial data. Other metadata may also be missing
2026-04-25 16:09:59.321 27707-29321 python.stderr           com.theveloper.pixelplay.debug       W  ERROR: [youtube] 5LFB3qdmZBM: Please sign in. Use --cookies-from-browser or --cookies for the authentication. See  https://github.com/yt-dlp/yt-dlp/wiki/FAQ#how-do-i-pass-cookies-to-yt-dlp  for how to manually pass cookies. Also see  https://github.com/yt-dlp/yt-dlp/wiki/Extractors#exporting-youtube-cookies  for tips on effectively exporting YouTube cookies
2026-04-25 16:09:59.325 27707-29321 python.stdout           com.theveloper.pixelplay.debug       I  🔐 [Premium/web_creator] Auth required — cookies may be expired
2026-04-25 16:09:59.326 27707-27844 python.stdout           com.theveloper.pixelplay.debug       I  🔄 Premium failed — falling back to unauthenticated client
2026-04-25 16:09:59.421 27707-28361 python.stdout           com.theveloper.pixelplay.debug       I  🎬 [Standard/tv_embedded] Extracting: 5LFB3qdmZBM
2026-04-25 16:09:59.422 27707-28361 python.stdout           com.theveloper.pixelplay.debug       I  [youtube] Extracting URL: https://www.youtube.com/watch?v=5LFB3qdmZBM
2026-04-25 16:09:59.423 27707-28361 python.stdout           com.theveloper.pixelplay.debug       I  [youtube] 5LFB3qdmZBM: Downloading webpage
2026-04-25 16:10:02.693 27707-27790 skia                    com.theveloper.pixelplay.debug       D  GrGpu::writePixels takes 1
2026-04-25 16:10:02.800 27707-28361 python.stderr           com.theveloper.pixelplay.debug       W  WARNING: [youtube] Skipping unsupported client "tv_embedded"
2026-04-25 16:10:02.800 27707-28361 python.stderr           com.theveloper.pixelplay.debug       W  WARNING: [youtube] Skipping unsupported client "android_creator"
2026-04-25 16:10:02.800 27707-28361 python.stderr           com.theveloper.pixelplay.debug       W  WARNING: [youtube] No supported JavaScript runtime could be found. Only deno is enabled by default; to use another runtime add  --js-runtimes RUNTIME[:PATH]  to your command/config. YouTube extraction without a JS runtime has been deprecated, and some formats may be missing. See  https://github.com/yt-dlp/yt-dlp/wiki/EJS  for details on installing one
2026-04-25 16:10:02.809 27707-28361 python.stdout           com.theveloper.pixelplay.debug       I  [youtube] 5LFB3qdmZBM: Downloading android vr player API JSON
2026-04-25 16:10:03.041 27707-28361 python.stderr           com.theveloper.pixelplay.debug       W  ERROR: [youtube] 5LFB3qdmZBM: This video is only available to Music Premium members
2026-04-25 16:10:03.043 27707-28361 python.stdout           com.theveloper.pixelplay.debug       I  ❌ [Standard/tv_embedded] Error: ERROR: [youtube] 5LFB3qdmZBM: This video is only available to Music Premium members
2026-04-25 16:10:03.046 27707-27844 python.stdout           com.theveloper.pixelplay.debug       I  ❌ RESPONSE: action=get_stream_url, error=No stream URL found for video_id: 5LFB3qdmZBM
2026-04-25 16:10:03.050 27707-29285 YTMusicRepository       com.theveloper.pixelplay.debug       W  yt-dlp failed for video 5LFB3qdmZBM: No stream URL found for video_id: 5LFB3qdmZBM
2026-04-25 16:10:05.067 27707-29550 DualPlayerEngine        com.theveloper.pixelplay.debug       W  resolveDataSpec: cache MISS for ytm://5LFB3qdmZBM — blocking to resolve
2026-04-25 16:10:05.067 27707-29550 DualPlayerEngine        com.theveloper.pixelplay.debug       D  Async resolving YTM URI: ytm://5LFB3qdmZBM
2026-04-25 16:10:05.094 27707-27844 python.stdout           com.theveloper.pixelplay.debug       I  📥 REQUEST: action=get_stream_url, request_id=f210c1fb..., data_keys=['video_id']
2026-04-25 16:10:05.096 27707-27844 python.stdout           com.theveloper.pixelplay.debug       I  ✅ Cookies loaded (1775 chars) — Netscape jar written
2026-04-25 16:10:05.098 27707-29321 python.stderr           com.theveloper.pixelplay.debug       W  Deprecated Feature: Passing cookies as a header is a potential security risk; they will be scoped to the domain of the downloaded urls. Please consider loading cookies from a file or browser instead.
2026-04-25 16:10:05.201 27707-29321 python.stdout           com.theveloper.pixelplay.debug       I  🎬 [Premium/web_creator] Extracting: 5LFB3qdmZBM
2026-04-25 16:10:05.208 27707-29321 python.stdout           com.theveloper.pixelplay.debug       I  [youtube] Extracting URL: https://www.youtube.com/watch?v=5LFB3qdmZBM
2026-04-25 16:10:05.209 27707-29321 python.stdout           com.theveloper.pixelplay.debug       I  [youtube] 5LFB3qdmZBM: Downloading webpage
2026-04-25 16:10:05.810 27707-29321 python.stderr           com.theveloper.pixelplay.debug       W  WARNING: [youtube] unable to extract yt initial data; please report this issue on  https://github.com/yt-dlp/yt-dlp/issues?q= , filling out the appropriate issue template. Confirm you are on the latest version using  yt-dlp -U
2026-04-25 16:10:05.811 27707-29321 python.stderr           com.theveloper.pixelplay.debug       W  WARNING: [youtube] Incomplete data received in embedded initial data; re-fetching using API.
2026-04-25 16:10:05.818 27707-29321 python.stdout           com.theveloper.pixelplay.debug       I  [youtube] 5LFB3qdmZBM: Downloading initial data API JSON
2026-04-25 16:10:06.725 27707-29321 python.stderr           com.theveloper.pixelplay.debug       W  WARNING: [youtube] unable to extract web_safari client initial player response; please report this issue on  https://github.com/yt-dlp/yt-dlp/issues?q= , filling out the appropriate issue template. Confirm you are on the latest version using  yt-dlp -U
2026-04-25 16:10:06.729 27707-29321 python.stdout           com.theveloper.pixelplay.debug       I  [youtube] 5LFB3qdmZBM: Downloading web creator client config
2026-04-25 16:10:07.657 27707-29321 python.stdout           com.theveloper.pixelplay.debug       I  [youtube] 5LFB3qdmZBM: Downloading player 8456c9de-main
2026-04-25 16:10:08.249 27707-29321 python.stdout           com.theveloper.pixelplay.debug       I  [youtube] 5LFB3qdmZBM: Downloading web creator player API JSON
2026-04-25 16:10:08.421 27707-29321 python.stderr           com.theveloper.pixelplay.debug       W  WARNING: [youtube] No title found in player responses; falling back to title from initial data. Other metadata may also be missing
2026-04-25 16:10:08.424 27707-29321 python.stderr           com.theveloper.pixelplay.debug       W  ERROR: [youtube] 5LFB3qdmZBM: Please sign in. Use --cookies-from-browser or --cookies for the authentication. See  https://github.com/yt-dlp/yt-dlp/wiki/FAQ#how-do-i-pass-cookies-to-yt-dlp  for how to manually pass cookies. Also see  https://github.com/yt-dlp/yt-dlp/wiki/Extractors#exporting-youtube-cookies  for tips on effectively exporting YouTube cookies
2026-04-25 16:10:08.428 27707-29321 python.stdout           com.theveloper.pixelplay.debug       I  🔐 [Premium/web_creator] Auth required — cookies may be expired
2026-04-25 16:10:08.430 27707-27844 python.stdout           com.theveloper.pixelplay.debug       I  🔄 Premium failed — falling back to unauthenticated client
2026-04-25 16:10:08.549 27707-28361 python.stdout           com.theveloper.pixelplay.debug       I  🎬 [Standard/tv_embedded] Extracting: 5LFB3qdmZBM
2026-04-25 16:10:08.550 27707-28361 python.stdout           com.theveloper.pixelplay.debug       I  [youtube] Extracting URL: https://www.youtube.com/watch?v=5LFB3qdmZBM
