2026-04-25 17:12:30.099 16589-17191 CompatChangeReporter    com.httperry.pixelplayer.debug       D  Compat change id reported: 323349338; UID 10449; state: ENABLED
2026-04-25 17:12:30.103 16589-16820 skia                    com.httperry.pixelplayer.debug       D  GrGLProgramBuilder::finalize record cache_miss hashCode 204021519, cacheMissCost 5
2026-04-25 17:12:30.103 16589-16820 skia                    com.httperry.pixelplayer.debug       D  ProgramCache::findOrCreateProgramImpl index 7, hash 204021519, cacheCost 5, cacheList.size 8.
2026-04-25 17:12:30.108 16589-16820 skia                    com.httperry.pixelplayer.debug       D  GrGLProgramBuilder::finalize record cache_miss hashCode 1889797784, cacheMissCost 4
2026-04-25 17:12:30.108 16589-16820 skia                    com.httperry.pixelplayer.debug       D  ProgramCache::findOrCreateProgramImpl index 8, hash 1889797784, cacheCost 4, cacheList.size 9.
2026-04-25 17:12:30.117 16589-16820 skia                    com.httperry.pixelplayer.debug       D  GrGLProgramBuilder::finalize record cache_miss hashCode 1711795716, cacheMissCost 8
2026-04-25 17:12:30.117 16589-16820 skia                    com.httperry.pixelplayer.debug       D  ProgramCache::findOrCreateProgramImpl index 9, hash 1711795716, cacheCost 8, cacheList.size 10.
2026-04-25 17:12:30.124 16589-16820 skia                    com.httperry.pixelplayer.debug       D  GrGLProgramBuilder::finalize record cache_miss hashCode 1326205225, cacheMissCost 6
2026-04-25 17:12:30.124 16589-16820 skia                    com.httperry.pixelplayer.debug       D  ProgramCache::findOrCreateProgramImpl index 10, hash 1326205225, cacheCost 6, cacheList.size 11.
2026-04-25 17:12:30.130 16589-16820 skia                    com.httperry.pixelplayer.debug       D  GrGLProgramBuilder::finalize record cache_miss hashCode 2962930557, cacheMissCost 5
2026-04-25 17:12:30.130 16589-16820 skia                    com.httperry.pixelplayer.debug       D  ProgramCache::findOrCreateProgramImpl index 11, hash 2962930557, cacheCost 5, cacheList.size 12.
2026-04-25 17:12:30.135 16589-16820 skia                    com.httperry.pixelplayer.debug       D  GrGLProgramBuilder::finalize record cache_miss hashCode 2462387078, cacheMissCost 4
2026-04-25 17:12:30.135 16589-16820 skia                    com.httperry.pixelplayer.debug       D  ProgramCache::findOrCreateProgramImpl index 12, hash 2462387078, cacheCost 4, cacheList.size 13.
2026-04-25 17:12:30.139 16589-16820 skia                    com.httperry.pixelplayer.debug       D  GrGLProgramBuilder::finalize record cache_miss hashCode 2317950148, cacheMissCost 3
2026-04-25 17:12:30.139 16589-16820 skia                    com.httperry.pixelplayer.debug       D  ProgramCache::findOrCreateProgramImpl index 13, hash 2317950148, cacheCost 3, cacheList.size 14.
2026-04-25 17:12:30.145 16589-16589 Choreographer           com.httperry.pixelplayer.debug       I  Skipped 30 frames!  The application may be doing too much work on its main thread.
2026-04-25 17:12:30.335 16589-16651 OplusScrollToTopManager com.httperry.pixelplayer.debug       D  com.httperry.pixelplayer.debug/com.theveloper.pixelplay.MainActivity,This com.android.internal.policy.DecorView{633c98d V.E...... R....... 0,0-1080,2392 aid=0 alpha=1.0 viewInfo = }[MainActivity] change focus to true
2026-04-25 17:12:30.616 16589-16877 asset                   com.httperry.pixelplayer.debug       W  seek out of range: want -20, end=22
2026-04-25 17:12:30.644 16589-16589 DefaultDispatch         com.httperry.pixelplayer.debug       W  type=1400 audit(0.0:4799): avc:  granted  { execute } for  path="/data/data/com.httperry.pixelplayer.debug/files/chaquopy/AssetFinder/stdlib-arm64-v8a/fcntl.cpython-311.so" dev="dm-79" ino=209829 scontext=u:r:untrusted_app:s0:c193,c257,c512,c768 tcontext=u:object_r:app_data_file:s0:c193,c257,c512,c768 tclass=file app=com.httperry.pixelplayer.debug
2026-04-25 17:12:30.648 16589-16589 DefaultDispatch         com.httperry.pixelplayer.debug       W  type=1400 audit(0.0:4800): avc:  granted  { execute } for  path="/data/data/com.httperry.pixelplayer.debug/files/chaquopy/AssetFinder/stdlib-arm64-v8a/_posixsubprocess.cpython-311.so" dev="dm-79" ino=210127 scontext=u:r:untrusted_app:s0:c193,c257,c512,c768 tcontext=u:object_r:app_data_file:s0:c193,c257,c512,c768 tclass=file app=com.httperry.pixelplayer.debug
2026-04-25 17:12:30.656 16589-16589 DefaultDispatch         com.httperry.pixelplayer.debug       W  type=1400 audit(0.0:4801): avc:  granted  { execute } for  path="/data/data/com.httperry.pixelplayer.debug/files/chaquopy/AssetFinder/stdlib-arm64-v8a/select.cpython-311.so" dev="dm-79" ino=209337 scontext=u:r:untrusted_app:s0:c193,c257,c512,c768 tcontext=u:object_r:app_data_file:s0:c193,c257,c512,c768 tclass=file app=com.httperry.pixelplayer.debug
2026-04-25 17:12:30.695 16589-16877 YTMusicPythonService    com.httperry.pixelplayer.debug       D  Python initialized successfully
2026-04-25 17:12:30.695 16589-16877 YTMusicPythonService    com.httperry.pixelplayer.debug       D  Getting ytmusic_websocket_server module...
2026-04-25 17:12:30.705 16589-16589 EqualizerManager        com.httperry.pixelplayer.debug       D  Skipping attachToAudioSession(2817): all audio effects are disabled
2026-04-25 17:12:30.706 16589-16589 EqualizerManager        com.httperry.pixelplayer.debug       D  Skipping attachToAudioSession(2817): all audio effects are disabled
2026-04-25 17:12:30.732 16589-16589 DefaultDispatch         com.httperry.pixelplayer.debug       W  type=1400 audit(0.0:4802): avc:  granted  { execute } for  path="/data/data/com.httperry.pixelplayer.debug/files/chaquopy/AssetFinder/stdlib-arm64-v8a/_heapq.cpython-311.so" dev="dm-79" ino=196000 scontext=u:r:untrusted_app:s0:c193,c257,c512,c768 tcontext=u:object_r:app_data_file:s0:c193,c257,c512,c768 tclass=file app=com.httperry.pixelplayer.debug
2026-04-25 17:12:30.740 16589-16589 DefaultDispatch         com.httperry.pixelplayer.debug       W  type=1400 audit(0.0:4803): avc:  granted  { execute } for  path="/data/data/com.httperry.pixelplayer.debug/files/chaquopy/AssetFinder/stdlib-arm64-v8a/_socket.cpython-311.so" dev="dm-79" ino=196089 scontext=u:r:untrusted_app:s0:c193,c257,c512,c768 tcontext=u:object_r:app_data_file:s0:c193,c257,c512,c768 tclass=file app=com.httperry.pixelplayer.debug
2026-04-25 17:12:30.975 16589-17140 MusicService_PixelPlay  com.httperry.pixelplayer.debug       W  No se encontraron widgets para actualizar
2026-04-25 17:12:30.980 16589-17140 AudioManagerExtImpl     com.httperry.pixelplayer.debug       D  getStreamVolume packageName=com.httperry.pixelplayer.debug, index=0, streamType=3
2026-04-25 17:12:31.052 16589-17140 WearStatePublisher      com.httperry.pixelplayer.debug       D  Published state to Wear:  (playing=false)
2026-04-25 17:12:31.657 16589-16877 python.stderr           com.httperry.pixelplayer.debug       W  /data/data/com.httperry.pixelplayer.debug/files/chaquopy/AssetFinder/app/ytmusic_websocket_server.py:23: DeprecationWarning: websockets.server.serve is deprecated
2026-04-25 17:12:31.658 16589-16877 python.stderr           com.httperry.pixelplayer.debug       W  /data/data/com.httperry.pixelplayer.debug/files/chaquopy/AssetFinder/requirements/websockets/legacy/__init__.py:6: DeprecationWarning: websockets.legacy is deprecated; see https://websockets.readthedocs.io/en/stable/howto/upgrade.html for upgrade instructions
2026-04-25 17:12:31.708 16589-16589 DefaultDispatch         com.httperry.pixelplayer.debug       W  type=1400 audit(0.0:4821): avc:  granted  { execute } for  path="/data/data/com.httperry.pixelplayer.debug/files/chaquopy/AssetFinder/stdlib-arm64-v8a/termios.cpython-311.so" dev="dm-79" ino=256852 scontext=u:r:untrusted_app:s0:c193,c257,c512,c768 tcontext=u:object_r:app_data_file:s0:c193,c257,c512,c768 tclass=file app=com.httperry.pixelplayer.debug
2026-04-25 17:12:31.744 16589-16589 DefaultDispatch         com.httperry.pixelplayer.debug       W  type=1400 audit(0.0:4822): avc:  granted  { execute } for  path="/data/data/com.httperry.pixelplayer.debug/files/chaquopy/AssetFinder/stdlib-arm64-v8a/_elementtree.cpython-311.so" dev="dm-79" ino=253630 scontext=u:r:untrusted_app:s0:c193,c257,c512,c768 tcontext=u:object_r:app_data_file:s0:c193,c257,c512,c768 tclass=file app=com.httperry.pixelplayer.debug
2026-04-25 17:12:31.748 16589-16589 DefaultDispatch         com.httperry.pixelplayer.debug       W  type=1400 audit(0.0:4823): avc:  granted  { execute } for  path="/data/data/com.httperry.pixelplayer.debug/files/chaquopy/AssetFinder/stdlib-arm64-v8a/pyexpat.cpython-311.so" dev="dm-79" ino=253866 scontext=u:r:untrusted_app:s0:c193,c257,c512,c768 tcontext=u:object_r:app_data_file:s0:c193,c257,c512,c768 tclass=file app=com.httperry.pixelplayer.debug
2026-04-25 17:12:31.756 16589-16625 xelplayer.debug         com.httperry.pixelplayer.debug       I  Compiler allocated 7207KB to compile void android.view.ViewRootImpl.performTraversals()
2026-04-25 17:12:31.756 16589-16589 DefaultDispatch         com.httperry.pixelplayer.debug       W  type=1400 audit(0.0:4824): avc:  granted  { execute } for  path="/data/data/com.httperry.pixelplayer.debug/files/chaquopy/AssetFinder/stdlib-arm64-v8a/_sqlite3.cpython-311.so" dev="dm-79" ino=253809 scontext=u:r:untrusted_app:s0:c193,c257,c512,c768 tcontext=u:object_r:app_data_file:s0:c193,c257,c512,c768 tclass=file app=com.httperry.pixelplayer.debug
2026-04-25 17:12:32.354 16589-16877 YTMusicPythonService    com.httperry.pixelplayer.debug       D  Module loaded successfully
2026-04-25 17:12:32.354 16589-16877 YTMusicPythonService    com.httperry.pixelplayer.debug       D  ✅ Python WebSocket server marked as running
2026-04-25 17:12:32.357 16589-16877 YTMusicPythonService    com.httperry.pixelplayer.debug       D  WakeLock released
2026-04-25 17:12:32.357 16589-16877 YTMusicPythonService    com.httperry.pixelplayer.debug       D  Python WebSocket server starting on port 8765...
2026-04-25 17:12:32.357 16589-16877 YTMusicPythonService    com.httperry.pixelplayer.debug       D  Calling run_server (no encryption for localhost)
2026-04-25 17:12:32.359 16589-16877 python.stdout           com.httperry.pixelplayer.debug       I  🚀 Starting asyncio event loop...
2026-04-25 17:12:32.360 16589-16877 python.stdout           com.httperry.pixelplayer.debug       I  🎵 YouTube Music WebSocket Server
2026-04-25 17:12:32.360 16589-16877 python.stdout           com.httperry.pixelplayer.debug       I  📡 Listening on ws://127.0.0.1:8765
2026-04-25 17:12:32.360 16589-16877 python.stdout           com.httperry.pixelplayer.debug       I  🔓 No encryption (localhost only)
2026-04-25 17:12:32.360 16589-16877 python.stdout           com.httperry.pixelplayer.debug       I  🎬 Stream extraction: ✅ yt-dlp available
2026-04-25 17:12:32.360 16589-16877 python.stdout           com.httperry.pixelplayer.debug       I  ✅ Ready for connections!
2026-04-25 17:12:33.839 16589-17528 ProfileInstaller        com.httperry.pixelplayer.debug       D  Installing profile for com.httperry.pixelplayer.debug
2026-04-25 17:12:35.418 16589-16589 DynamicFra...peedAware] com.httperry.pixelplayer.debug       I  onEventHandled: info: InputEventInfo: mX = 0, mY = 0, mAction = 0, mVsyncTime = 96795227, mIsMoving = true, mUpdated = true
2026-04-25 17:12:35.418 16589-16589 IJankManager            com.httperry.pixelplayer.debug       E  slideSceneEnd unknown scene 1000 mScene:-1
2026-04-25 17:12:35.428 16589-16589 ViewExtract             com.httperry.pixelplayer.debug       D  [OplusViewExtractManager] OplusViewExtractManager init com.httperry.pixelplayer.debug
2026-04-25 17:12:35.456 16589-16820 skia                    com.httperry.pixelplayer.debug       D  GrGLProgramBuilder::finalize record cache_miss hashCode 3263020047, cacheMissCost 3
2026-04-25 17:12:35.457 16589-16820 skia                    com.httperry.pixelplayer.debug       D  ProgramCache::findOrCreateProgramImpl index 14, hash 3263020047, cacheCost 3, cacheList.size 1.
2026-04-25 17:12:35.468 16589-16820 skia                    com.httperry.pixelplayer.debug       D  GrGLProgramBuilder::finalize record cache_miss hashCode 816708696, cacheMissCost 10
2026-04-25 17:12:35.468 16589-16820 skia                    com.httperry.pixelplayer.debug       D  ProgramCache::findOrCreateProgramImpl index 15, hash 816708696, cacheCost 10, cacheList.size 2.
2026-04-25 17:12:35.493 16589-16820 skia                    com.httperry.pixelplayer.debug       D  GrGLProgramBuilder::finalize record cache_miss hashCode 2458146369, cacheMissCost 24
2026-04-25 17:12:35.493 16589-16820 skia                    com.httperry.pixelplayer.debug       D  ProgramCache::findOrCreateProgramImpl index 16, hash 2458146369, cacheCost 24, cacheList.size 3.
2026-04-25 17:12:35.504 16589-16820 skia                    com.httperry.pixelplayer.debug       D  GrGLProgramBuilder::finalize record cache_miss hashCode 1040711142, cacheMissCost 5
2026-04-25 17:12:35.504 16589-16820 skia                    com.httperry.pixelplayer.debug       D  ProgramCache::findOrCreateProgramImpl index 17, hash 1040711142, cacheCost 5, cacheList.size 1.
2026-04-25 17:12:35.509 16589-16820 skia                    com.httperry.pixelplayer.debug       D  GrGLProgramBuilder::finalize record cache_miss hashCode 108557883, cacheMissCost 4
2026-04-25 17:12:35.509 16589-16820 skia                    com.httperry.pixelplayer.debug       D  ProgramCache::findOrCreateProgramImpl index 18, hash 108557883, cacheCost 4, cacheList.size 2.
2026-04-25 17:12:35.511 16589-16589 OplusInput...erInternal com.httperry.pixelplayer.debug       D  get inputMethodManager extension: com.android.internal.view.IInputMethodManager$Stub$Proxy@ba1bf20
2026-04-25 17:12:35.511 16589-16589 DynamicFra...peedAware] com.httperry.pixelplayer.debug       I  onEventHandled: info: InputEventInfo: mX = 0, mY = 0, mAction = 1, mVsyncTime = 96795321, mIsMoving = false, mUpdated = true
2026-04-25 17:12:35.513 16589-16589 ViewRootImplExtImpl     com.httperry.pixelplayer.debug       D  the up motion event handled by client, just return
2026-04-25 17:12:35.525 16589-16820 skia                    com.httperry.pixelplayer.debug       D  GrGLProgramBuilder::finalize record cache_miss hashCode 3402816553, cacheMissCost 10
2026-04-25 17:12:35.525 16589-16820 skia                    com.httperry.pixelplayer.debug       D  ProgramCache::findOrCreateProgramImpl index 19, hash 3402816553, cacheCost 10, cacheList.size 1.
2026-04-25 17:12:35.550 16589-17550 PowerHalMgrImpl         com.httperry.pixelplayer.debug       I  perfLockAcq is supported. 
2026-04-25 17:12:35.719 16589-16820 skia                    com.httperry.pixelplayer.debug       D  GrGLProgramBuilder::finalize record cache_miss hashCode 3937433755, cacheMissCost 18
2026-04-25 17:12:35.719 16589-16820 skia                    com.httperry.pixelplayer.debug       D  ProgramCache::findOrCreateProgramImpl index 20, hash 3937433755, cacheCost 18, cacheList.size 1.
2026-04-25 17:12:35.725 16589-16820 skia                    com.httperry.pixelplayer.debug       D  GrGLProgramBuilder::finalize record cache_miss hashCode 673789775, cacheMissCost 6
2026-04-25 17:12:35.726 16589-16820 skia                    com.httperry.pixelplayer.debug       D  ProgramCache::findOrCreateProgramImpl index 21, hash 673789775, cacheCost 6, cacheList.size 2.
2026-04-25 17:12:35.729 16589-16820 skia                    com.httperry.pixelplayer.debug       D  GrGLProgramBuilder::finalize record cache_miss hashCode 2807939829, cacheMissCost 3
2026-04-25 17:12:35.729 16589-16820 skia                    com.httperry.pixelplayer.debug       D  ProgramCache::findOrCreateProgramImpl index 22, hash 2807939829, cacheCost 3, cacheList.size 3.
2026-04-25 17:12:35.734 16589-16820 skia                    com.httperry.pixelplayer.debug       D  GrGLProgramBuilder::finalize record cache_miss hashCode 3789103791, cacheMissCost 4
2026-04-25 17:12:35.735 16589-16820 skia                    com.httperry.pixelplayer.debug       D  ProgramCache::findOrCreateProgramImpl index 23, hash 3789103791, cacheCost 4, cacheList.size 4.
2026-04-25 17:12:35.745 16589-16820 skia                    com.httperry.pixelplayer.debug       D  GrGLProgramBuilder::finalize record cache_miss hashCode 108940292, cacheMissCost 9
2026-04-25 17:12:35.745 16589-16820 skia                    com.httperry.pixelplayer.debug       D  ProgramCache::findOrCreateProgramImpl index 24, hash 108940292, cacheCost 9, cacheList.size 5.
2026-04-25 17:12:35.750 16589-16820 skia                    com.httperry.pixelplayer.debug       D  GrGLProgramBuilder::finalize record cache_miss hashCode 2240229012, cacheMissCost 3
2026-04-25 17:12:35.750 16589-16820 skia                    com.httperry.pixelplayer.debug       D  ProgramCache::findOrCreateProgramImpl index 25, hash 2240229012, cacheCost 3, cacheList.size 1.
2026-04-25 17:12:35.757 16589-16820 skia                    com.httperry.pixelplayer.debug       D  GrGLProgramBuilder::finalize record cache_miss hashCode 3073212217, cacheMissCost 4
2026-04-25 17:12:35.757 16589-16820 skia                    com.httperry.pixelplayer.debug       D  ProgramCache::findOrCreateProgramImpl index 26, hash 3073212217, cacheCost 4, cacheList.size 2.
2026-04-25 17:12:35.770 16589-16820 skia                    com.httperry.pixelplayer.debug       D  GrGLProgramBuilder::finalize record cache_miss hashCode 2679524144, cacheMissCost 12
2026-04-25 17:12:35.770 16589-16820 skia                    com.httperry.pixelplayer.debug       D  ProgramCache::findOrCreateProgramImpl index 27, hash 2679524144, cacheCost 12, cacheList.size 3.
2026-04-25 17:12:35.795 16589-16820 skia                    com.httperry.pixelplayer.debug       D  GrGLProgramBuilder::finalize record cache_miss hashCode 1724294717, cacheMissCost 24
2026-04-25 17:12:35.795 16589-16820 skia                    com.httperry.pixelplayer.debug       D  ProgramCache::findOrCreateProgramImpl index 28, hash 1724294717, cacheCost 24, cacheList.size 4.
2026-04-25 17:12:35.821 16589-16820 skia                    com.httperry.pixelplayer.debug       D  GrGLProgramBuilder::finalize record cache_miss hashCode 309945129, cacheMissCost 21
2026-04-25 17:12:35.821 16589-16820 skia                    com.httperry.pixelplayer.debug       D  ProgramCache::findOrCreateProgramImpl index 29, hash 309945129, cacheCost 21, cacheList.size 1.
2026-04-25 17:12:35.848 16589-16820 skia                    com.httperry.pixelplayer.debug       D  GrGLProgramBuilder::finalize record cache_miss hashCode 3986195763, cacheMissCost 23
2026-04-25 17:12:35.849 16589-16820 skia                    com.httperry.pixelplayer.debug       D  ProgramCache::findOrCreateProgramImpl index 30, hash 3986195763, cacheCost 23, cacheList.size 1.
2026-04-25 17:12:35.876 16589-16820 skia                    com.httperry.pixelplayer.debug       D  GrGLProgramBuilder::finalize record cache_miss hashCode 3946067196, cacheMissCost 10
2026-04-25 17:12:35.876 16589-16820 skia                    com.httperry.pixelplayer.debug       D  ProgramCache::findOrCreateProgramImpl index 31, hash 3946067196, cacheCost 10, cacheList.size 1.
2026-04-25 17:12:35.971 16589-16820 skia                    com.httperry.pixelplayer.debug       D  GrGLProgramBuilder::finalize record cache_miss hashCode 3329079869, cacheMissCost 11
2026-04-25 17:12:35.971 16589-16820 skia                    com.httperry.pixelplayer.debug       D  ProgramCache::findOrCreateProgramImpl index 32, hash 3329079869, cacheCost 11, cacheList.size 1.
2026-04-25 17:12:35.983 16589-16820 skia                    com.httperry.pixelplayer.debug       D  GrGLProgramBuilder::finalize record cache_miss hashCode 2242743814, cacheMissCost 11
2026-04-25 17:12:35.983 16589-16820 skia                    com.httperry.pixelplayer.debug       D  ProgramCache::findOrCreateProgramImpl index 33, hash 2242743814, cacheCost 11, cacheList.size 2.
2026-04-25 17:12:36.080 16589-16820 skia                    com.httperry.pixelplayer.debug       D  GrGLProgramBuilder::finalize record cache_miss hashCode 1368551773, cacheMissCost 5
2026-04-25 17:12:36.080 16589-16820 skia                    com.httperry.pixelplayer.debug       D  ProgramCache::findOrCreateProgramImpl index 34, hash 1368551773, cacheCost 5, cacheList.size 1.
2026-04-25 17:12:36.091 16589-16820 skia                    com.httperry.pixelplayer.debug       D  GrGLProgramBuilder::finalize record cache_miss hashCode 1793996791, cacheMissCost 10
2026-04-25 17:12:36.091 16589-16820 skia                    com.httperry.pixelplayer.debug       D  ProgramCache::findOrCreateProgramImpl index 35, hash 1793996791, cacheCost 10, cacheList.size 2.
2026-04-25 17:12:36.233 16589-16589 DynamicFra...peedAware] com.httperry.pixelplayer.debug       I  onEventHandled: info: InputEventInfo: mX = 0, mY = 0, mAction = 0, mVsyncTime = 96796042, mIsMoving = true, mUpdated = true
2026-04-25 17:12:36.233 16589-16589 IJankManager            com.httperry.pixelplayer.debug       E  slideSceneEnd unknown scene 1000 mScene:-1
2026-04-25 17:12:36.269 16589-16820 skia                    com.httperry.pixelplayer.debug       D  GrGLProgramBuilder::finalize record cache_miss hashCode 2472061229, cacheMissCost 21
2026-04-25 17:12:36.270 16589-16820 skia                    com.httperry.pixelplayer.debug       D  ProgramCache::findOrCreateProgramImpl index 36, hash 2472061229, cacheCost 21, cacheList.size 1.
2026-04-25 17:12:36.297 16589-16589 DynamicFra...peedAware] com.httperry.pixelplayer.debug       I  onEventHandled: info: InputEventInfo: mX = 0, mY = 0, mAction = 1, mVsyncTime = 96796106, mIsMoving = false, mUpdated = true
2026-04-25 17:12:36.336 16589-16589 ViewRootImplExtImpl     com.httperry.pixelplayer.debug       D  the up motion event handled by client, just return
2026-04-25 17:12:36.367 16589-16589 VRI[MainActivity]       com.httperry.pixelplayer.debug       D  onFocusEvent false
2026-04-25 17:12:36.681 16589-16631 xelplayer.debug         com.httperry.pixelplayer.debug       W  userfaultfd: MOVE ioctl seems unsupported: Connection timed out
2026-04-25 17:12:37.375 16589-16651 OplusScrollToTopManager com.httperry.pixelplayer.debug       D  com.httperry.pixelplayer.debug/com.theveloper.pixelplay.MainActivity,This com.android.internal.policy.DecorView{633c98d V.E...... R....... 0,0-1080,2392 aid=0 alpha=1.0 viewInfo = }[MainActivity] change focus to false
2026-04-25 17:12:37.394  2044-2116  OplusThermalStats       system_server                        E  Error getting package info: com.httperry.pixelplayer.debug
2026-04-25 17:12:37.399 16589-16647 ColorModeChangeItem     com.httperry.pixelplayer.debug       D  preExecute mColorMode=0
2026-04-25 17:12:37.401 16589-16589 ActivityThread          com.httperry.pixelplayer.debug       D  ComponentInfo{com.httperry.pixelplayer.debug/com.theveloper.pixelplay.MainActivity} checkFinished=false 4
2026-04-25 17:12:37.401 16589-16589 ResourcesManagerExtImpl com.httperry.pixelplayer.debug       D  applyConfigurationToAppResourcesLocked app.getDisplayId() return callback.displayId:0
2026-04-25 17:12:37.442 16589-16589 VRI[MainActivity]       com.httperry.pixelplayer.debug       D  onFocusEvent true
2026-04-25 17:12:37.463 16589-16589 InsetsController        com.httperry.pixelplayer.debug       D  hide(ime(), fromIme=false)
2026-04-25 17:12:37.463 16589-16589 ImeTracker              com.httperry.pixelplayer.debug       I  com.httperry.pixelplayer.debug:ed555306: onCancelled at PHASE_CLIENT_ALREADY_HIDDEN
2026-04-25 17:12:37.555 16589-16820 skia                    com.httperry.pixelplayer.debug       D  GrGLProgramBuilder::finalize record cache_miss hashCode 2101328376, cacheMissCost 5
2026-04-25 17:12:37.556 16589-16820 skia                    com.httperry.pixelplayer.debug       D  ProgramCache::findOrCreateProgramImpl index 37, hash 2101328376, cacheCost 5, cacheList.size 1.
2026-04-25 17:12:37.563 16589-16820 skia                    com.httperry.pixelplayer.debug       D  GrGLProgramBuilder::finalize record cache_miss hashCode 2456013258, cacheMissCost 5
2026-04-25 17:12:37.563 16589-16820 skia                    com.httperry.pixelplayer.debug       D  ProgramCache::findOrCreateProgramImpl index 38, hash 2456013258, cacheCost 5, cacheList.size 2.
2026-04-25 17:12:37.931 16589-16589 DynamicFra...peedAware] com.httperry.pixelplayer.debug       I  onEventHandled: info: InputEventInfo: mX = 0, mY = 0, mAction = 0, mVsyncTime = 96797740, mIsMoving = true, mUpdated = true
2026-04-25 17:12:37.931 16589-16589 IJankManager            com.httperry.pixelplayer.debug       E  slideSceneEnd unknown scene 1000 mScene:-1
2026-04-25 17:12:38.027 16589-16589 DynamicFra...peedAware] com.httperry.pixelplayer.debug       I  onEventHandled: info: InputEventInfo: mX = 0, mY = 0, mAction = 1, mVsyncTime = 96797836, mIsMoving = false, mUpdated = true
2026-04-25 17:12:38.029 16589-16589 ViewRootImplExtImpl     com.httperry.pixelplayer.debug       D  the up motion event handled by client, just return
2026-04-25 17:12:38.456 16589-16651 OplusScrollToTopManager com.httperry.pixelplayer.debug       D  com.httperry.pixelplayer.debug/com.theveloper.pixelplay.MainActivity,This com.android.internal.policy.DecorView{633c98d V.E...... R......D 0,0-1080,2392 aid=0 alpha=1.0 viewInfo = }[MainActivity] change focus to true
2026-04-25 17:12:38.560 16589-16589 DynamicFra...peedAware] com.httperry.pixelplayer.debug       I  onEventHandled: info: InputEventInfo: mX = 0, mY = 0, mAction = 0, mVsyncTime = 96798369, mIsMoving = true, mUpdated = true
2026-04-25 17:12:38.560 16589-16589 IJankManager            com.httperry.pixelplayer.debug       E  slideSceneEnd unknown scene 1000 mScene:-1
2026-04-25 17:12:38.679 16589-16589 DynamicFra...peedAware] com.httperry.pixelplayer.debug       I  onEventHandled: info: InputEventInfo: mX = 0, mY = 0, mAction = 1, mVsyncTime = 96798488, mIsMoving = false, mUpdated = true
2026-04-25 17:12:38.694 16589-16589 ViewRootImplExtImpl     com.httperry.pixelplayer.debug       D  the up motion event handled by client, just return
2026-04-25 17:12:38.727 16589-16589 VRI[MainActivity]       com.httperry.pixelplayer.debug       D  onFocusEvent false
2026-04-25 17:12:39.434 16589-16647 ColorModeChangeItem     com.httperry.pixelplayer.debug       D  preExecute mColorMode=0
2026-04-25 17:12:39.435 16589-16589 ActivityThread          com.httperry.pixelplayer.debug       D  ComponentInfo{com.httperry.pixelplayer.debug/com.theveloper.pixelplay.MainActivity} checkFinished=false 4
2026-04-25 17:12:39.435 16589-16589 ResourcesManagerExtImpl com.httperry.pixelplayer.debug       D  applyConfigurationToAppResourcesLocked app.getDisplayId() return callback.displayId:0
2026-04-25 17:12:39.436  2044-2116  OplusThermalStats       system_server                        E  Error getting package info: com.httperry.pixelplayer.debug
2026-04-25 17:12:39.469 16589-16589 VRI[MainActivity]       com.httperry.pixelplayer.debug       D  onFocusEvent true
2026-04-25 17:12:39.482 16589-16589 InsetsController        com.httperry.pixelplayer.debug       D  hide(ime(), fromIme=false)
2026-04-25 17:12:39.482 16589-16589 ImeTracker              com.httperry.pixelplayer.debug       I  com.httperry.pixelplayer.debug:fd14e004: onCancelled at PHASE_CLIENT_ALREADY_HIDDEN
2026-04-25 17:12:40.012 16589-16589 DynamicFra...peedAware] com.httperry.pixelplayer.debug       I  onEventHandled: info: InputEventInfo: mX = 0, mY = 0, mAction = 0, mVsyncTime = 96799821, mIsMoving = true, mUpdated = true
2026-04-25 17:12:40.013 16589-16589 IJankManager            com.httperry.pixelplayer.debug       E  slideSceneEnd unknown scene 1000 mScene:-1
2026-04-25 17:12:40.116 16589-16589 DynamicFra...peedAware] com.httperry.pixelplayer.debug       I  onEventHandled: info: InputEventInfo: mX = 0, mY = 0, mAction = 1, mVsyncTime = 96799925, mIsMoving = false, mUpdated = true
2026-04-25 17:12:40.118 16589-16589 ViewRootImplExtImpl     com.httperry.pixelplayer.debug       D  the up motion event handled by client, just return
2026-04-25 17:12:40.483 16589-16651 OplusScrollToTopManager com.httperry.pixelplayer.debug       D  com.httperry.pixelplayer.debug/com.theveloper.pixelplay.MainActivity,This com.android.internal.policy.DecorView{633c98d V.E...... R....... 0,0-1080,2392 aid=0 alpha=1.0 viewInfo = }[MainActivity] change focus to true
2026-04-25 17:12:41.099 16589-16589 DynamicFra...peedAware] com.httperry.pixelplayer.debug       I  onEventHandled: info: InputEventInfo: mX = 0, mY = 0, mAction = 0, mVsyncTime = 96800908, mIsMoving = true, mUpdated = true
2026-04-25 17:12:41.099 16589-16589 IJankManager            com.httperry.pixelplayer.debug       E  slideSceneEnd unknown scene 1000 mScene:-1
2026-04-25 17:12:41.217 16589-16589 DynamicFra...peedAware] com.httperry.pixelplayer.debug       I  onEventHandled: info: InputEventInfo: mX = 0, mY = 0, mAction = 1, mVsyncTime = 96801025, mIsMoving = false, mUpdated = true
2026-04-25 17:12:41.218 16589-16589 ViewRootImplExtImpl     com.httperry.pixelplayer.debug       D  the up motion event handled by client, just return
2026-04-25 17:12:41.284 16589-16820 skia                    com.httperry.pixelplayer.debug       D  GrGLProgramBuilder::finalize record cache_miss hashCode 3404635717, cacheMissCost 6
2026-04-25 17:12:41.284 16589-16820 skia                    com.httperry.pixelplayer.debug       D  ProgramCache::findOrCreateProgramImpl index 39, hash 3404635717, cacheCost 6, cacheList.size 1.
2026-04-25 17:12:42.939 16589-16589 DynamicFra...peedAware] com.httperry.pixelplayer.debug       I  onEventHandled: info: InputEventInfo: mX = 0, mY = 0, mAction = 0, mVsyncTime = 96802748, mIsMoving = true, mUpdated = true
2026-04-25 17:12:42.939 16589-16589 IJankManager            com.httperry.pixelplayer.debug       E  slideSceneEnd unknown scene 1000 mScene:-1
2026-04-25 17:12:43.048 16589-16589 DynamicFra...peedAware] com.httperry.pixelplayer.debug       I  onEventHandled: info: InputEventInfo: mX = 0, mY = 0, mAction = 1, mVsyncTime = 96802857, mIsMoving = false, mUpdated = true
2026-04-25 17:12:43.052 16589-16589 ViewRootImplExtImpl     com.httperry.pixelplayer.debug       D  the up motion event handled by client, just return
2026-04-25 17:12:43.104 16589-16820 skia                    com.httperry.pixelplayer.debug       D  GrGLProgramBuilder::finalize record cache_miss hashCode 413338956, cacheMissCost 8
2026-04-25 17:12:43.104 16589-16820 skia                    com.httperry.pixelplayer.debug       D  ProgramCache::findOrCreateProgramImpl index 40, hash 413338956, cacheCost 8, cacheList.size 1.
2026-04-25 17:12:44.059 16589-16589 DynamicFra...peedAware] com.httperry.pixelplayer.debug       I  onEventHandled: info: InputEventInfo: mX = 0, mY = 0, mAction = 0, mVsyncTime = 96803867, mIsMoving = true, mUpdated = true
2026-04-25 17:12:44.059 16589-16589 IJankManager            com.httperry.pixelplayer.debug       E  slideSceneEnd unknown scene 1000 mScene:-1
2026-04-25 17:12:44.171 16589-16589 DynamicFra...peedAware] com.httperry.pixelplayer.debug       I  onEventHandled: info: InputEventInfo: mX = 0, mY = 0, mAction = 1, mVsyncTime = 96803980, mIsMoving = false, mUpdated = true
2026-04-25 17:12:44.175 16589-16589 ViewRootImplExtImpl     com.httperry.pixelplayer.debug       D  the up motion event handled by client, just return
2026-04-25 17:12:45.716 16589-16589 DynamicFra...peedAware] com.httperry.pixelplayer.debug       I  onEventHandled: info: InputEventInfo: mX = 0, mY = 0, mAction = 0, mVsyncTime = 96805525, mIsMoving = true, mUpdated = true
2026-04-25 17:12:45.716 16589-16589 IJankManager            com.httperry.pixelplayer.debug       E  slideSceneEnd unknown scene 1000 mScene:-1
2026-04-25 17:12:45.823 16589-16589 DynamicFra...peedAware] com.httperry.pixelplayer.debug       I  onEventHandled: info: InputEventInfo: mX = 0, mY = 0, mAction = 1, mVsyncTime = 96805632, mIsMoving = false, mUpdated = true
2026-04-25 17:12:45.825 16589-16589 ViewRootImplExtImpl     com.httperry.pixelplayer.debug       D  the up motion event handled by client, just return
2026-04-25 17:12:45.869 16589-16820 skia                    com.httperry.pixelplayer.debug       D  GrGLProgramBuilder::finalize record cache_miss hashCode 2345153583, cacheMissCost 15
2026-04-25 17:12:45.870 16589-16820 skia                    com.httperry.pixelplayer.debug       D  ProgramCache::findOrCreateProgramImpl index 41, hash 2345153583, cacheCost 15, cacheList.size 1.
2026-04-25 17:12:45.874 16589-16820 skia                    com.httperry.pixelplayer.debug       D  GrGLProgramBuilder::finalize record cache_miss hashCode 3141350930, cacheMissCost 3
2026-04-25 17:12:45.874 16589-16820 skia                    com.httperry.pixelplayer.debug       D  ProgramCache::findOrCreateProgramImpl index 42, hash 3141350930, cacheCost 3, cacheList.size 2.
2026-04-25 17:12:46.686 16589-16589 DynamicFra...peedAware] com.httperry.pixelplayer.debug       I  onEventHandled: info: InputEventInfo: mX = 0, mY = 0, mAction = 0, mVsyncTime = 96806495, mIsMoving = true, mUpdated = true
2026-04-25 17:12:46.686 16589-16589 IJankManager            com.httperry.pixelplayer.debug       E  slideSceneEnd unknown scene 1000 mScene:-1
2026-04-25 17:12:46.794 16589-16589 DynamicFra...peedAware] com.httperry.pixelplayer.debug       I  onEventHandled: info: InputEventInfo: mX = 0, mY = 0, mAction = 1, mVsyncTime = 96806603, mIsMoving = false, mUpdated = true
2026-04-25 17:12:46.795 16589-16589 ViewRootImplExtImpl     com.httperry.pixelplayer.debug       D  the up motion event handled by client, just return
2026-04-25 17:12:46.843 16589-16820 skia                    com.httperry.pixelplayer.debug       D  GrGLProgramBuilder::finalize record cache_miss hashCode 4241200219, cacheMissCost 7
2026-04-25 17:12:46.843 16589-16820 skia                    com.httperry.pixelplayer.debug       D  ProgramCache::findOrCreateProgramImpl index 43, hash 4241200219, cacheCost 7, cacheList.size 1.
2026-04-25 17:12:47.451 16589-16589 DynamicFra...peedAware] com.httperry.pixelplayer.debug       I  onEventHandled: info: InputEventInfo: mX = 0, mY = 0, mAction = 0, mVsyncTime = 96807260, mIsMoving = true, mUpdated = true
2026-04-25 17:12:47.451 16589-16589 IJankManager            com.httperry.pixelplayer.debug       E  slideSceneEnd unknown scene 1000 mScene:-1
2026-04-25 17:12:47.562 16589-16589 DynamicFra...peedAware] com.httperry.pixelplayer.debug       I  onEventHandled: info: InputEventInfo: mX = 0, mY = 0, mAction = 1, mVsyncTime = 96807371, mIsMoving = false, mUpdated = true
2026-04-25 17:12:47.563 16589-16589 ViewRootImplExtImpl     com.httperry.pixelplayer.debug       D  the up motion event handled by client, just return
2026-04-25 17:12:47.830 16589-16820 skia                    com.httperry.pixelplayer.debug       D  GrGpu::writePixels takes 1
2026-04-25 17:12:49.753 16589-16589 DynamicFra...peedAware] com.httperry.pixelplayer.debug       I  onEventHandled: info: InputEventInfo: mX = 0, mY = 0, mAction = 0, mVsyncTime = 96809562, mIsMoving = true, mUpdated = true
2026-04-25 17:12:49.753 16589-16589 IJankManager            com.httperry.pixelplayer.debug       E  slideSceneEnd unknown scene 1000 mScene:-1
2026-04-25 17:12:49.876 16589-16589 DynamicFra...peedAware] com.httperry.pixelplayer.debug       I  onEventHandled: info: InputEventInfo: mX = 0, mY = 0, mAction = 1, mVsyncTime = 96809685, mIsMoving = false, mUpdated = true
2026-04-25 17:12:49.898 16589-16589 ViewRootImplExtImpl     com.httperry.pixelplayer.debug       D  the up motion event handled by client, just return
2026-04-25 17:12:49.922 16589-16589 VRI[MainActivity]       com.httperry.pixelplayer.debug       D  onFocusEvent false
2026-04-25 17:12:50.655 16589-16649 VRI[MainActivity]       com.httperry.pixelplayer.debug       D  dispatchAppVisibility visible:false mUpcomingWindowFocus:false
2026-04-25 17:12:50.655 16589-16589 VRI[MainActivity]       com.httperry.pixelplayer.debug       D  visibilityChanged oldVisibility=true newVisibility=false
2026-04-25 17:12:50.656 16589-16589 HWUI                    com.httperry.pixelplayer.debug       D  RenderProxy::destroy: this=0xb40000730e08f100, mContext=0xb40000730dd1aa80
2026-04-25 17:12:50.656 16589-16820 HWUI                    com.httperry.pixelplayer.debug       D  SkiaOpenGLPipeline::setSurface: this=0xb4000073c061d2c0, surface=NULL
2026-04-25 17:12:50.660 16589-16589 ViewRootImplExtImpl     com.httperry.pixelplayer.debug       D  wrapConfigInfoIntoFlags rotation=0, smallestScreenWidthDp=360, residentWS=false, scenario=0, bounds=Rect(0, 0 - 1080, 2392), relayoutAsync=false, flags=0, newFlags=1254108416, title=com.httperry.pixelplayer.debug/com.theveloper.pixelplay.MainActivity
2026-04-25 17:12:50.664 16589-16589 VRI[MainActivity]       com.httperry.pixelplayer.debug       D  relayoutWindow result, sizeChanged:false, surfaceControlChanged:true, transformHintChanged:false, mSurfaceSize:Point(1080, 2392), mLastSurfaceSize:Point(1080, 2392), mWidth:1080, mHeight:2392, requestedWidth:1080, requestedHeight:2392, transformHint:0, installOrientation:0, displayRotation:0, isSurfaceValid:false, attr.flag:-2122252032, tmpFrames:ClientWindowFrames{frame=[0,0][1080,2392] display=[0,0][1080,2392] parentFrame=[0,0][0,0]}, relayoutAsync:false, mSyncSeqId:0
2026-04-25 17:12:50.665 16589-16589 BLASTBufferQueue        com.httperry.pixelplayer.debug       D  [VRI[MainActivity]#0](f:0,a:2) destructor()
2026-04-25 17:12:50.665 16589-16589 BufferQueueConsumer     com.httperry.pixelplayer.debug       D  [VRI[MainActivity]#0(BLAST Consumer)0](id:40cd00000000,api:0,p:-1,c:16589) disconnect
2026-04-25 17:12:50.669 16589-16589 WindowOnBackDispatcher  com.httperry.pixelplayer.debug       W  sendCancelIfRunning: isInProgress=false callback=androidx.activity.OnBackPressedDispatcher$Api34Impl$createOnBackAnimationCallback$1@f2e34a2
2026-04-25 17:12:50.670 16589-16589 VRI[MainActivity]       com.httperry.pixelplayer.debug       D  setWindowStopped stopped:true
2026-04-25 17:12:50.679 16589-16589 AppVisibilityProxy      com.httperry.pixelplayer.debug       I  onAppEnteredBackground
2026-04-25 17:12:50.679 16589-16589 MainActivity            com.httperry.pixelplayer.debug       D  [main] - onStop
2026-04-25 17:12:50.679 16589-16589 MediaController         com.httperry.pixelplayer.debug       I  Release 7b7df1d [AndroidXMedia3/1.9.2] [OP613BL1, CPH2717, OnePlus, 36] [media3.common, media3.exoplayer, media3.decoder, media3.database, media3.session]
2026-04-25 17:12:50.927 16589-16651 OplusScrollToTopManager com.httperry.pixelplayer.debug       D  com.httperry.pixelplayer.debug/com.theveloper.pixelplay.MainActivity,This com.android.internal.policy.DecorView{633c98d I.E...... R.....ID 0,0-1080,2392 aid=0 alpha=1.0 viewInfo = }[MainActivity] change focus to false
2026-04-25 17:12:51.263 16589-16649 VRI[MainActivity]       com.httperry.pixelplayer.debug       D  dispatchAppVisibility visible:true mUpcomingWindowFocus:false
2026-04-25 17:12:51.266 16589-16589 VRI[MainActivity]       com.httperry.pixelplayer.debug       D  setWindowStopped stopped:false
2026-04-25 17:12:51.266 16589-16589 ViewRootImpl            com.httperry.pixelplayer.debug       D  Skipping stats log for color mode
2026-04-25 17:12:51.270 16589-16589 AppVisibilityProxy      com.httperry.pixelplayer.debug       I  onAppEnteredForeground
2026-04-25 17:12:51.271 16589-16589 MainActivity            com.httperry.pixelplayer.debug       D  [main] - onStart
2026-04-25 17:12:51.289 16589-16589 MediaController         com.httperry.pixelplayer.debug       I  Init eab6602 [AndroidXMedia3/1.9.2] [OP613BL1, CPH2717, OnePlus, 36]
2026-04-25 17:12:51.301 16589-16589 OplusPredi...Controller com.httperry.pixelplayer.debug       D  should not HookOnBackInvokedCallbackEnabled for application com.theveloper.pixelplay.MainActivity@3303795 hasOnBackInvokedCallBackEnabled
2026-04-25 17:12:51.301 16589-16589 OplusPredi...Controller com.httperry.pixelplayer.debug       D  should not HookOnBackInvokedCallbackEnabled for application com.theveloper.pixelplay.MainActivity@3303795 hasOnBackInvokedCallBackEnabled
2026-04-25 17:12:51.304 16589-16589 ViewRootImplExtImpl     com.httperry.pixelplayer.debug       D  wrapConfigInfoIntoFlags rotation=0, smallestScreenWidthDp=360, residentWS=false, scenario=0, bounds=Rect(0, 0 - 1080, 2392), relayoutAsync=false, flags=0, newFlags=1254108416, title=com.httperry.pixelplayer.debug/com.theveloper.pixelplay.MainActivity
2026-04-25 17:12:51.311 16589-16589 VRI[MainActivity]       com.httperry.pixelplayer.debug       D  relayoutWindow result, sizeChanged:false, surfaceControlChanged:true, transformHintChanged:false, mSurfaceSize:Point(1080, 2392), mLastSurfaceSize:Point(1080, 2392), mWidth:1080, mHeight:2392, requestedWidth:1080, requestedHeight:2392, transformHint:0, installOrientation:0, displayRotation:0, isSurfaceValid:true, attr.flag:-2122252032, tmpFrames:ClientWindowFrames{frame=[0,0][1080,2392] display=[0,0][1080,2392] parentFrame=[0,0][0,0]}, relayoutAsync:false, mSyncSeqId:0
2026-04-25 17:12:51.312 16589-16589 VRI[MainActivity]       com.httperry.pixelplayer.debug       W  updateBlastSurfaceIfNeeded, surfaceSize:Point(1080, 2392), lastSurfaceSize:Point(1080, 2392), format:-1, blastBufferQueue:null
2026-04-25 17:12:51.312 16589-16589 BufferQueueConsumer     com.httperry.pixelplayer.debug       D  [](id:40cd00000001,api:0,p:-1,c:16589) connect: controlledByApp=false
2026-04-25 17:12:51.312 16589-16589 BufferQueueConsumer     com.httperry.pixelplayer.debug       D  [VRI[MainActivity]#1(BLAST Consumer)1](id:40cd00000001,api:0,p:-1,c:16589) setMaxAcquiredBufferCount: 3
2026-04-25 17:12:51.312 16589-16820 HWUI                    com.httperry.pixelplayer.debug       D  createSurface new attribs array
2026-04-25 17:12:51.312 16589-16820 libEGL                  com.httperry.pixelplayer.debug       D  this is from skia gles
2026-04-25 17:12:51.313 16589-16589 SurfaceControl          com.httperry.pixelplayer.debug       I   setExtendedRangeBrightness sc=Surface(name=com.httperry.pixelplayer.debug/com.theveloper.pixelplay.MainActivity)/@0xb8e28f,currentBufferRatio=1.0,desiredRatio=1.0
2026-04-25 17:12:51.328 16589-16820 skia                    com.httperry.pixelplayer.debug       D  GrGpu::writePixels takes 3
2026-04-25 17:12:51.332 16589-16820 BLASTBufferQueue        com.httperry.pixelplayer.debug       D  [VRI[MainActivity]#1](f:0,a:1) acquireNextBufferLocked size=1080x2392 mFrameNumber=1 applyTransaction=true mTimestamp=96811139823923(auto) mPendingTransactions.size=0 graphicBufferId=71249212473350 transform=0
2026-04-25 17:12:51.333 16589-16820 VRI[MainActivity]       com.httperry.pixelplayer.debug       D  Received frameCommittedCallback lastAttemptedDrawFrameNum=1 didProduceBuffer=true syncBuffer=false
2026-04-25 17:12:51.334 16589-16589 VRI[MainActivity]       com.httperry.pixelplayer.debug       D  draw finished. seqId=0
2026-04-25 17:12:51.344 16589-16589 MusicService_PixelPlay  com.httperry.pixelplayer.debug       D  onConnect from package=com.httperry.pixelplayer.debug uid=10449 trusted=true version=1009002300 hints=[]
2026-04-25 17:12:51.347 16589-16649 ColorModeChangeItem     com.httperry.pixelplayer.debug       D  preExecute mColorMode=0
2026-04-25 17:12:51.347 16589-16589 ActivityThread          com.httperry.pixelplayer.debug       D  ComponentInfo{com.httperry.pixelplayer.debug/com.theveloper.pixelplay.MainActivity} checkFinished=false 2
2026-04-25 17:12:51.347 16589-16589 ResourcesManagerExtImpl com.httperry.pixelplayer.debug       D  applyConfigurationToAppResourcesLocked app.getDisplayId() return callback.displayId:0
2026-04-25 17:12:51.353  2044-2116  OplusThermalStats       system_server                        E  Error getting package info: com.httperry.pixelplayer.debug
2026-04-25 17:12:51.377 16589-16589 VRI[MainActivity]       com.httperry.pixelplayer.debug       D  onFocusEvent true
2026-04-25 17:12:51.387 16589-16589 InsetsController        com.httperry.pixelplayer.debug       D  hide(ime(), fromIme=false)
2026-04-25 17:12:51.387 16589-16589 ImeTracker              com.httperry.pixelplayer.debug       I  com.httperry.pixelplayer.debug:eade675b: onCancelled at PHASE_CLIENT_ALREADY_HIDDEN
2026-04-25 17:12:51.651 16589-16820 skia                    com.httperry.pixelplayer.debug       D  GrGpu::writePixels takes 1
2026-04-25 17:12:51.796 16589-16589 DynamicFra...peedAware] com.httperry.pixelplayer.debug       I  onEventHandled: info: InputEventInfo: mX = 0, mY = 0, mAction = 0, mVsyncTime = 96811605, mIsMoving = true, mUpdated = true
2026-04-25 17:12:51.796 16589-16589 IJankManager            com.httperry.pixelplayer.debug       E  slideSceneEnd unknown scene 1000 mScene:-1
2026-04-25 17:12:51.865 16589-16589 DynamicFra...peedAware] com.httperry.pixelplayer.debug       I  onEventHandled: info: InputEventInfo: mX = 0, mY = 0, mAction = 1, mVsyncTime = 96811674, mIsMoving = false, mUpdated = true
2026-04-25 17:12:51.867 16589-16589 ViewRootImplExtImpl     com.httperry.pixelplayer.debug       D  the up motion event handled by client, just return
2026-04-25 17:12:52.383 16589-16651 OplusScrollToTopManager com.httperry.pixelplayer.debug       D  com.httperry.pixelplayer.debug/com.theveloper.pixelplay.MainActivity,This com.android.internal.policy.DecorView{633c98d V.E...... R....... 0,0-1080,2392 aid=0 alpha=1.0 viewInfo = }[MainActivity] change focus to true
2026-04-25 17:12:52.724 16589-16589 DynamicFra...peedAware] com.httperry.pixelplayer.debug       I  onEventHandled: info: InputEventInfo: mX = 0, mY = 0, mAction = 0, mVsyncTime = 96812533, mIsMoving = true, mUpdated = true
2026-04-25 17:12:52.724 16589-16589 IJankManager            com.httperry.pixelplayer.debug       E  slideSceneEnd unknown scene 1000 mScene:-1
2026-04-25 17:12:52.816 16589-16589 DynamicFra...peedAware] com.httperry.pixelplayer.debug       I  onEventHandled: info: InputEventInfo: mX = 0, mY = 0, mAction = 1, mVsyncTime = 96812625, mIsMoving = false, mUpdated = true
2026-04-25 17:12:52.829 16589-16589 ViewRootImplExtImpl     com.httperry.pixelplayer.debug       D  the up motion event handled by client, just return
2026-04-25 17:12:52.849 16589-16589 VRI[MainActivity]       com.httperry.pixelplayer.debug       D  onFocusEvent false
2026-04-25 17:12:53.545 16589-16647 ColorModeChangeItem     com.httperry.pixelplayer.debug       D  preExecute mColorMode=0
2026-04-25 17:12:53.545 16589-16589 ActivityThread          com.httperry.pixelplayer.debug       D  ComponentInfo{com.httperry.pixelplayer.debug/com.theveloper.pixelplay.MainActivity} checkFinished=false 4
2026-04-25 17:12:53.545 16589-16589 ResourcesManagerExtImpl com.httperry.pixelplayer.debug       D  applyConfigurationToAppResourcesLocked app.getDisplayId() return callback.displayId:0
2026-04-25 17:12:53.565  2044-2116  OplusThermalStats       system_server                        E  Error getting package info: com.httperry.pixelplayer.debug
2026-04-25 17:12:53.572 16589-16589 VRI[MainActivity]       com.httperry.pixelplayer.debug       D  onFocusEvent true
2026-04-25 17:12:53.581 16589-16589 InsetsController        com.httperry.pixelplayer.debug       D  hide(ime(), fromIme=false)
2026-04-25 17:12:53.581 16589-16589 ImeTracker              com.httperry.pixelplayer.debug       I  com.httperry.pixelplayer.debug:d2731033: onCancelled at PHASE_CLIENT_ALREADY_HIDDEN
2026-04-25 17:12:54.090 16589-16589 DynamicFra...peedAware] com.httperry.pixelplayer.debug       I  onEventHandled: info: InputEventInfo: mX = 0, mY = 0, mAction = 0, mVsyncTime = 96813899, mIsMoving = true, mUpdated = true
2026-04-25 17:12:54.091 16589-16589 IJankManager            com.httperry.pixelplayer.debug       E  slideSceneEnd unknown scene 1000 mScene:-1
2026-04-25 17:12:54.187 16589-16589 DynamicFra...peedAware] com.httperry.pixelplayer.debug       I  onEventHandled: info: InputEventInfo: mX = 0, mY = 0, mAction = 1, mVsyncTime = 96813996, mIsMoving = false, mUpdated = true
2026-04-25 17:12:54.189 16589-16589 ViewRootImplExtImpl     com.httperry.pixelplayer.debug       D  the up motion event handled by client, just return
2026-04-25 17:12:54.292 16589-16820 skia                    com.httperry.pixelplayer.debug       D  GrGLProgramBuilder::finalize record cache_miss hashCode 3022264895, cacheMissCost 5
2026-04-25 17:12:54.293 16589-16820 skia                    com.httperry.pixelplayer.debug       D  ProgramCache::findOrCreateProgramImpl index 44, hash 3022264895, cacheCost 5, cacheList.size 1.
2026-04-25 17:12:54.510 16589-16820 skia                    com.httperry.pixelplayer.debug       D  GrGLProgramBuilder::finalize record cache_miss hashCode 1521526652, cacheMissCost 12
2026-04-25 17:12:54.510 16589-16820 skia                    com.httperry.pixelplayer.debug       D  ProgramCache::findOrCreateProgramImpl index 45, hash 1521526652, cacheCost 12, cacheList.size 1.
2026-04-25 17:12:54.579 16589-16651 OplusScrollToTopManager com.httperry.pixelplayer.debug       D  com.httperry.pixelplayer.debug/com.theveloper.pixelplay.MainActivity,This com.android.internal.policy.DecorView{633c98d V.E...... R......D 0,0-1080,2392 aid=0 alpha=1.0 viewInfo = }[MainActivity] change focus to true
2026-04-25 17:12:55.291 16589-16589 DynamicFra...peedAware] com.httperry.pixelplayer.debug       I  onEventHandled: info: InputEventInfo: mX = 0, mY = 0, mAction = 0, mVsyncTime = 96815100, mIsMoving = true, mUpdated = true
2026-04-25 17:12:55.291 16589-16589 IJankManager            com.httperry.pixelplayer.debug       E  slideSceneEnd unknown scene 1000 mScene:-1
2026-04-25 17:12:55.386 16589-16589 DynamicFra...peedAware] com.httperry.pixelplayer.debug       I  onEventHandled: info: InputEventInfo: mX = 0, mY = 0, mAction = 1, mVsyncTime = 96815195, mIsMoving = false, mUpdated = true
2026-04-25 17:12:55.388 16589-16589 ViewRootImplExtImpl     com.httperry.pixelplayer.debug       D  the up motion event handled by client, just return
