2026-04-28 17:35:56.371  1284-1284  SurfaceFlinger          surfaceflinger                       E  Out of order buffers detected for RequestedLayerState{com.httperry.pixelplayer.debug/com.theveloper.pixelplay.MainActivity#33850 parentId=33849} producedId=2 frameNumber=5560 -> producedId=2 frameNumber=2518
2026-04-28 17:35:56.374 25417-27782 PipelineWatcher         com.httperry.pixelplayer.debug       D  [0xb4000072fc7c0808] pipelineFull: too many frames in pipeline (4)
2026-04-28 17:35:56.379  1284-1284  SurfaceFlinger          surfaceflinger                       E  Out of order buffers detected for RequestedLayerState{com.httperry.pixelplayer.debug/com.theveloper.pixelplay.MainActivity#33850 parentId=33849} producedId=2 frameNumber=5560 -> producedId=2 frameNumber=2519
2026-04-28 17:35:56.388  1284-1284  SurfaceFlinger          surfaceflinger                       E  Out of order buffers detected for RequestedLayerState{com.httperry.pixelplayer.debug/com.theveloper.pixelplay.MainActivity#33850 parentId=33849} producedId=2 frameNumber=5560 -> producedId=2 frameNumber=2520
2026-04-28 17:35:56.396  1284-1284  SurfaceFlinger          surfaceflinger                       E  Out of order buffers detected for RequestedLayerState{com.httperry.pixelplayer.debug/com.theveloper.pixelplay.MainActivity#33850 parentId=33849} producedId=2 frameNumber=5560 -> producedId=2 frameNumber=2521
2026-04-28 17:35:56.404  1284-1284  SurfaceFlinger          surfaceflinger                       E  Out of order buffers detected for RequestedLayerState{com.httperry.pixelplayer.debug/com.theveloper.pixelplay.MainActivity#33850 parentId=33849} producedId=2 frameNumber=5560 -> producedId=2 frameNumber=2522
2026-04-28 17:35:56.412  1284-1284  SurfaceFlinger          surfaceflinger                       E  Out of order buffers detected for RequestedLayerState{com.httperry.pixelplayer.debug/com.theveloper.pixelplay.MainActivity#33850 parentId=33849} producedId=2 frameNumber=5560 -> producedId=2 frameNumber=2523
2026-04-28 17:35:56.421  1284-1284  SurfaceFlinger          surfaceflinger                       E  Out of order buffers detected for RequestedLayerState{com.httperry.pixelplayer.debug/com.theveloper.pixelplay.MainActivity#33850 parentId=33849} producedId=2 frameNumber=5560 -> producedId=2 frameNumber=2524
2026-04-28 17:35:56.429  1284-1284  SurfaceFlinger          surfaceflinger                       E  Out of order buffers detected for RequestedLayerState{com.httperry.pixelplayer.debug/com.theveloper.pixelplay.MainActivity#33850 parentId=33849} producedId=2 frameNumber=5560 -> producedId=2 frameNumber=2525
2026-04-28 17:35:56.437  1284-1284  SurfaceFlinger          surfaceflinger                       E  Out of order buffers detected for RequestedLayerState{com.httperry.pixelplayer.debug/com.theveloper.pixelplay.MainActivity#33850 parentId=33849} producedId=2 frameNumber=5560 -> producedId=2 frameNumber=2526
2026-04-28 17:35:56.447 25417-25417 WindowOnBackDispatcher  com.httperry.pixelplayer.debug       D  onBackInvoked callback: androidx.activity.OnBackPressedDispatcher$Api34Impl$createOnBackAnimationCallback$1@dbc1955, animationCallback is null
2026-04-28 17:35:56.452 25417-27782 PipelineWatcher         com.httperry.pixelplayer.debug       D  [0xb4000072fc7c0808] pipelineFull: too many frames in pipeline (4)
2026-04-28 17:35:56.454  1284-1284  SurfaceFlinger          surfaceflinger                       E  Out of order buffers detected for RequestedLayerState{com.httperry.pixelplayer.debug/com.theveloper.pixelplay.MainActivity#33850 parentId=33849} producedId=2 frameNumber=5560 -> producedId=2 frameNumber=2527
2026-04-28 17:35:56.496  1284-1284  SurfaceFlinger          surfaceflinger                       E  Out of order buffers detected for RequestedLayerState{com.httperry.pixelplayer.debug/com.theveloper.pixelplay.MainActivity#33850 parentId=33849} producedId=2 frameNumber=5560 -> producedId=2 frameNumber=2528
2026-04-28 17:35:56.512  1284-1284  SurfaceFlinger          surfaceflinger                       E  Out of order buffers detected for RequestedLayerState{com.httperry.pixelplayer.debug/com.theveloper.pixelplay.MainActivity#33850 parentId=33849} producedId=2 frameNumber=5560 -> producedId=2 frameNumber=2529
2026-04-28 17:35:56.521  1284-1284  SurfaceFlinger          surfaceflinger                       E  Out of order buffers detected for RequestedLayerState{com.httperry.pixelplayer.debug/com.theveloper.pixelplay.MainActivity#33850 parentId=33849} producedId=2 frameNumber=5560 -> producedId=2 frameNumber=2530
2026-04-28 17:35:56.554  1284-1284  SurfaceFlinger          surfaceflinger                       E  Out of order buffers detected for RequestedLayerState{com.httperry.pixelplayer.debug/com.theveloper.pixelplay.MainActivity#33850 parentId=33849} producedId=2 frameNumber=5560 -> producedId=2 frameNumber=2531
2026-04-28 17:35:56.570  1284-1284  SurfaceFlinger          surfaceflinger                       E  Out of order buffers detected for RequestedLayerState{com.httperry.pixelplayer.debug/com.theveloper.pixelplay.MainActivity#33850 parentId=33849} producedId=2 frameNumber=5560 -> producedId=2 frameNumber=2532
2026-04-28 17:35:56.596  1284-1284  SurfaceFlinger          surfaceflinger                       E  Out of order buffers detected for RequestedLayerState{com.httperry.pixelplayer.debug/com.theveloper.pixelplay.MainActivity#33850 parentId=33849} producedId=2 frameNumber=5560 -> producedId=2 frameNumber=2533
2026-04-28 17:35:56.600 25417-26060 PowerHalMgrImpl         com.httperry.pixelplayer.debug       I  hdl:45041, pid:25417 
2026-04-28 17:35:56.621  1284-1284  SurfaceFlinger          surfaceflinger                       E  Out of order buffers detected for RequestedLayerState{com.httperry.pixelplayer.debug/com.theveloper.pixelplay.MainActivity#33850 parentId=33849} producedId=2 frameNumber=5560 -> producedId=2 frameNumber=2534
2026-04-28 17:35:56.637  1284-1284  SurfaceFlinger          surfaceflinger                       E  Out of order buffers detected for RequestedLayerState{com.httperry.pixelplayer.debug/com.theveloper.pixelplay.MainActivity#33850 parentId=33849} producedId=2 frameNumber=5560 -> producedId=2 frameNumber=2535
2026-04-28 17:35:56.668 25417-25583 HWUI                    com.httperry.pixelplayer.debug       D  SkiaOpenGLPipeline::setSurface: this=0xb400007317f9a980, surface=NULL
2026-04-28 17:35:56.679  1284-1284  SurfaceFlinger          surfaceflinger                       E  Out of order buffers detected for RequestedLayerState{com.httperry.pixelplayer.debug/com.theveloper.pixelplay.MainActivity#33850 parentId=33849} producedId=2 frameNumber=5560 -> producedId=2 frameNumber=2536
2026-04-28 17:35:56.704  1284-1284  SurfaceFlinger          surfaceflinger                       E  Out of order buffers detected for RequestedLayerState{com.httperry.pixelplayer.debug/com.theveloper.pixelplay.MainActivity#33850 parentId=33849} producedId=2 frameNumber=5560 -> producedId=2 frameNumber=2537
2026-04-28 17:35:56.729  1284-1284  SurfaceFlinger          surfaceflinger                       E  Out of order buffers detected for RequestedLayerState{com.httperry.pixelplayer.debug/com.theveloper.pixelplay.MainActivity#33850 parentId=33849} producedId=2 frameNumber=5560 -> producedId=2 frameNumber=2538
2026-04-28 17:35:56.746  1284-1284  SurfaceFlinger          surfaceflinger                       E  Out of order buffers detected for RequestedLayerState{com.httperry.pixelplayer.debug/com.theveloper.pixelplay.MainActivity#33850 parentId=33849} producedId=2 frameNumber=5560 -> producedId=2 frameNumber=2539
2026-04-28 17:35:56.762  1284-1284  SurfaceFlinger          surfaceflinger                       E  Out of order buffers detected for RequestedLayerState{com.httperry.pixelplayer.debug/com.theveloper.pixelplay.MainActivity#33850 parentId=33849} producedId=2 frameNumber=5560 -> producedId=2 frameNumber=2540
2026-04-28 17:35:56.779  1284-1284  SurfaceFlinger          surfaceflinger                       E  Out of order buffers detected for RequestedLayerState{com.httperry.pixelplayer.debug/com.theveloper.pixelplay.MainActivity#33850 parentId=33849} producedId=2 frameNumber=5560 -> producedId=2 frameNumber=2541
2026-04-28 17:35:56.787  1284-1284  SurfaceFlinger          surfaceflinger                       E  Out of order buffers detected for RequestedLayerState{com.httperry.pixelplayer.debug/com.theveloper.pixelplay.MainActivity#33850 parentId=33849} producedId=2 frameNumber=5560 -> producedId=2 frameNumber=2542
2026-04-28 17:35:56.795  1284-1284  SurfaceFlinger          surfaceflinger                       E  Out of order buffers detected for RequestedLayerState{com.httperry.pixelplayer.debug/com.theveloper.pixelplay.MainActivity#33850 parentId=33849} producedId=2 frameNumber=5560 -> producedId=2 frameNumber=2543
2026-04-28 17:35:56.804  1284-1284  SurfaceFlinger          surfaceflinger                       E  Out of order buffers detected for RequestedLayerState{com.httperry.pixelplayer.debug/com.theveloper.pixelplay.MainActivity#33850 parentId=33849} producedId=2 frameNumber=5560 -> producedId=2 frameNumber=2544
2026-04-28 17:35:56.812  1284-1284  SurfaceFlinger          surfaceflinger                       E  Out of order buffers detected for RequestedLayerState{com.httperry.pixelplayer.debug/com.theveloper.pixelplay.MainActivity#33850 parentId=33849} producedId=2 frameNumber=5560 -> producedId=2 frameNumber=2545
2026-04-28 17:35:56.820  1284-1284  SurfaceFlinger          surfaceflinger                       E  Out of order buffers detected for RequestedLayerState{com.httperry.pixelplayer.debug/com.theveloper.pixelplay.MainActivity#33850 parentId=33849} producedId=2 frameNumber=5560 -> producedId=2 frameNumber=2546
2026-04-28 17:35:56.828  1284-1284  SurfaceFlinger          surfaceflinger                       E  Out of order buffers detected for RequestedLayerState{com.httperry.pixelplayer.debug/com.theveloper.pixelplay.MainActivity#33850 parentId=33849} producedId=2 frameNumber=5560 -> producedId=2 frameNumber=2547
2026-04-28 17:35:56.837  1284-1284  SurfaceFlinger          surfaceflinger                       E  Out of order buffers detected for RequestedLayerState{com.httperry.pixelplayer.debug/com.theveloper.pixelplay.MainActivity#33850 parentId=33849} producedId=2 frameNumber=5560 -> producedId=2 frameNumber=2548
2026-04-28 17:35:56.845  1284-1284  SurfaceFlinger          surfaceflinger                       E  Out of order buffers detected for RequestedLayerState{com.httperry.pixelplayer.debug/com.theveloper.pixelplay.MainActivity#33850 parentId=33849} producedId=2 frameNumber=5560 -> producedId=2 frameNumber=2549
2026-04-28 17:35:56.853  1284-1284  SurfaceFlinger          surfaceflinger                       E  Out of order buffers detected for RequestedLayerState{com.httperry.pixelplayer.debug/com.theveloper.pixelplay.MainActivity#33850 parentId=33849} producedId=2 frameNumber=5560 -> producedId=2 frameNumber=2550
2026-04-28 17:35:56.862  1284-1284  SurfaceFlinger          surfaceflinger                       E  Out of order buffers detected for RequestedLayerState{com.httperry.pixelplayer.debug/com.theveloper.pixelplay.MainActivity#33850 parentId=33849} producedId=2 frameNumber=5560 -> producedId=2 frameNumber=2551
2026-04-28 17:35:56.870  1284-1284  SurfaceFlinger          surfaceflinger                       E  Out of order buffers detected for RequestedLayerState{com.httperry.pixelplayer.debug/com.theveloper.pixelplay.MainActivity#33850 parentId=33849} producedId=2 frameNumber=5560 -> producedId=2 frameNumber=2552
2026-04-28 17:35:56.878  1284-1284  SurfaceFlinger          surfaceflinger                       E  Out of order buffers detected for RequestedLayerState{com.httperry.pixelplayer.debug/com.theveloper.pixelplay.MainActivity#33850 parentId=33849} producedId=2 frameNumber=5560 -> producedId=2 frameNumber=2553
2026-04-28 17:35:56.887  1284-1284  SurfaceFlinger          surfaceflinger                       E  Out of order buffers detected for RequestedLayerState{com.httperry.pixelplayer.debug/com.theveloper.pixelplay.MainActivity#33850 parentId=33849} producedId=2 frameNumber=5560 -> producedId=2 frameNumber=2554
2026-04-28 17:35:56.893 25417-27782 PipelineWatcher         com.httperry.pixelplayer.debug       D  [0xb4000072fc7c0808] pipelineFull: too many frames in pipeline (4)
2026-04-28 17:35:56.895  1284-1284  SurfaceFlinger          surfaceflinger                       E  Out of order buffers detected for RequestedLayerState{com.httperry.pixelplayer.debug/com.theveloper.pixelplay.MainActivity#33850 parentId=33849} producedId=2 frameNumber=5560 -> producedId=2 frameNumber=2555
2026-04-28 17:35:56.903  1284-1284  SurfaceFlinger          surfaceflinger                       E  Out of order buffers detected for RequestedLayerState{com.httperry.pixelplayer.debug/com.theveloper.pixelplay.MainActivity#33850 parentId=33849} producedId=2 frameNumber=5560 -> producedId=2 frameNumber=2556
2026-04-28 17:35:56.912  1284-1284  SurfaceFlinger          surfaceflinger                       E  Out of order buffers detected for RequestedLayerState{com.httperry.pixelplayer.debug/com.theveloper.pixelplay.MainActivity#33850 parentId=33849} producedId=2 frameNumber=5560 -> producedId=2 frameNumber=2557
2026-04-28 17:35:56.920  1284-1284  SurfaceFlinger          surfaceflinger                       E  Out of order buffers detected for RequestedLayerState{com.httperry.pixelplayer.debug/com.theveloper.pixelplay.MainActivity#33850 parentId=33849} producedId=2 frameNumber=5560 -> producedId=2 frameNumber=2558
2026-04-28 17:35:56.928  1284-1284  SurfaceFlinger          surfaceflinger                       E  Out of order buffers detected for RequestedLayerState{com.httperry.pixelplayer.debug/com.theveloper.pixelplay.MainActivity#33850 parentId=33849} producedId=2 frameNumber=5560 -> producedId=2 frameNumber=2559
2026-04-28 17:35:56.937  1284-1284  SurfaceFlinger          surfaceflinger                       E  Out of order buffers detected for RequestedLayerState{com.httperry.pixelplayer.debug/com.theveloper.pixelplay.MainActivity#33850 parentId=33849} producedId=2 frameNumber=5560 -> producedId=2 frameNumber=2560
2026-04-28 17:35:56.945  1284-1284  SurfaceFlinger          surfaceflinger                       E  Out of order buffers detected for RequestedLayerState{com.httperry.pixelplayer.debug/com.theveloper.pixelplay.MainActivity#33850 parentId=33849} producedId=2 frameNumber=5560 -> producedId=2 frameNumber=2561
2026-04-28 17:35:56.953  1284-1284  SurfaceFlinger          surfaceflinger                       E  Out of order buffers detected for RequestedLayerState{com.httperry.pixelplayer.debug/com.theveloper.pixelplay.MainActivity#33850 parentId=33849} producedId=2 frameNumber=5560 -> producedId=2 frameNumber=2562
2026-04-28 17:35:56.962  1284-1284  SurfaceFlinger          surfaceflinger                       E  Out of order buffers detected for RequestedLayerState{com.httperry.pixelplayer.debug/com.theveloper.pixelplay.MainActivity#33850 parentId=33849} producedId=2 frameNumber=5560 -> producedId=2 frameNumber=2563
2026-04-28 17:35:56.970  1284-1284  SurfaceFlinger          surfaceflinger                       E  Out of order buffers detected for RequestedLayerState{com.httperry.pixelplayer.debug/com.theveloper.pixelplay.MainActivity#33850 parentId=33849} producedId=2 frameNumber=5560 -> producedId=2 frameNumber=2564
2026-04-28 17:35:56.978  1284-1284  SurfaceFlinger          surfaceflinger                       E  Out of order buffers detected for RequestedLayerState{com.httperry.pixelplayer.debug/com.theveloper.pixelplay.MainActivity#33850 parentId=33849} producedId=2 frameNumber=5560 -> producedId=2 frameNumber=2565
2026-04-28 17:35:56.987  1284-1284  SurfaceFlinger          surfaceflinger                       E  Out of order buffers detected for RequestedLayerState{com.httperry.pixelplayer.debug/com.theveloper.pixelplay.MainActivity#33850 parentId=33849} producedId=2 frameNumber=5560 -> producedId=2 frameNumber=2566
2026-04-28 17:35:56.995  1284-1284  SurfaceFlinger          surfaceflinger                       E  Out of order buffers detected for RequestedLayerState{com.httperry.pixelplayer.debug/com.theveloper.pixelplay.MainActivity#33850 parentId=33849} producedId=2 frameNumber=5560 -> producedId=2 frameNumber=2567
2026-04-28 17:35:57.434  1284-1284  SurfaceFlinger          surfaceflinger                       E  Out of order buffers detected for RequestedLayerState{com.httperry.pixelplayer.debug/com.theveloper.pixelplay.MainActivity#33850 parentId=33849} producedId=2 frameNumber=5560 -> producedId=2 frameNumber=2568
2026-04-28 17:35:57.573 25417-27782 PipelineWatcher         com.httperry.pixelplayer.debug       D  [0xb4000072fc7c0808] pipelineFull: too many frames in pipeline (4)
2026-04-28 17:35:57.655 25417-27782 BufferPoolAccessor2.0   com.httperry.pixelplayer.debug       D  bufferpool2 0xb4000072fc266a28 : 5(28800 size) total buffers - 1(5760 size) used buffers - 5927/5937 (recycle/alloc) - 13/11870 (fetch/transfer)
2026-04-28 17:35:57.934  1284-1284  SurfaceFlinger          surfaceflinger                       E  Out of order buffers detected for RequestedLayerState{com.httperry.pixelplayer.debug/com.theveloper.pixelplay.MainActivity#33850 parentId=33849} producedId=2 frameNumber=5560 -> producedId=2 frameNumber=2569
2026-04-28 17:35:58.022 25417-27782 PipelineWatcher         com.httperry.pixelplayer.debug       D  [0xb4000072fc7c0808] pipelineFull: too many frames in pipeline (4)
2026-04-28 17:35:58.032  1284-1284  SurfaceFlinger          surfaceflinger                       E  Out of order buffers detected for RequestedLayerState{com.httperry.pixelplayer.debug/com.theveloper.pixelplay.MainActivity#33850 parentId=33849} producedId=2 frameNumber=5560 -> producedId=2 frameNumber=2570
2026-04-28 17:35:58.048  1284-1284  SurfaceFlinger          surfaceflinger                       E  Out of order buffers detected for RequestedLayerState{com.httperry.pixelplayer.debug/com.theveloper.pixelplay.MainActivity#33850 parentId=33849} producedId=2 frameNumber=5560 -> producedId=2 frameNumber=2571
2026-04-28 17:35:58.065  1284-1284  SurfaceFlinger          surfaceflinger                       E  Out of order buffers detected for RequestedLayerState{com.httperry.pixelplayer.debug/com.theveloper.pixelplay.MainActivity#33850 parentId=33849} producedId=2 frameNumber=5560 -> producedId=2 frameNumber=2572
2026-04-28 17:35:58.082  1284-1284  SurfaceFlinger          surfaceflinger                       E  Out of order buffers detected for RequestedLayerState{com.httperry.pixelplayer.debug/com.theveloper.pixelplay.MainActivity#33850 parentId=33849} producedId=2 frameNumber=5560 -> producedId=2 frameNumber=2573
2026-04-28 17:35:58.099  1284-1284  SurfaceFlinger          surfaceflinger                       E  Out of order buffers detected for RequestedLayerState{com.httperry.pixelplayer.debug/com.theveloper.pixelplay.MainActivity#33850 parentId=33849} producedId=2 frameNumber=5560 -> producedId=2 frameNumber=2574
2026-04-28 17:35:58.116  1284-1284  SurfaceFlinger          surfaceflinger                       E  Out of order buffers detected for RequestedLayerState{com.httperry.pixelplayer.debug/com.theveloper.pixelplay.MainActivity#33850 parentId=33849} producedId=2 frameNumber=5560 -> producedId=2 frameNumber=2575
2026-04-28 17:35:58.124 25417-25417 DynamicFra...peedAware] com.httperry.pixelplayer.debug       I  onEventHandled: info: InputEventInfo: mX = 0, mY = 0, mAction = 0, mVsyncTime = 229824934, mIsMoving = true, mUpdated = true
2026-04-28 17:35:58.124 25417-25417 IJankManager            com.httperry.pixelplayer.debug       E  slideSceneEnd unknown scene 1000 mScene:-1
2026-04-28 17:35:58.127  1284-1284  SurfaceFlinger          surfaceflinger                       E  Out of order buffers detected for RequestedLayerState{com.httperry.pixelplayer.debug/com.theveloper.pixelplay.MainActivity#33850 parentId=33849} producedId=2 frameNumber=5560 -> producedId=2 frameNumber=2576
2026-04-28 17:35:58.134  1284-1284  SurfaceFlinger          surfaceflinger                       E  Out of order buffers detected for RequestedLayerState{com.httperry.pixelplayer.debug/com.theveloper.pixelplay.MainActivity#33850 parentId=33849} producedId=2 frameNumber=5560 -> producedId=2 frameNumber=2577
2026-04-28 17:35:58.136 25417-27782 PipelineWatcher         com.httperry.pixelplayer.debug       D  [0xb4000072fc7c0808] pipelineFull: too many frames in pipeline (4)
2026-04-28 17:35:58.142  1284-1284  SurfaceFlinger          surfaceflinger                       E  Out of order buffers detected for RequestedLayerState{com.httperry.pixelplayer.debug/com.theveloper.pixelplay.MainActivity#33850 parentId=33849} producedId=2 frameNumber=5560 -> producedId=2 frameNumber=2578
2026-04-28 17:35:58.151  1284-1284  SurfaceFlinger          surfaceflinger                       E  Out of order buffers detected for RequestedLayerState{com.httperry.pixelplayer.debug/com.theveloper.pixelplay.MainActivity#33850 parentId=33849} producedId=2 frameNumber=5560 -> producedId=2 frameNumber=2579
2026-04-28 17:35:58.159  1284-1284  SurfaceFlinger          surfaceflinger                       E  Out of order buffers detected for RequestedLayerState{com.httperry.pixelplayer.debug/com.theveloper.pixelplay.MainActivity#33850 parentId=33849} producedId=2 frameNumber=5560 -> producedId=2 frameNumber=2580
2026-04-28 17:35:58.167  1284-1284  SurfaceFlinger          surfaceflinger                       E  Out of order buffers detected for RequestedLayerState{com.httperry.pixelplayer.debug/com.theveloper.pixelplay.MainActivity#33850 parentId=33849} producedId=2 frameNumber=5560 -> producedId=2 frameNumber=2581
2026-04-28 17:35:58.176  1284-1284  SurfaceFlinger          surfaceflinger                       E  Out of order buffers detected for RequestedLayerState{com.httperry.pixelplayer.debug/com.theveloper.pixelplay.MainActivity#33850 parentId=33849} producedId=2 frameNumber=5560 -> producedId=2 frameNumber=2582
2026-04-28 17:35:58.184  1284-1284  SurfaceFlinger          surfaceflinger                       E  Out of order buffers detected for RequestedLayerState{com.httperry.pixelplayer.debug/com.theveloper.pixelplay.MainActivity#33850 parentId=33849} producedId=2 frameNumber=5560 -> producedId=2 frameNumber=2583
2026-04-28 17:35:58.190 25417-25417 DynamicFra...peedAware] com.httperry.pixelplayer.debug       I  onEventHandled: info: InputEventInfo: mX = 0, mY = 0, mAction = 1, mVsyncTime = 229825000, mIsMoving = false, mUpdated = true
2026-04-28 17:35:58.192  1284-1284  SurfaceFlinger          surfaceflinger                       E  Out of order buffers detected for RequestedLayerState{com.httperry.pixelplayer.debug/com.theveloper.pixelplay.MainActivity#33850 parentId=33849} producedId=2 frameNumber=5560 -> producedId=2 frameNumber=2584
2026-04-28 17:35:58.203 25417-25417 ViewRootImplExtImpl     com.httperry.pixelplayer.debug       D  the up motion event handled by client, just return
2026-04-28 17:35:58.241 25417-25417 WindowOnBackDispatcher  com.httperry.pixelplayer.debug       W  sendCancelIfRunning: isInProgress=false callback=androidx.activity.OnBackPressedDispatcher$Api34Impl$createOnBackAnimationCallback$1@dbc1955
2026-04-28 17:35:58.250  1284-1284  SurfaceFlinger          surfaceflinger                       E  Out of order buffers detected for RequestedLayerState{com.httperry.pixelplayer.debug/com.theveloper.pixelplay.MainActivity#33850 parentId=33849} producedId=2 frameNumber=5560 -> producedId=2 frameNumber=2585
2026-04-28 17:35:58.434  1284-1284  SurfaceFlinger          surfaceflinger                       E  Out of order buffers detected for RequestedLayerState{com.httperry.pixelplayer.debug/com.theveloper.pixelplay.MainActivity#33850 parentId=33849} producedId=2 frameNumber=5560 -> producedId=2 frameNumber=2586
2026-04-28 17:35:58.459  1284-1284  SurfaceFlinger          surfaceflinger                       E  Out of order buffers detected for RequestedLayerState{com.httperry.pixelplayer.debug/com.theveloper.pixelplay.MainActivity#33850 parentId=33849} producedId=2 frameNumber=5560 -> producedId=2 frameNumber=2587
2026-04-28 17:35:58.467  1284-1284  SurfaceFlinger          surfaceflinger                       E  Out of order buffers detected for RequestedLayerState{com.httperry.pixelplayer.debug/com.theveloper.pixelplay.MainActivity#33850 parentId=33849} producedId=2 frameNumber=5560 -> producedId=2 frameNumber=2588
2026-04-28 17:35:58.475  1284-1284  SurfaceFlinger          surfaceflinger                       E  Out of order buffers detected for RequestedLayerState{com.httperry.pixelplayer.debug/com.theveloper.pixelplay.MainActivity#33850 parentId=33849} producedId=2 frameNumber=5560 -> producedId=2 frameNumber=2589
2026-04-28 17:35:58.479 25417-25424 xelplayer.debug         com.httperry.pixelplayer.debug       I  Compiler allocated 6914KB to compile void com.theveloper.pixelplay.presentation.screens.HomeScreenKt.HomeScreen(androidx.navigation.NavController, androidx.compose.foundation.layout.PaddingValues, com.theveloper.pixelplay.presentation.viewmodel.PlayerViewModel, com.theveloper.pixelplay.presentation.viewmodel.SettingsViewModel, com.theveloper.pixelplay.presentation.netease.dashboard.NeteaseDashboardViewModel, com.theveloper.pixelplay.presentation.qqmusic.dashboard.QqMusicDashboardViewModel, com.theveloper.pixelplay.presentation.navidrome.dashboard.NavidromeDashboardViewModel, com.theveloper.pixelplay.presentation.jellyfin.dashboard.JellyfinDashboardViewModel, com.theveloper.pixelplay.presentation.ytmusic.dashboard.YTMusicDashboardViewModel, kotlin.jvm.functions.Function0, androidx.compose.runtime.Composer, int, int)
2026-04-28 17:35:58.483  1284-1284  SurfaceFlinger          surfaceflinger                       E  Out of order buffers detected for RequestedLayerState{com.httperry.pixelplayer.debug/com.theveloper.pixelplay.MainActivity#33850 parentId=33849} producedId=2 frameNumber=5560 -> producedId=2 frameNumber=2590
2026-04-28 17:35:58.490 25417-25424 xelplayer.debug         com.httperry.pixelplayer.debug       I  Compiler allocated 4190KB to compile void com.theveloper.pixelplay.presentation.components.RecentlyPlayedSectionKt.RecentlyPlayedSection(java.util.List, kotlin.jvm.functions.Function1, kotlin.jvm.functions.Function0, java.lang.String, androidx.compose.foundation.layout.PaddingValues, androidx.compose.ui.Modifier, androidx.compose.runtime.Composer, int, int)
2026-04-28 17:35:58.492  1284-1284  SurfaceFlinger          surfaceflinger                       E  Out of order buffers detected for RequestedLayerState{com.httperry.pixelplayer.debug/com.theveloper.pixelplay.MainActivity#33850 parentId=33849} producedId=2 frameNumber=5560 -> producedId=2 frameNumber=2591
2026-04-28 17:35:58.500  1284-1284  SurfaceFlinger          surfaceflinger                       E  Out of order buffers detected for RequestedLayerState{com.httperry.pixelplayer.debug/com.theveloper.pixelplay.MainActivity#33850 parentId=33849} producedId=2 frameNumber=5560 -> producedId=2 frameNumber=2592
2026-04-28 17:35:58.508  1284-1284  SurfaceFlinger          surfaceflinger                       E  Out of order buffers detected for RequestedLayerState{com.httperry.pixelplayer.debug/com.theveloper.pixelplay.MainActivity#33850 parentId=33849} producedId=2 frameNumber=5560 -> producedId=2 frameNumber=2593
2026-04-28 17:35:58.517  1284-1284  SurfaceFlinger          surfaceflinger                       E  Out of order buffers detected for RequestedLayerState{com.httperry.pixelplayer.debug/com.theveloper.pixelplay.MainActivity#33850 parentId=33849} producedId=2 frameNumber=5560 -> producedId=2 frameNumber=2594
2026-04-28 17:35:58.550  1284-1284  SurfaceFlinger          surfaceflinger                       E  Out of order buffers detected for RequestedLayerState{com.httperry.pixelplayer.debug/com.theveloper.pixelplay.MainActivity#33850 parentId=33849} producedId=2 frameNumber=5560 -> producedId=2 frameNumber=2595
2026-04-28 17:35:58.551 25417-25417 InsetsController        com.httperry.pixelplayer.debug       D  hide(ime(), fromIme=false)
2026-04-28 17:35:58.552 25417-25417 ImeTracker              com.httperry.pixelplayer.debug       I  com.httperry.pixelplayer.debug:bb189e86: onRequestHide at ORIGIN_CLIENT reason HIDE_SOFT_INPUT_BY_INSETS_API fromUser false
2026-04-28 17:35:58.552 25417-25417 ImeTracker              com.httperry.pixelplayer.debug       I  com.httperry.pixelplayer.debug:bb189e86: onCancelled at PHASE_CLIENT_ALREADY_HIDDEN
2026-04-28 17:35:58.567  1284-1284  SurfaceFlinger          surfaceflinger                       E  Out of order buffers detected for RequestedLayerState{com.httperry.pixelplayer.debug/com.theveloper.pixelplay.MainActivity#33850 parentId=33849} producedId=2 frameNumber=5560 -> producedId=2 frameNumber=2596
2026-04-28 17:35:58.575  1284-1284  SurfaceFlinger          surfaceflinger                       E  Out of order buffers detected for RequestedLayerState{com.httperry.pixelplayer.debug/com.theveloper.pixelplay.MainActivity#33850 parentId=33849} producedId=2 frameNumber=5560 -> producedId=2 frameNumber=2597
2026-04-28 17:35:58.583  1284-1284  SurfaceFlinger          surfaceflinger                       E  Out of order buffers detected for RequestedLayerState{com.httperry.pixelplayer.debug/com.theveloper.pixelplay.MainActivity#33850 parentId=33849} producedId=2 frameNumber=5560 -> producedId=2 frameNumber=2598
2026-04-28 17:35:58.592  1284-1284  SurfaceFlinger          surfaceflinger                       E  Out of order buffers detected for RequestedLayerState{com.httperry.pixelplayer.debug/com.theveloper.pixelplay.MainActivity#33850 parentId=33849} producedId=2 frameNumber=5560 -> producedId=2 frameNumber=2599
2026-04-28 17:35:58.600  1284-1284  SurfaceFlinger          surfaceflinger                       E  Out of order buffers detected for RequestedLayerState{com.httperry.pixelplayer.debug/com.theveloper.pixelplay.MainActivity#33850 parentId=33849} producedId=2 frameNumber=5560 -> producedId=2 frameNumber=2600
2026-04-28 17:35:58.608  1284-1284  SurfaceFlinger          surfaceflinger                       E  Out of order buffers detected for RequestedLayerState{com.httperry.pixelplayer.debug/com.theveloper.pixelplay.MainActivity#33850 parentId=33849} producedId=2 frameNumber=5560 -> producedId=2 frameNumber=2601
2026-04-28 17:35:58.617  1284-1284  SurfaceFlinger          surfaceflinger                       E  Out of order buffers detected for RequestedLayerState{com.httperry.pixelplayer.debug/com.theveloper.pixelplay.MainActivity#33850 parentId=33849} producedId=2 frameNumber=5560 -> producedId=2 frameNumber=2602
2026-04-28 17:35:58.625  1284-1284  SurfaceFlinger          surfaceflinger                       E  Out of order buffers detected for RequestedLayerState{com.httperry.pixelplayer.debug/com.theveloper.pixelplay.MainActivity#33850 parentId=33849} producedId=2 frameNumber=5560 -> producedId=2 frameNumber=2603
2026-04-28 17:35:58.633  1284-1284  SurfaceFlinger          surfaceflinger                       E  Out of order buffers detected for RequestedLayerState{com.httperry.pixelplayer.debug/com.theveloper.pixelplay.MainActivity#33850 parentId=33849} producedId=2 frameNumber=5560 -> producedId=2 frameNumber=2604
2026-04-28 17:35:58.642  1284-1284  SurfaceFlinger          surfaceflinger                       E  Out of order buffers detected for RequestedLayerState{com.httperry.pixelplayer.debug/com.theveloper.pixelplay.MainActivity#33850 parentId=33849} producedId=2 frameNumber=5560 -> producedId=2 frameNumber=2605
2026-04-28 17:35:58.650  1284-1284  SurfaceFlinger          surfaceflinger                       E  Out of order buffers detected for RequestedLayerState{com.httperry.pixelplayer.debug/com.theveloper.pixelplay.MainActivity#33850 parentId=33849} producedId=2 frameNumber=5560 -> producedId=2 frameNumber=2606
2026-04-28 17:35:58.658  1284-1284  SurfaceFlinger          surfaceflinger                       E  Out of order buffers detected for RequestedLayerState{com.httperry.pixelplayer.debug/com.theveloper.pixelplay.MainActivity#33850 parentId=33849} producedId=2 frameNumber=5560 -> producedId=2 frameNumber=2607
2026-04-28 17:35:58.666  1284-1284  SurfaceFlinger          surfaceflinger                       E  Out of order buffers detected for RequestedLayerState{com.httperry.pixelplayer.debug/com.theveloper.pixelplay.MainActivity#33850 parentId=33849} producedId=2 frameNumber=5560 -> producedId=2 frameNumber=2608
2026-04-28 17:35:58.675  1284-1284  SurfaceFlinger          surfaceflinger                       E  Out of order buffers detected for RequestedLayerState{com.httperry.pixelplayer.debug/com.theveloper.pixelplay.MainActivity#33850 parentId=33849} producedId=2 frameNumber=5560 -> producedId=2 frameNumber=2609
2026-04-28 17:35:58.683  1284-1284  SurfaceFlinger          surfaceflinger                       E  Out of order buffers detected for RequestedLayerState{com.httperry.pixelplayer.debug/com.theveloper.pixelplay.MainActivity#33850 parentId=33849} producedId=2 frameNumber=5560 -> producedId=2 frameNumber=2610
2026-04-28 17:35:58.691  1284-1284  SurfaceFlinger          surfaceflinger                       E  Out of order buffers detected for RequestedLayerState{com.httperry.pixelplayer.debug/com.theveloper.pixelplay.MainActivity#33850 parentId=33849} producedId=2 frameNumber=5560 -> producedId=2 frameNumber=2611
2026-04-28 17:35:58.700  1284-1284  SurfaceFlinger          surfaceflinger                       E  Out of order buffers detected for RequestedLayerState{com.httperry.pixelplayer.debug/com.theveloper.pixelplay.MainActivity#33850 parentId=33849} producedId=2 frameNumber=5560 -> producedId=2 frameNumber=2612
2026-04-28 17:35:58.708  1284-1284  SurfaceFlinger          surfaceflinger                       E  Out of order buffers detected for RequestedLayerState{com.httperry.pixelplayer.debug/com.theveloper.pixelplay.MainActivity#33850 parentId=33849} producedId=2 frameNumber=5560 -> producedId=2 frameNumber=2613
2026-04-28 17:35:58.716  1284-1284  SurfaceFlinger          surfaceflinger                       E  Out of order buffers detected for RequestedLayerState{com.httperry.pixelplayer.debug/com.theveloper.pixelplay.MainActivity#33850 parentId=33849} producedId=2 frameNumber=5560 -> producedId=2 frameNumber=2614
2026-04-28 17:35:58.725  1284-1284  SurfaceFlinger          surfaceflinger                       E  Out of order buffers detected for RequestedLayerState{com.httperry.pixelplayer.debug/com.theveloper.pixelplay.MainActivity#33850 parentId=33849} producedId=2 frameNumber=5560 -> producedId=2 frameNumber=2615
2026-04-28 17:35:58.733 25417-27782 PipelineWatcher         com.httperry.pixelplayer.debug       D  [0xb4000072fc7c0808] pipelineFull: too many frames in pipeline (4)
2026-04-28 17:35:58.733  1284-1284  SurfaceFlinger          surfaceflinger                       E  Out of order buffers detected for RequestedLayerState{com.httperry.pixelplayer.debug/com.theveloper.pixelplay.MainActivity#33850 parentId=33849} producedId=2 frameNumber=5560 -> producedId=2 frameNumber=2616
2026-04-28 17:35:58.741  1284-1284  SurfaceFlinger          surfaceflinger                       E  Out of order buffers detected for RequestedLayerState{com.httperry.pixelplayer.debug/com.theveloper.pixelplay.MainActivity#33850 parentId=33849} producedId=2 frameNumber=5560 -> producedId=2 frameNumber=2617
2026-04-28 17:35:58.750  1284-1284  SurfaceFlinger          surfaceflinger                       E  Out of order buffers detected for RequestedLayerState{com.httperry.pixelplayer.debug/com.theveloper.pixelplay.MainActivity#33850 parentId=33849} producedId=2 frameNumber=5560 -> producedId=2 frameNumber=2618
2026-04-28 17:35:58.758  1284-1284  SurfaceFlinger          surfaceflinger                       E  Out of order buffers detected for RequestedLayerState{com.httperry.pixelplayer.debug/com.theveloper.pixelplay.MainActivity#33850 parentId=33849} producedId=2 frameNumber=5560 -> producedId=2 frameNumber=2619
2026-04-28 17:35:58.766  1284-1284  SurfaceFlinger          surfaceflinger                       E  Out of order buffers detected for RequestedLayerState{com.httperry.pixelplayer.debug/com.theveloper.pixelplay.MainActivity#33850 parentId=33849} producedId=2 frameNumber=5560 -> producedId=2 frameNumber=2620
2026-04-28 17:35:58.775  1284-1284  SurfaceFlinger          surfaceflinger                       E  Out of order buffers detected for RequestedLayerState{com.httperry.pixelplayer.debug/com.theveloper.pixelplay.MainActivity#33850 parentId=33849} producedId=2 frameNumber=5560 -> producedId=2 frameNumber=2621
2026-04-28 17:35:58.783  1284-1284  SurfaceFlinger          surfaceflinger                       E  Out of order buffers detected for RequestedLayerState{com.httperry.pixelplayer.debug/com.theveloper.pixelplay.MainActivity#33850 parentId=33849} producedId=2 frameNumber=5560 -> producedId=2 frameNumber=2622
2026-04-28 17:35:58.791  1284-1284  SurfaceFlinger          surfaceflinger                       E  Out of order buffers detected for RequestedLayerState{com.httperry.pixelplayer.debug/com.theveloper.pixelplay.MainActivity#33850 parentId=33849} producedId=2 frameNumber=5560 -> producedId=2 frameNumber=2623
2026-04-28 17:35:58.800  1284-1284  SurfaceFlinger          surfaceflinger                       E  Out of order buffers detected for RequestedLayerState{com.httperry.pixelplayer.debug/com.theveloper.pixelplay.MainActivity#33850 parentId=33849} producedId=2 frameNumber=5560 -> producedId=2 frameNumber=2624
2026-04-28 17:35:58.808  1284-1284  SurfaceFlinger          surfaceflinger                       E  Out of order buffers detected for RequestedLayerState{com.httperry.pixelplayer.debug/com.theveloper.pixelplay.MainActivity#33850 parentId=33849} producedId=2 frameNumber=5560 -> producedId=2 frameNumber=2625
2026-04-28 17:35:58.816  1284-1284  SurfaceFlinger          surfaceflinger                       E  Out of order buffers detected for RequestedLayerState{com.httperry.pixelplayer.debug/com.theveloper.pixelplay.MainActivity#33850 parentId=33849} producedId=2 frameNumber=5560 -> producedId=2 frameNumber=2626
2026-04-28 17:35:58.825  1284-1284  SurfaceFlinger          surfaceflinger                       E  Out of order buffers detected for RequestedLayerState{com.httperry.pixelplayer.debug/com.theveloper.pixelplay.MainActivity#33850 parentId=33849} producedId=2 frameNumber=5560 -> producedId=2 frameNumber=2627
2026-04-28 17:35:58.833  1284-1284  SurfaceFlinger          surfaceflinger                       E  Out of order buffers detected for RequestedLayerState{com.httperry.pixelplayer.debug/com.theveloper.pixelplay.MainActivity#33850 parentId=33849} producedId=2 frameNumber=5560 -> producedId=2 frameNumber=2628
2026-04-28 17:35:58.841  1284-1284  SurfaceFlinger          surfaceflinger                       E  Out of order buffers detected for RequestedLayerState{com.httperry.pixelplayer.debug/com.theveloper.pixelplay.MainActivity#33850 parentId=33849} producedId=2 frameNumber=5560 -> producedId=2 frameNumber=2629
2026-04-28 17:35:58.850  1284-1284  SurfaceFlinger          surfaceflinger                       E  Out of order buffers detected for RequestedLayerState{com.httperry.pixelplayer.debug/com.theveloper.pixelplay.MainActivity#33850 parentId=33849} producedId=2 frameNumber=5560 -> producedId=2 frameNumber=2630
2026-04-28 17:35:58.858  1284-1284  SurfaceFlinger          surfaceflinger                       E  Out of order buffers detected for RequestedLayerState{com.httperry.pixelplayer.debug/com.theveloper.pixelplay.MainActivity#33850 parentId=33849} producedId=2 frameNumber=5560 -> producedId=2 frameNumber=2631
2026-04-28 17:35:58.867  1284-1284  SurfaceFlinger          surfaceflinger                       E  Out of order buffers detected for RequestedLayerState{com.httperry.pixelplayer.debug/com.theveloper.pixelplay.MainActivity#33850 parentId=33849} producedId=2 frameNumber=5560 -> producedId=2 frameNumber=2632
2026-04-28 17:35:58.874  1284-1284  SurfaceFlinger          surfaceflinger                       E  Out of order buffers detected for RequestedLayerState{com.httperry.pixelplayer.debug/com.theveloper.pixelplay.MainActivity#33850 parentId=33849} producedId=2 frameNumber=5560 -> producedId=2 frameNumber=2633
2026-04-28 17:35:58.874 25417-27782 PipelineWatcher         com.httperry.pixelplayer.debug       D  [0xb4000072fc7c0808] pipelineFull: too many frames in pipeline (4)
2026-04-28 17:35:58.876 25417-25417 DynamicFra...peedAware] com.httperry.pixelplayer.debug       I  onEventHandled: info: InputEventInfo: mX = 0, mY = 0, mAction = 0, mVsyncTime = 229825687, mIsMoving = true, mUpdated = true
2026-04-28 17:35:58.876 25417-25417 IJankManager            com.httperry.pixelplayer.debug       E  slideSceneEnd unknown scene 1000 mScene:-1
2026-04-28 17:35:58.883  1284-1284  SurfaceFlinger          surfaceflinger                       E  Out of order buffers detected for RequestedLayerState{com.httperry.pixelplayer.debug/com.theveloper.pixelplay.MainActivity#33850 parentId=33849} producedId=2 frameNumber=5560 -> producedId=2 frameNumber=2634
2026-04-28 17:35:58.891  1284-1284  SurfaceFlinger          surfaceflinger                       E  Out of order buffers detected for RequestedLayerState{com.httperry.pixelplayer.debug/com.theveloper.pixelplay.MainActivity#33850 parentId=33849} producedId=2 frameNumber=5560 -> producedId=2 frameNumber=2635
2026-04-28 17:35:58.899  1284-1284  SurfaceFlinger          surfaceflinger                       E  Out of order buffers detected for RequestedLayerState{com.httperry.pixelplayer.debug/com.theveloper.pixelplay.MainActivity#33850 parentId=33849} producedId=2 frameNumber=5560 -> producedId=2 frameNumber=2636
2026-04-28 17:35:58.908  1284-1284  SurfaceFlinger          surfaceflinger                       E  Out of order buffers detected for RequestedLayerState{com.httperry.pixelplayer.debug/com.theveloper.pixelplay.MainActivity#33850 parentId=33849} producedId=2 frameNumber=5560 -> producedId=2 frameNumber=2637
2026-04-28 17:35:58.916  1284-1284  SurfaceFlinger          surfaceflinger                       E  Out of order buffers detected for RequestedLayerState{com.httperry.pixelplayer.debug/com.theveloper.pixelplay.MainActivity#33850 parentId=33849} producedId=2 frameNumber=5560 -> producedId=2 frameNumber=2638
2026-04-28 17:35:58.924  1284-1284  SurfaceFlinger          surfaceflinger                       E  Out of order buffers detected for RequestedLayerState{com.httperry.pixelplayer.debug/com.theveloper.pixelplay.MainActivity#33850 parentId=33849} producedId=2 frameNumber=5560 -> producedId=2 frameNumber=2639
2026-04-28 17:35:58.933  1284-1284  SurfaceFlinger          surfaceflinger                       E  Out of order buffers detected for RequestedLayerState{com.httperry.pixelplayer.debug/com.theveloper.pixelplay.MainActivity#33850 parentId=33849} producedId=2 frameNumber=5560 -> producedId=2 frameNumber=2640
2026-04-28 17:35:58.941  1284-1284  SurfaceFlinger          surfaceflinger                       E  Out of order buffers detected for RequestedLayerState{com.httperry.pixelplayer.debug/com.theveloper.pixelplay.MainActivity#33850 parentId=33849} producedId=2 frameNumber=5560 -> producedId=2 frameNumber=2641
2026-04-28 17:35:58.945 25417-25417 DynamicFra...peedAware] com.httperry.pixelplayer.debug       I  onEventHandled: info: InputEventInfo: mX = 0, mY = 0, mAction = 1, mVsyncTime = 229825756, mIsMoving = false, mUpdated = true
2026-04-28 17:35:58.949  1284-1284  SurfaceFlinger          surfaceflinger                       E  Out of order buffers detected for RequestedLayerState{com.httperry.pixelplayer.debug/com.theveloper.pixelplay.MainActivity#33850 parentId=33849} producedId=2 frameNumber=5560 -> producedId=2 frameNumber=2642
2026-04-28 17:35:58.951 25417-25417 ViewRootImplExtImpl     com.httperry.pixelplayer.debug       D  the up motion event handled by client, just return
2026-04-28 17:35:58.958  1284-1284  SurfaceFlinger          surfaceflinger                       E  Out of order buffers detected for RequestedLayerState{com.httperry.pixelplayer.debug/com.theveloper.pixelplay.MainActivity#33850 parentId=33849} producedId=2 frameNumber=5560 -> producedId=2 frameNumber=2643
2026-04-28 17:35:58.966  1284-1284  SurfaceFlinger          surfaceflinger                       E  Out of order buffers detected for RequestedLayerState{com.httperry.pixelplayer.debug/com.theveloper.pixelplay.MainActivity#33850 parentId=33849} producedId=2 frameNumber=5560 -> producedId=2 frameNumber=2644
2026-04-28 17:35:58.974  1284-1284  SurfaceFlinger          surfaceflinger                       E  Out of order buffers detected for RequestedLayerState{com.httperry.pixelplayer.debug/com.theveloper.pixelplay.MainActivity#33850 parentId=33849} producedId=2 frameNumber=5560 -> producedId=2 frameNumber=2645
2026-04-28 17:35:58.977 25417-25417 OplusPredi...Controller com.httperry.pixelplayer.debug       D  should not HookOnBackInvokedCallbackEnabled for application com.theveloper.pixelplay.MainActivity@6307e50 hasOnBackInvokedCallBackEnabled
2026-04-28 17:35:58.977 25417-25417 OplusPredi...Controller com.httperry.pixelplayer.debug       D  should not HookOnBackInvokedCallbackEnabled for application com.theveloper.pixelplay.MainActivity@6307e50 hasOnBackInvokedCallBackEnabled
2026-04-28 17:35:58.981 25417-27782 PipelineWatcher         com.httperry.pixelplayer.debug       D  [0xb4000072fc7c0808] pipelineFull: too many frames in pipeline (4)
2026-04-28 17:35:58.982  1284-1284  SurfaceFlinger          surfaceflinger                       E  Out of order buffers detected for RequestedLayerState{com.httperry.pixelplayer.debug/com.theveloper.pixelplay.MainActivity#33850 parentId=33849} producedId=2 frameNumber=5560 -> producedId=2 frameNumber=2646
2026-04-28 17:35:58.991  1284-1284  SurfaceFlinger          surfaceflinger                       E  Out of order buffers detected for RequestedLayerState{com.httperry.pixelplayer.debug/com.theveloper.pixelplay.MainActivity#33850 parentId=33849} producedId=2 frameNumber=5560 -> producedId=2 frameNumber=2647
2026-04-28 17:35:58.999  1284-1284  SurfaceFlinger          surfaceflinger                       E  Out of order buffers detected for RequestedLayerState{com.httperry.pixelplayer.debug/com.theveloper.pixelplay.MainActivity#33850 parentId=33849} producedId=2 frameNumber=5560 -> producedId=2 frameNumber=2648
2026-04-28 17:35:59.008  1284-1284  SurfaceFlinger          surfaceflinger                       E  Out of order buffers detected for RequestedLayerState{com.httperry.pixelplayer.debug/com.theveloper.pixelplay.MainActivity#33850 parentId=33849} producedId=2 frameNumber=5560 -> producedId=2 frameNumber=2649
2026-04-28 17:35:59.016  1284-1284  SurfaceFlinger          surfaceflinger                       E  Out of order buffers detected for RequestedLayerState{com.httperry.pixelplayer.debug/com.theveloper.pixelplay.MainActivity#33850 parentId=33849} producedId=2 frameNumber=5560 -> producedId=2 frameNumber=2650
2026-04-28 17:35:59.024  1284-1284  SurfaceFlinger          surfaceflinger                       E  Out of order buffers detected for RequestedLayerState{com.httperry.pixelplayer.debug/com.theveloper.pixelplay.MainActivity#33850 parentId=33849} producedId=2 frameNumber=5560 -> producedId=2 frameNumber=2651
2026-04-28 17:35:59.032  1284-1284  SurfaceFlinger          surfaceflinger                       E  Out of order buffers detected for RequestedLayerState{com.httperry.pixelplayer.debug/com.theveloper.pixelplay.MainActivity#33850 parentId=33849} producedId=2 frameNumber=5560 -> producedId=2 frameNumber=2652
2026-04-28 17:35:59.041  1284-1284  SurfaceFlinger          surfaceflinger                       E  Out of order buffers detected for RequestedLayerState{com.httperry.pixelplayer.debug/com.theveloper.pixelplay.MainActivity#33850 parentId=33849} producedId=2 frameNumber=5560 -> producedId=2 frameNumber=2653
2026-04-28 17:35:59.049  1284-1284  SurfaceFlinger          surfaceflinger                       E  Out of order buffers detected for RequestedLayerState{com.httperry.pixelplayer.debug/com.theveloper.pixelplay.MainActivity#33850 parentId=33849} producedId=2 frameNumber=5560 -> producedId=2 frameNumber=2654
2026-04-28 17:35:59.057  1284-1284  SurfaceFlinger          surfaceflinger                       E  Out of order buffers detected for RequestedLayerState{com.httperry.pixelplayer.debug/com.theveloper.pixelplay.MainActivity#33850 parentId=33849} producedId=2 frameNumber=5560 -> producedId=2 frameNumber=2655
2026-04-28 17:35:59.066  1284-1284  SurfaceFlinger          surfaceflinger                       E  Out of order buffers detected for RequestedLayerState{com.httperry.pixelplayer.debug/com.theveloper.pixelplay.MainActivity#33850 parentId=33849} producedId=2 frameNumber=5560 -> producedId=2 frameNumber=2656
2026-04-28 17:35:59.074  1284-1284  SurfaceFlinger          surfaceflinger                       E  Out of order buffers detected for RequestedLayerState{com.httperry.pixelplayer.debug/com.theveloper.pixelplay.MainActivity#33850 parentId=33849} producedId=2 frameNumber=5560 -> producedId=2 frameNumber=2657
2026-04-28 17:35:59.082  1284-1284  SurfaceFlinger          surfaceflinger                       E  Out of order buffers detected for RequestedLayerState{com.httperry.pixelplayer.debug/com.theveloper.pixelplay.MainActivity#33850 parentId=33849} producedId=2 frameNumber=5560 -> producedId=2 frameNumber=2658
