2026-04-25 16:09:23.904 27707-27707 VRI[MainActivity]       com.theveloper.pixelplay.debug       W  handleResized abandoned!
2026-04-25 16:09:23.904 27707-27707 VRI[MainActivity]       com.theveloper.pixelplay.debug       W  handleResized abandoned!
2026-04-25 16:09:23.915  1284-1284  SurfaceFlinger          surfaceflinger                       E  Out of order buffers detected for RequestedLayerState{com.theveloper.pixelplay.debug/com.theveloper.pixelplay.MainActivity#11043 parentId=11042} producedId=2 frameNumber=1744 -> producedId=2 frameNumber=1704
2026-04-25 16:09:23.990  1284-1284  SurfaceFlinger          surfaceflinger                       E  Out of order buffers detected for RequestedLayerState{com.theveloper.pixelplay.debug/com.theveloper.pixelplay.MainActivity#11043 parentId=11042} producedId=2 frameNumber=1744 -> producedId=2 frameNumber=1705
2026-04-25 16:09:24.506  1284-1284  SurfaceFlinger          surfaceflinger                       E  Out of order buffers detected for RequestedLayerState{com.theveloper.pixelplay.debug/com.theveloper.pixelplay.MainActivity#11043 parentId=11042} producedId=2 frameNumber=1744 -> producedId=2 frameNumber=1706
2026-04-25 16:09:24.530 27707-27844 python.stdout           com.theveloper.pixelplay.debug       I  ✅ RESPONSE: action=search, success=True
2026-04-25 16:09:24.532 27707-27844 python.stdout           com.theveloper.pixelplay.debug       I  📥 REQUEST: action=search, request_id=1ae726bc..., data_keys=['query', 'filter', 'limit']
2026-04-25 16:09:25.019  1284-1284  SurfaceFlinger          surfaceflinger                       E  Out of order buffers detected for RequestedLayerState{com.theveloper.pixelplay.debug/com.theveloper.pixelplay.MainActivity#11043 parentId=11042} producedId=2 frameNumber=1744 -> producedId=2 frameNumber=1707
2026-04-25 16:09:25.053 27707-27844 python.stdout           com.theveloper.pixelplay.debug       I  ✅ RESPONSE: action=search, success=True
2026-04-25 16:09:25.056 27707-27844 python.stdout           com.theveloper.pixelplay.debug       I  📥 REQUEST: action=search, request_id=5ffc67e7..., data_keys=['query', 'filter', 'limit', 'offset']
2026-04-25 16:09:25.519  1284-1284  SurfaceFlinger          surfaceflinger                       E  Out of order buffers detected for RequestedLayerState{com.theveloper.pixelplay.debug/com.theveloper.pixelplay.MainActivity#11043 parentId=11042} producedId=2 frameNumber=1744 -> producedId=2 frameNumber=1708
2026-04-25 16:09:25.685 27707-27844 python.stdout           com.theveloper.pixelplay.debug       I  ✅ RESPONSE: action=search, success=True
2026-04-25 16:09:25.686 27707-27844 python.stdout           com.theveloper.pixelplay.debug       I  📥 REQUEST: action=search, request_id=e8718651..., data_keys=['query', 'filter', 'limit']
2026-04-25 16:09:26.026  1284-1284  SurfaceFlinger          surfaceflinger                       E  Out of order buffers detected for RequestedLayerState{com.theveloper.pixelplay.debug/com.theveloper.pixelplay.MainActivity#11043 parentId=11042} producedId=2 frameNumber=1744 -> producedId=2 frameNumber=1709
2026-04-25 16:09:26.268 27707-27844 python.stdout           com.theveloper.pixelplay.debug       I  ✅ RESPONSE: action=search, success=True
2026-04-25 16:09:26.271 27707-27844 python.stdout           com.theveloper.pixelplay.debug       I  📥 REQUEST: action=search, request_id=bcfb8ad9..., data_keys=['query', 'filter', 'limit', 'offset']
2026-04-25 16:09:26.533  1284-1284  SurfaceFlinger          surfaceflinger                       E  Out of order buffers detected for RequestedLayerState{com.theveloper.pixelplay.debug/com.theveloper.pixelplay.MainActivity#11043 parentId=11042} producedId=2 frameNumber=1744 -> producedId=2 frameNumber=1710
2026-04-25 16:09:26.931 27707-27844 python.stdout           com.theveloper.pixelplay.debug       I  ✅ RESPONSE: action=search, success=True
2026-04-25 16:09:26.937 27707-27844 python.stdout           com.theveloper.pixelplay.debug       I  📥 REQUEST: action=search, request_id=97e78dd3..., data_keys=['query', 'filter', 'limit']
2026-04-25 16:09:27.032  1284-1284  SurfaceFlinger          surfaceflinger                       E  Out of order buffers detected for RequestedLayerState{com.theveloper.pixelplay.debug/com.theveloper.pixelplay.MainActivity#11043 parentId=11042} producedId=2 frameNumber=1744 -> producedId=2 frameNumber=1711
2026-04-25 16:09:27.539  1284-1284  SurfaceFlinger          surfaceflinger                       E  Out of order buffers detected for RequestedLayerState{com.theveloper.pixelplay.debug/com.theveloper.pixelplay.MainActivity#11043 parentId=11042} producedId=2 frameNumber=1744 -> producedId=2 frameNumber=1712
2026-04-25 16:09:27.658 27707-27844 python.stdout           com.theveloper.pixelplay.debug       I  ✅ RESPONSE: action=search, success=True
2026-04-25 16:09:27.666 27707-27844 python.stdout           com.theveloper.pixelplay.debug       I  📥 REQUEST: action=search, request_id=134677a3..., data_keys=['query', 'filter', 'limit', 'offset']
2026-04-25 16:09:28.034 27707-27790 skia                    com.theveloper.pixelplay.debug       D  GrGpu::writePixels takes 1
2026-04-25 16:09:28.047  1284-1284  SurfaceFlinger          surfaceflinger                       E  Out of order buffers detected for RequestedLayerState{com.theveloper.pixelplay.debug/com.theveloper.pixelplay.MainActivity#11043 parentId=11042} producedId=2 frameNumber=1744 -> producedId=2 frameNumber=1713
2026-04-25 16:09:28.289 27707-27844 python.stdout           com.theveloper.pixelplay.debug       I  ✅ RESPONSE: action=search, success=True
2026-04-25 16:09:28.293 27707-27844 python.stdout           com.theveloper.pixelplay.debug       I  📥 REQUEST: action=search, request_id=798578bc..., data_keys=['query', 'filter', 'limit']
2026-04-25 16:09:28.554  1284-1284  SurfaceFlinger          surfaceflinger                       E  Out of order buffers detected for RequestedLayerState{com.theveloper.pixelplay.debug/com.theveloper.pixelplay.MainActivity#11043 parentId=11042} producedId=2 frameNumber=1744 -> producedId=2 frameNumber=1714
2026-04-25 16:09:29.045 27707-27790 skia                    com.theveloper.pixelplay.debug       D  GrGpu::writePixels takes 1
2026-04-25 16:09:29.070  1284-1284  SurfaceFlinger          surfaceflinger                       E  Out of order buffers detected for RequestedLayerState{com.theveloper.pixelplay.debug/com.theveloper.pixelplay.MainActivity#11043 parentId=11042} producedId=2 frameNumber=1744 -> producedId=2 frameNumber=1715
2026-04-25 16:09:29.083 27707-27844 python.stdout           com.theveloper.pixelplay.debug       I  ✅ RESPONSE: action=search, success=True
2026-04-25 16:09:29.087 27707-27844 python.stdout           com.theveloper.pixelplay.debug       I  📥 REQUEST: action=search, request_id=12585a81..., data_keys=['query', 'filter', 'limit', 'offset']
2026-04-25 16:09:29.545 27707-27790 skia                    com.theveloper.pixelplay.debug       D  GrGpu::writePixels takes 8
2026-04-25 16:09:29.569  1284-1284  SurfaceFlinger          surfaceflinger                       E  Out of order buffers detected for RequestedLayerState{com.theveloper.pixelplay.debug/com.theveloper.pixelplay.MainActivity#11043 parentId=11042} producedId=2 frameNumber=1744 -> producedId=2 frameNumber=1716
2026-04-25 16:09:30.059  1284-1284  SurfaceFlinger          surfaceflinger                       E  Out of order buffers detected for RequestedLayerState{com.theveloper.pixelplay.debug/com.theveloper.pixelplay.MainActivity#11043 parentId=11042} producedId=2 frameNumber=1744 -> producedId=2 frameNumber=1717
2026-04-25 16:09:30.553 27707-27790 skia                    com.theveloper.pixelplay.debug       D  GrGpu::writePixels takes 1
2026-04-25 16:09:30.567  1284-1284  SurfaceFlinger          surfaceflinger                       E  Out of order buffers detected for RequestedLayerState{com.theveloper.pixelplay.debug/com.theveloper.pixelplay.MainActivity#11043 parentId=11042} producedId=2 frameNumber=1744 -> producedId=2 frameNumber=1718
2026-04-25 16:09:30.611 27707-27844 python.stdout           com.theveloper.pixelplay.debug       I  ✅ RESPONSE: action=search, success=True
2026-04-25 16:09:30.615 27707-27844 python.stdout           com.theveloper.pixelplay.debug       I  📥 REQUEST: action=search, request_id=f96654ca..., data_keys=['query', 'filter', 'limit']
2026-04-25 16:09:30.747 27707-27707 SearchStateHolder       com.theveloper.pixelplay.debug       D  YTMusic batch for 'one dance': songs=10 hasMore=true
2026-04-25 16:09:30.860 27707-29292 skia                    com.theveloper.pixelplay.debug       D  SkJpegCodec::onGetPixels + (544, 544)
2026-04-25 16:09:30.884 27707-28513 skia                    com.theveloper.pixelplay.debug       D  SkJpegCodec::onGetPixels + (544, 544)
2026-04-25 16:09:30.895 27707-29292 skia                    com.theveloper.pixelplay.debug       D  SkJpegCodec::onGetPixels -
2026-04-25 16:09:30.907 27707-28513 skia                    com.theveloper.pixelplay.debug       D  SkJpegCodec::onGetPixels -
2026-04-25 16:09:30.909 27707-27847 skia                    com.theveloper.pixelplay.debug       D  SkJpegCodec::onGetPixels + (544, 544)
2026-04-25 16:09:30.909 27707-28178 skia                    com.theveloper.pixelplay.debug       D  SkJpegCodec::onGetPixels + (544, 544)
2026-04-25 16:09:30.909 27707-28512 skia                    com.theveloper.pixelplay.debug       D  SkJpegCodec::onGetPixels + (544, 544)
2026-04-25 16:09:30.919 27707-27847 skia                    com.theveloper.pixelplay.debug       D  SkJpegCodec::onGetPixels -
2026-04-25 16:09:30.921 27707-28513 skia                    com.theveloper.pixelplay.debug       D  SkJpegCodec::onGetPixels + (544, 544)
2026-04-25 16:09:30.925 27707-28512 skia                    com.theveloper.pixelplay.debug       D  SkJpegCodec::onGetPixels -
2026-04-25 16:09:30.931 27707-28178 skia                    com.theveloper.pixelplay.debug       D  SkJpegCodec::onGetPixels -
2026-04-25 16:09:30.935 27707-29292 skia                    com.theveloper.pixelplay.debug       D  SkJpegCodec::onGetPixels + (544, 544)
2026-04-25 16:09:30.936 27707-28513 skia                    com.theveloper.pixelplay.debug       D  SkJpegCodec::onGetPixels -
2026-04-25 16:09:30.949  1284-1284  SurfaceFlinger          surfaceflinger                       E  Out of order buffers detected for RequestedLayerState{com.theveloper.pixelplay.debug/com.theveloper.pixelplay.MainActivity#11043 parentId=11042} producedId=2 frameNumber=1744 -> producedId=2 frameNumber=1719
2026-04-25 16:09:30.957 27707-29292 skia                    com.theveloper.pixelplay.debug       D  SkJpegCodec::onGetPixels -
2026-04-25 16:09:30.965  1284-1284  SurfaceFlinger          surfaceflinger                       E  Out of order buffers detected for RequestedLayerState{com.theveloper.pixelplay.debug/com.theveloper.pixelplay.MainActivity#11043 parentId=11042} producedId=2 frameNumber=1744 -> producedId=2 frameNumber=1720
2026-04-25 16:09:30.982  1284-1284  SurfaceFlinger          surfaceflinger                       E  Out of order buffers detected for RequestedLayerState{com.theveloper.pixelplay.debug/com.theveloper.pixelplay.MainActivity#11043 parentId=11042} producedId=2 frameNumber=1744 -> producedId=2 frameNumber=1721
2026-04-25 16:09:30.998  1284-1284  SurfaceFlinger          surfaceflinger                       E  Out of order buffers detected for RequestedLayerState{com.theveloper.pixelplay.debug/com.theveloper.pixelplay.MainActivity#11043 parentId=11042} producedId=2 frameNumber=1744 -> producedId=2 frameNumber=1722
2026-04-25 16:09:31.015  1284-1284  SurfaceFlinger          surfaceflinger                       E  Out of order buffers detected for RequestedLayerState{com.theveloper.pixelplay.debug/com.theveloper.pixelplay.MainActivity#11043 parentId=11042} producedId=2 frameNumber=1744 -> producedId=2 frameNumber=1723
2026-04-25 16:09:31.031  1284-1284  SurfaceFlinger          surfaceflinger                       E  Out of order buffers detected for RequestedLayerState{com.theveloper.pixelplay.debug/com.theveloper.pixelplay.MainActivity#11043 parentId=11042} producedId=2 frameNumber=1744 -> producedId=2 frameNumber=1724
2026-04-25 16:09:31.048  1284-1284  SurfaceFlinger          surfaceflinger                       E  Out of order buffers detected for RequestedLayerState{com.theveloper.pixelplay.debug/com.theveloper.pixelplay.MainActivity#11043 parentId=11042} producedId=2 frameNumber=1744 -> producedId=2 frameNumber=1725
2026-04-25 16:09:31.065  1284-1284  SurfaceFlinger          surfaceflinger                       E  Out of order buffers detected for RequestedLayerState{com.theveloper.pixelplay.debug/com.theveloper.pixelplay.MainActivity#11043 parentId=11042} producedId=2 frameNumber=1744 -> producedId=2 frameNumber=1726
2026-04-25 16:09:31.082  1284-1284  SurfaceFlinger          surfaceflinger                       E  Out of order buffers detected for RequestedLayerState{com.theveloper.pixelplay.debug/com.theveloper.pixelplay.MainActivity#11043 parentId=11042} producedId=2 frameNumber=1744 -> producedId=2 frameNumber=1727
2026-04-25 16:09:31.098  1284-1284  SurfaceFlinger          surfaceflinger                       E  Out of order buffers detected for RequestedLayerState{com.theveloper.pixelplay.debug/com.theveloper.pixelplay.MainActivity#11043 parentId=11042} producedId=2 frameNumber=1744 -> producedId=2 frameNumber=1728
2026-04-25 16:09:31.115  1284-1284  SurfaceFlinger          surfaceflinger                       E  Out of order buffers detected for RequestedLayerState{com.theveloper.pixelplay.debug/com.theveloper.pixelplay.MainActivity#11043 parentId=11042} producedId=2 frameNumber=1744 -> producedId=2 frameNumber=1729
2026-04-25 16:09:31.132  1284-1284  SurfaceFlinger          surfaceflinger                       E  Out of order buffers detected for RequestedLayerState{com.theveloper.pixelplay.debug/com.theveloper.pixelplay.MainActivity#11043 parentId=11042} producedId=2 frameNumber=1744 -> producedId=2 frameNumber=1730
2026-04-25 16:09:31.149  1284-1284  SurfaceFlinger          surfaceflinger                       E  Out of order buffers detected for RequestedLayerState{com.theveloper.pixelplay.debug/com.theveloper.pixelplay.MainActivity#11043 parentId=11042} producedId=2 frameNumber=1744 -> producedId=2 frameNumber=1731
2026-04-25 16:09:31.165  1284-1284  SurfaceFlinger          surfaceflinger                       E  Out of order buffers detected for RequestedLayerState{com.theveloper.pixelplay.debug/com.theveloper.pixelplay.MainActivity#11043 parentId=11042} producedId=2 frameNumber=1744 -> producedId=2 frameNumber=1732
2026-04-25 16:09:31.183  1284-1284  SurfaceFlinger          surfaceflinger                       E  Out of order buffers detected for RequestedLayerState{com.theveloper.pixelplay.debug/com.theveloper.pixelplay.MainActivity#11043 parentId=11042} producedId=2 frameNumber=1744 -> producedId=2 frameNumber=1733
2026-04-25 16:09:31.199  1284-1284  SurfaceFlinger          surfaceflinger                       E  Out of order buffers detected for RequestedLayerState{com.theveloper.pixelplay.debug/com.theveloper.pixelplay.MainActivity#11043 parentId=11042} producedId=2 frameNumber=1744 -> producedId=2 frameNumber=1734
2026-04-25 16:09:31.215  1284-1284  SurfaceFlinger          surfaceflinger                       E  Out of order buffers detected for RequestedLayerState{com.theveloper.pixelplay.debug/com.theveloper.pixelplay.MainActivity#11043 parentId=11042} producedId=2 frameNumber=1744 -> producedId=2 frameNumber=1735
2026-04-25 16:09:31.232  1284-1284  SurfaceFlinger          surfaceflinger                       E  Out of order buffers detected for RequestedLayerState{com.theveloper.pixelplay.debug/com.theveloper.pixelplay.MainActivity#11043 parentId=11042} producedId=2 frameNumber=1744 -> producedId=2 frameNumber=1736
2026-04-25 16:09:31.249  1284-1284  SurfaceFlinger          surfaceflinger                       E  Out of order buffers detected for RequestedLayerState{com.theveloper.pixelplay.debug/com.theveloper.pixelplay.MainActivity#11043 parentId=11042} producedId=2 frameNumber=1744 -> producedId=2 frameNumber=1737
2026-04-25 16:09:31.266  1284-1284  SurfaceFlinger          surfaceflinger                       E  Out of order buffers detected for RequestedLayerState{com.theveloper.pixelplay.debug/com.theveloper.pixelplay.MainActivity#11043 parentId=11042} producedId=2 frameNumber=1744 -> producedId=2 frameNumber=1738
2026-04-25 16:09:31.282  1284-1284  SurfaceFlinger          surfaceflinger                       E  Out of order buffers detected for RequestedLayerState{com.theveloper.pixelplay.debug/com.theveloper.pixelplay.MainActivity#11043 parentId=11042} producedId=2 frameNumber=1744 -> producedId=2 frameNumber=1739
2026-04-25 16:09:31.298  1284-1284  SurfaceFlinger          surfaceflinger                       E  Out of order buffers detected for RequestedLayerState{com.theveloper.pixelplay.debug/com.theveloper.pixelplay.MainActivity#11043 parentId=11042} producedId=2 frameNumber=1744 -> producedId=2 frameNumber=1740
2026-04-25 16:09:31.315  1284-1284  SurfaceFlinger          surfaceflinger                       E  Out of order buffers detected for RequestedLayerState{com.theveloper.pixelplay.debug/com.theveloper.pixelplay.MainActivity#11043 parentId=11042} producedId=2 frameNumber=1744 -> producedId=2 frameNumber=1741
2026-04-25 16:09:31.332  1284-1284  SurfaceFlinger          surfaceflinger                       E  Out of order buffers detected for RequestedLayerState{com.theveloper.pixelplay.debug/com.theveloper.pixelplay.MainActivity#11043 parentId=11042} producedId=2 frameNumber=1744 -> producedId=2 frameNumber=1742
2026-04-25 16:09:31.364 27707-27844 python.stdout           com.theveloper.pixelplay.debug       I  ✅ RESPONSE: action=search, success=True
2026-04-25 16:09:31.370 27707-27844 python.stdout           com.theveloper.pixelplay.debug       I  📥 REQUEST: action=search, request_id=778469ac..., data_keys=['query', 'filter', 'limit', 'offset']
2026-04-25 16:09:31.574  1284-1284  SurfaceFlinger          surfaceflinger                       E  Out of order buffers detected for RequestedLayerState{com.theveloper.pixelplay.debug/com.theveloper.pixelplay.MainActivity#11043 parentId=11042} producedId=2 frameNumber=1744 -> producedId=2 frameNumber=1743
2026-04-25 16:09:32.022 27707-27707 DynamicFra...peedAware] com.theveloper.pixelplay.debug       I  onEventHandled: info: InputEventInfo: mX = 0, mY = 0, mAction = 0, mVsyncTime = 93098541, mIsMoving = true, mUpdated = true
2026-04-25 16:09:32.022 27707-27707 IJankManager            com.theveloper.pixelplay.debug       E  slideSceneEnd unknown scene 1000 mScene:-1
2026-04-25 16:09:32.039 27707-27844 python.stdout           com.theveloper.pixelplay.debug       I  ✅ RESPONSE: action=search, success=True
2026-04-25 16:09:32.065 27707-27707 DynamicFra...peedAware] com.theveloper.pixelplay.debug       I  onEventHandled: info: InputEventInfo: mX = 0, mY = 0, mAction = 1, mVsyncTime = 93098584, mIsMoving = false, mUpdated = true
2026-04-25 16:09:32.072 27707-27707 YTMRadio                com.theveloper.pixelplay.debug       D  Fetching radio queue for 5LFB3qdmZBM
2026-04-25 16:09:32.073 27707-27707 ViewRootImplExtImpl     com.theveloper.pixelplay.debug       D  the up motion event handled by client, just return
2026-04-25 16:09:32.077 27707-27707 TransitionDebug         com.theveloper.pixelplay.debug       D  Timeline changed (reason=0). Cancelling pending transition.
2026-04-25 16:09:32.078 27707-27707 TransitionDebug         com.theveloper.pixelplay.debug       D  Engine: Cancelling next player
2026-04-25 16:09:32.081 27707-29349 CCodecConfig            com.theveloper.pixelplay.debug       I  query failed after returning 8 values (BAD_INDEX)
2026-04-25 16:09:32.081 27707-29394 CCodecConfig            com.theveloper.pixelplay.debug       I  query failed after returning 8 values (BAD_INDEX)
2026-04-25 16:09:32.082 27707-29349 BufferPoolAccessor2.0   com.theveloper.pixelplay.debug       D  bufferpool2 0xb4000072c86f7428 : 1(5760 size) total buffers - 1(5760 size) used buffers - 459/466 (recycle/alloc) - 18/928 (fetch/transfer)
2026-04-25 16:09:32.082 27707-29394 BufferPoolAccessor2.0   com.theveloper.pixelplay.debug       D  bufferpool2 0xb4000072c4cdc028 : 1(5760 size) total buffers - 1(5760 size) used buffers - 31/37 (recycle/alloc) - 5/70 (fetch/transfer)
2026-04-25 16:09:32.082 27707-29394 Codec2Client            com.theveloper.pixelplay.debug       W  query -- param skipped: index = 1342179345.
2026-04-25 16:09:32.082 27707-29394 Codec2Client            com.theveloper.pixelplay.debug       W  query -- param skipped: index = 2415921170.
2026-04-25 16:09:32.083 27707-29349 Codec2Client            com.theveloper.pixelplay.debug       W  query -- param skipped: index = 1342179345.
2026-04-25 16:09:32.083 27707-29349 Codec2Client            com.theveloper.pixelplay.debug       W  query -- param skipped: index = 2415921170.
2026-04-25 16:09:32.086 27707-27707 TransitionDebug         com.theveloper.pixelplay.debug       D  onMediaItemTransition: 5LFB3qdmZBM (reason=3)
2026-04-25 16:09:32.088 27707-27707 MusicService_PixelPlay  com.theveloper.pixelplay.debug       D  Playback state changed: 2
2026-04-25 16:09:32.089 27707-27707 MusicService_PixelPlay  com.theveloper.pixelplay.debug       W  onAvailableCommandsChanged. Can Seek Command? false. IsSeekable? false. Duration: -9223372036854775807
2026-04-25 16:09:32.091 27707-29394 hw-BpHwBinder           com.theveloper.pixelplay.debug       I  onLastStrongRef automatically unlinking death recipients
2026-04-25 16:09:32.092 27707-29394 AtlasEventUploadUtils   com.theveloper.pixelplay.debug       D  setEvent event:atlas_event_video_monitor_network_switch
2026-04-25 16:09:32.099 27707-28281 YTMusicRepository       com.theveloper.pixelplay.debug       D  Fetching YTM radio queue for: 5LFB3qdmZBM
2026-04-25 16:09:32.099 27707-29538 AudioTrack              com.theveloper.pixelplay.debug       D  flush+ mIsStopFlush 0, mIsTrackSupportFade 1, mTrackFadeSupportType 0 , mShareBuffer != 0 ? 0, mState 1
2026-04-25 16:09:32.099 27707-29538 AudioTrack              com.theveloper.pixelplay.debug       D  flush(2273): prior state:STATE_STOPPED
2026-04-25 16:09:32.099 27707-29538 AudioTrack              com.theveloper.pixelplay.debug       D  [oplusAudioFade]stop mState STATE_FLUSHED, mIsTrackSupportFade 1
2026-04-25 16:09:32.099 27707-29538 AudioTrack              com.theveloper.pixelplay.debug       D  stop(2273): prior state:STATE_FLUSHED output 21 stream 3 session 2745
2026-04-25 16:09:32.103 27707-29538 AudioTrack              com.theveloper.pixelplay.debug       D  ~AudioTrack(2273), releasing mStatus =0 session id 2745 from 27707 on behalf of 27707
2026-04-25 16:09:32.103 27707-29538 AudioTrack              com.theveloper.pixelplay.debug       D  [oplusAudioFade]stop mState STATE_FLUSHED, mIsTrackSupportFade 1
2026-04-25 16:09:32.103 27707-29538 AudioTrack              com.theveloper.pixelplay.debug       D  stop(2273): prior state:STATE_FLUSHED output 21 stream 3 session 2745
2026-04-25 16:09:32.103 27707-29538 AudioTrack              com.theveloper.pixelplay.debug       I  stopAndJoinCallbacks(2273) done
2026-04-25 16:09:32.110 27707-29541 DualPlayerEngine        com.theveloper.pixelplay.debug       W  resolveDataSpec: cache MISS for ytm://5LFB3qdmZBM — blocking to resolve
2026-04-25 16:09:32.110 27707-27844 python.stdout           com.theveloper.pixelplay.debug       I  📥 REQUEST: action=watch_playlist, request_id=d7e877b4..., data_keys=['video_id', 'playlist_id', 'limit']
2026-04-25 16:09:32.110 27707-29541 DualPlayerEngine        com.theveloper.pixelplay.debug       D  Async resolving YTM URI: ytm://5LFB3qdmZBM
2026-04-25 16:09:32.111 27707-29538 AudioTrack              com.theveloper.pixelplay.debug       D  flush+ mIsStopFlush 0, mIsTrackSupportFade 1, mTrackFadeSupportType 0 , mShareBuffer != 0 ? 0, mState 2
2026-04-25 16:09:32.112 27707-29538 AudioTrack              com.theveloper.pixelplay.debug       D  flush(2272): prior state:STATE_PAUSED
2026-04-25 16:09:32.112 27707-29538 AudioTrack              com.theveloper.pixelplay.debug       D  [oplusAudioFade]stop mState STATE_FLUSHED, mIsTrackSupportFade 1
2026-04-25 16:09:32.112 27707-29538 AudioTrack              com.theveloper.pixelplay.debug       D  stop(2272): prior state:STATE_FLUSHED output 21 stream 3 session 2753
2026-04-25 16:09:32.112 27707-29538 AudioTrack              com.theveloper.pixelplay.debug       D  ~AudioTrack(2272), releasing mStatus =0 session id 2753 from 27707 on behalf of 27707
2026-04-25 16:09:32.112 27707-29538 AudioTrack              com.theveloper.pixelplay.debug       D  [oplusAudioFade]stop mState STATE_FLUSHED, mIsTrackSupportFade 1
2026-04-25 16:09:32.112 27707-29538 AudioTrack              com.theveloper.pixelplay.debug       D  stop(2272): prior state:STATE_FLUSHED output 21 stream 3 session 2753
2026-04-25 16:09:32.112 27707-29538 AudioTrack              com.theveloper.pixelplay.debug       I  stopAndJoinCallbacks(2272) done
2026-04-25 16:09:32.146 27707-28185 LyricsRepository        com.theveloper.pixelplay.debug       D  ===== FETCH LYRICS START: Drake - One Dance (feat. WizKid & Kyla) (forceRefresh=false, source=EMBEDDED_FIRST) =====
2026-04-25 16:09:32.146 27707-28185 LyricsRepository        com.theveloper.pixelplay.debug       D  ===== NO IN-MEMORY CACHE HIT, proceeding to fetch =====
2026-04-25 16:09:32.147 27707-28185 LyricsRepository        com.theveloper.pixelplay.debug       W  Error fetching from source 1: For input string: "5LFB3qdmZBM"
2026-04-25 16:09:32.157 27707-27707 TransitionDebug         com.theveloper.pixelplay.debug       D  No next track (index=1, count=1, repeatMode=0). No transition.
2026-04-25 16:09:32.159 27707-28281 skia                    com.theveloper.pixelplay.debug       D  SkJpegCodec::onGetPixels + (544, 544)
2026-04-25 16:09:32.163 27707-28281 skia                    com.theveloper.pixelplay.debug       D  SkJpegCodec::onGetPixels -
2026-04-25 16:09:32.175 27707-28185 LyricsRepository        com.theveloper.pixelplay.debug       E  Error reading JSON cache: For input string: "5LFB3qdmZBM" (Fix with AI)
                                                                                                    java.lang.NumberFormatException: For input string: "5LFB3qdmZBM"
                                                                                                    	at java.lang.Long.parseLong(Long.java:740)
                                                                                                    	at java.lang.Long.parseLong(Long.java:863)
                                                                                                    	at com.theveloper.pixelplay.data.repository.LyricsRepositoryImpl.loadLocalLyricsJson(LyricsRepositoryImpl.kt:731)
                                                                                                    	at com.theveloper.pixelplay.data.repository.LyricsRepositoryImpl.access$loadLocalLyricsJson(LyricsRepositoryImpl.kt:81)
                                                                                                    	at com.theveloper.pixelplay.data.repository.LyricsRepositoryImpl$fetchLyricsFromAPI$2.invokeSuspend(LyricsRepositoryImpl.kt:343)
                                                                                                    	at com.theveloper.pixelplay.data.repository.LyricsRepositoryImpl$fetchLyricsFromAPI$2.invoke(Unknown Source:8)
                                                                                                    	at com.theveloper.pixelplay.data.repository.LyricsRepositoryImpl$fetchLyricsFromAPI$2.invoke(Unknown Source:4)
                                                                                                    	at kotlinx.coroutines.intrinsics.UndispatchedKt.startUndispatchedOrReturn(Undispatched.kt:42)
                                                                                                    	at kotlinx.coroutines.BuildersKt__Builders_commonKt.withContext(Builders.common.kt:164)
                                                                                                    	at kotlinx.coroutines.BuildersKt.withContext(Unknown Source:1)
                                                                                                    	at com.theveloper.pixelplay.data.repository.LyricsRepositoryImpl.fetchLyricsFromAPI(LyricsRepositoryImpl.kt:330)
                                                                                                    	at com.theveloper.pixelplay.data.repository.LyricsRepositoryImpl.access$fetchLyricsFromAPI(LyricsRepositoryImpl.kt:81)
                                                                                                    	at com.theveloper.pixelplay.data.repository.LyricsRepositoryImpl$getLyrics$2$fetchFromAPI$1.invokeSuspend(LyricsRepositoryImpl.kt:272)
                                                                                                    	at com.theveloper.pixelplay.data.repository.LyricsRepositoryImpl$getLyrics$2$fetchFromAPI$1.invoke(Unknown Source:8)
                                                                                                    	at com.theveloper.pixelplay.data.repository.LyricsRepositoryImpl$getLyrics$2$fetchFromAPI$1.invoke(Unknown Source:2)
                                                                                                    	at com.theveloper.pixelplay.data.repository.LyricsRepositoryImpl$getLyrics$2.invokeSuspend(LyricsRepositoryImpl.kt:285)
                                                                                                    	at com.theveloper.pixelplay.data.repository.LyricsRepositoryImpl$getLyrics$2.invoke(Unknown Source:8)
                                                                                                    	at com.theveloper.pixelplay.data.repository.LyricsRepositoryImpl$getLyrics$2.invoke(Unknown Source:4)
                                                                                                    	at kotlinx.coroutines.intrinsics.UndispatchedKt.startUndispatchedOrReturn(Undispatched.kt:42)
                                                                                                    	at kotlinx.coroutines.BuildersKt__Builders_commonKt.withContext(Builders.common.kt:164)
                                                                                                    	at kotlinx.coroutines.BuildersKt.withContext(Unknown Source:1)
                                                                                                    	at com.theveloper.pixelplay.data.repository.LyricsRepositoryImpl.getLyrics(LyricsRepositoryImpl.kt:243)
                                                                                                    	at com.theveloper.pixelplay.data.repository.MusicRepositoryImpl.getLyrics(MusicRepositoryImpl.kt:879)
                                                                                                    	at com.theveloper.pixelplay.data.repository.MusicRepository$DefaultImpls.getLyrics$default(MusicRepository.kt:283)
                                                                                                    	at com.theveloper.pixelplay.presentation.viewmodel.LyricsStateHolder$loadLyricsForSong$1$fetchedLyrics$1.invokeSuspend(LyricsStateHolder.kt:116)
                                                                                                    	at kotlin.coroutines.jvm.internal.BaseContinuationImpl.resumeWith(ContinuationImpl.kt:34)
                                                                                                    	at kotlinx.coroutines.DispatchedTask.run(DispatchedTask.kt:101)
                                                                                                    	at kotlinx.coroutines.internal.LimitedDispatcher$Worker.run(LimitedDispatcher.kt:113)
                                                                                                    	at kotlinx.coroutines.scheduling.TaskImpl.run(Tasks.kt:89)
                                                                                                    	at kotlinx.coroutines.scheduling.CoroutineScheduler.runSafely(CoroutineScheduler.kt:589)
                                                                                                    	at kotlinx.coroutines.scheduling.CoroutineScheduler$Worker.executeTask(CoroutineScheduler.kt:823)
                                                                                                    	at kotlinx.coroutines.scheduling.CoroutineScheduler$Worker.runWorker(CoroutineScheduler.kt:720)
                                                                                                    	at kotlinx.coroutines.scheduling.CoroutineScheduler$Worker.run(CoroutineScheduler.kt:707)
2026-04-25 16:09:32.176 27707-28185 BetterLyrics            com.theveloper.pixelplay.debug       D  Attempting BetterLyrics waterfall for: One Dance - Drake
2026-04-25 16:09:32.178 27707-29303 OkHttp                  com.theveloper.pixelplay.debug       I  --> GET https://lrclib.net/api/search?q=Drake%20One%20Dance
2026-04-25 16:09:32.178 27707-29302 OkHttp                  com.theveloper.pixelplay.debug       I  --> GET https://lrclib.net/api/search?track_name=One%20Dance&artist_name=Drake
2026-04-25 16:09:32.178 27707-29303 OkHttp                  com.theveloper.pixelplay.debug       I  User-Agent: PixelPlayer/1.0 (Android; Music Player)
2026-04-25 16:09:32.178 27707-29302 OkHttp                  com.theveloper.pixelplay.debug       I  User-Agent: PixelPlayer/1.0 (Android; Music Player)
2026-04-25 16:09:32.178 27707-29303 OkHttp                  com.theveloper.pixelplay.debug       I  Accept: application/json
2026-04-25 16:09:32.178 27707-29302 OkHttp                  com.theveloper.pixelplay.debug       I  Accept: application/json
2026-04-25 16:09:32.178 27707-29303 OkHttp                  com.theveloper.pixelplay.debug       I  --> END GET
2026-04-25 16:09:32.178 27707-29302 OkHttp                  com.theveloper.pixelplay.debug       I  --> END GET
2026-04-25 16:09:32.226 27707-28281 skia                    com.theveloper.pixelplay.debug       D  SkJpegCodec::onGetPixels + (544, 544)
2026-04-25 16:09:32.231 27707-28281 skia                    com.theveloper.pixelplay.debug       D  SkJpegCodec::onGetPixels -
2026-04-25 16:09:32.282 27707-27842 skia                    com.theveloper.pixelplay.debug       D  SkJpegCodec::onGetPixels + (544, 544)
2026-04-25 16:09:32.287 27707-27842 skia                    com.theveloper.pixelplay.debug       D  SkJpegCodec::onGetPixels -
2026-04-25 16:09:32.441 27707-27707 SearchStateHolder       com.theveloper.pixelplay.debug       D  YTMusic batch for 'one dance': songs=20 hasMore=false
2026-04-25 16:09:32.471 27707-27713 pixelplay.debug         com.theveloper.pixelplay.debug       I  Compiler allocated 6784KB to compile void com.theveloper.pixelplay.presentation.screens.SearchScreenKt.SearchScreen(androidx.compose.foundation.layout.PaddingValues, com.theveloper.pixelplay.presentation.viewmodel.PlayerViewModel, com.theveloper.pixelplay.presentation.viewmodel.PlaylistViewModel, androidx.navigation.NavHostController, kotlin.jvm.functions.Function1, androidx.compose.runtime.Composer, int, int)
2026-04-25 16:09:32.562 27707-27840 skia                    com.theveloper.pixelplay.debug       D  SkJpegCodec::onGetPixels + (544, 544)
2026-04-25 16:09:32.568 27707-27840 skia                    com.theveloper.pixelplay.debug       D  SkJpegCodec::onGetPixels -
2026-04-25 16:09:32.615 27707-27842 MusicService_PixelPlay  com.theveloper.pixelplay.debug       W  No se encontraron widgets para actualizar
2026-04-25 16:09:32.633 27707-27842 AudioManagerExtImpl     com.theveloper.pixelplay.debug       D  getStreamVolume packageName=com.theveloper.pixelplay.debug, index=10, streamType=3
2026-04-25 16:09:32.760 27707-27842 WearStatePublisher      com.theveloper.pixelplay.debug       D  Published state to Wear: One Dance (feat. WizKid & Kyla) (playing=false)
2026-04-25 16:09:33.036 27707-27844 python.stdout           com.theveloper.pixelplay.debug       I  ✅ watch_playlist: videoId=5LFB3qdmZBM → 50 radio tracks
2026-04-25 16:09:33.036 27707-27844 python.stdout           com.theveloper.pixelplay.debug       I  ✅ RESPONSE: action=watch_playlist, success=True
2026-04-25 16:09:33.047 27707-27844 python.stdout           com.theveloper.pixelplay.debug       I  📥 REQUEST: action=get_stream_url, request_id=da32486e..., data_keys=['video_id']
2026-04-25 16:09:33.048 27707-27844 python.stdout           com.theveloper.pixelplay.debug       I  ✅ Cookies loaded (1775 chars) — Netscape jar written
2026-04-25 16:09:33.050 27707-29321 python.stderr           com.theveloper.pixelplay.debug       W  Deprecated Feature: Passing cookies as a header is a potential security risk; they will be scoped to the domain of the downloaded urls. Please consider loading cookies from a file or browser instead.
2026-04-25 16:09:33.068 27707-28514 YTMusicRepository       com.theveloper.pixelplay.debug       D  YTM radio queue: 50 tracks for 5LFB3qdmZBM
2026-04-25 16:09:33.072 27707-27707 YTMRadio                com.theveloper.pixelplay.debug       D  Radio queue ready: 50 tracks
2026-04-25 16:09:33.081 27707-28514 LyricsRepository        com.theveloper.pixelplay.debug       D  Strategy track+artist failed after retries: StandaloneCoroutine was cancelled
2026-04-25 16:09:33.081 27707-27846 LyricsRepository        com.theveloper.pixelplay.debug       D  Strategy combined_query failed after retries: StandaloneCoroutine was cancelled
2026-04-25 16:09:33.081 27707-27846 LyricsRepository        com.theveloper.pixelplay.debug       E  LRCLIB lyrics fetch failed: StandaloneCoroutine was cancelled
                                                                                                    kotlinx.coroutines.JobCancellationException: StandaloneCoroutine was cancelled; job=StandaloneCoroutine{Cancelling}@89e5304
2026-04-25 16:09:33.081 27707-27846 LyricsRepository        com.theveloper.pixelplay.debug       W  Error fetching from source 2: StandaloneCoroutine was cancelled
2026-04-25 16:09:33.081 27707-27846 LyricsRepository        com.theveloper.pixelplay.debug       W  Error fetching from source 3: StandaloneCoroutine was cancelled
2026-04-25 16:09:33.081 27707-27846 LyricsRepository        com.theveloper.pixelplay.debug       D  No lyrics found from any source for: Drake - One Dance (feat. WizKid & Kyla)
2026-04-25 16:09:33.081 27707-29303 OkHttp                  com.theveloper.pixelplay.debug       I  <-- HTTP FAILED: java.net.SocketException: Socket closed. https://lrclib.net/api/search?q=Drake%20One%20Dance (903ms)
2026-04-25 16:09:33.082 27707-27846 LyricsRepository        com.theveloper.pixelplay.debug       D  ===== FETCH LYRICS START: Drake - One Dance (feat. WizKid & Kyla) (forceRefresh=false, source=EMBEDDED_FIRST) =====
2026-04-25 16:09:33.082 27707-27846 LyricsRepository        com.theveloper.pixelplay.debug       D  ===== NO IN-MEMORY CACHE HIT, proceeding to fetch =====
2026-04-25 16:09:33.082 27707-27846 LyricsRepository        com.theveloper.pixelplay.debug       W  Error fetching from source 1: For input string: "5LFB3qdmZBM"
2026-04-25 16:09:33.082 27707-29302 OkHttp                  com.theveloper.pixelplay.debug       I  <-- HTTP FAILED: java.net.SocketException: Socket closed. https://lrclib.net/api/search?track_name=One%20Dance&artist_name=Drake (903ms)
2026-04-25 16:09:33.097 27707-27846 LyricsRepository        com.theveloper.pixelplay.debug       E  Error reading JSON cache: For input string: "5LFB3qdmZBM" (Fix with AI)
                                                                                                    java.lang.NumberFormatException: For input string: "5LFB3qdmZBM"
                                                                                                    	at java.lang.Long.parseLong(Long.java:740)
                                                                                                    	at java.lang.Long.parseLong(Long.java:863)
                                                                                                    	at com.theveloper.pixelplay.data.repository.LyricsRepositoryImpl.loadLocalLyricsJson(LyricsRepositoryImpl.kt:731)
                                                                                                    	at com.theveloper.pixelplay.data.repository.LyricsRepositoryImpl.access$loadLocalLyricsJson(LyricsRepositoryImpl.kt:81)
                                                                                                    	at com.theveloper.pixelplay.data.repository.LyricsRepositoryImpl$fetchLyricsFromAPI$2.invokeSuspend(LyricsRepositoryImpl.kt:343)
                                                                                                    	at com.theveloper.pixelplay.data.repository.LyricsRepositoryImpl$fetchLyricsFromAPI$2.invoke(Unknown Source:8)
                                                                                                    	at com.theveloper.pixelplay.data.repository.LyricsRepositoryImpl$fetchLyricsFromAPI$2.invoke(Unknown Source:4)
                                                                                                    	at kotlinx.coroutines.intrinsics.UndispatchedKt.startUndispatchedOrReturn(Undispatched.kt:42)
                                                                                                    	at kotlinx.coroutines.BuildersKt__Builders_commonKt.withContext(Builders.common.kt:164)
                                                                                                    	at kotlinx.coroutines.BuildersKt.withContext(Unknown Source:1)
                                                                                                    	at com.theveloper.pixelplay.data.repository.LyricsRepositoryImpl.fetchLyricsFromAPI(LyricsRepositoryImpl.kt:330)
                                                                                                    	at com.theveloper.pixelplay.data.repository.LyricsRepositoryImpl.access$fetchLyricsFromAPI(LyricsRepositoryImpl.kt:81)
                                                                                                    	at com.theveloper.pixelplay.data.repository.LyricsRepositoryImpl$getLyrics$2$fetchFromAPI$1.invokeSuspend(LyricsRepositoryImpl.kt:272)
                                                                                                    	at com.theveloper.pixelplay.data.repository.LyricsRepositoryImpl$getLyrics$2$fetchFromAPI$1.invoke(Unknown Source:8)
                                                                                                    	at com.theveloper.pixelplay.data.repository.LyricsRepositoryImpl$getLyrics$2$fetchFromAPI$1.invoke(Unknown Source:2)
                                                                                                    	at com.theveloper.pixelplay.data.repository.LyricsRepositoryImpl$getLyrics$2.invokeSuspend(LyricsRepositoryImpl.kt:285)
                                                                                                    	at com.theveloper.pixelplay.data.repository.LyricsRepositoryImpl$getLyrics$2.invoke(Unknown Source:8)
                                                                                                    	at com.theveloper.pixelplay.data.repository.LyricsRepositoryImpl$getLyrics$2.invoke(Unknown Source:4)
                                                                                                    	at kotlinx.coroutines.intrinsics.UndispatchedKt.startUndispatchedOrReturn(Undispatched.kt:42)
                                                                                                    	at kotlinx.coroutines.BuildersKt__Builders_commonKt.withContext(Builders.common.kt:164)
                                                                                                    	at kotlinx.coroutines.BuildersKt.withContext(Unknown Source:1)
                                                                                                    	at com.theveloper.pixelplay.data.repository.LyricsRepositoryImpl.getLyrics(LyricsRepositoryImpl.kt:243)
                                                                                                    	at com.theveloper.pixelplay.data.repository.MusicRepositoryImpl.getLyrics(MusicRepositoryImpl.kt:879)
                                                                                                    	at com.theveloper.pixelplay.data.repository.MusicRepository$DefaultImpls.getLyrics$default(MusicRepository.kt:283)
                                                                                                    	at com.theveloper.pixelplay.presentation.viewmodel.LyricsStateHolder$loadLyricsForSong$1$fetchedLyrics$1.invokeSuspend(LyricsStateHolder.kt:116)
                                                                                                    	at kotlin.coroutines.jvm.internal.BaseContinuationImpl.resumeWith(ContinuationImpl.kt:34)
                                                                                                    	at kotlinx.coroutines.DispatchedTask.run(DispatchedTask.kt:101)
                                                                                                    	at kotlinx.coroutines.internal.LimitedDispatcher$Worker.run(LimitedDispatcher.kt:113)
                                                                                                    	at kotlinx.coroutines.scheduling.TaskImpl.run(Tasks.kt:89)
                                                                                                    	at kotlinx.coroutines.scheduling.CoroutineScheduler.runSafely(CoroutineScheduler.kt:589)
                                                                                                    	at kotlinx.coroutines.scheduling.CoroutineScheduler$Worker.executeTask(CoroutineScheduler.kt:823)
                                                                                                    	at kotlinx.coroutines.scheduling.CoroutineScheduler$Worker.runWorker(CoroutineScheduler.kt:720)
                                                                                                    	at kotlinx.coroutines.scheduling.CoroutineScheduler$Worker.run(CoroutineScheduler.kt:707)
2026-04-25 16:09:33.097 27707-27707 TransitionDebug         com.theveloper.pixelplay.debug       D  Timeline changed (reason=0). Cancelling pending transition.
2026-04-25 16:09:33.097 27707-27846 BetterLyrics            com.theveloper.pixelplay.debug       D  Attempting BetterLyrics waterfall for: One Dance - Drake
2026-04-25 16:09:33.099 27707-29303 OkHttp                  com.theveloper.pixelplay.debug       I  --> GET https://lrclib.net/api/search?track_name=One%20Dance&artist_name=Drake
2026-04-25 16:09:33.099 27707-29303 OkHttp                  com.theveloper.pixelplay.debug       I  User-Agent: PixelPlayer/1.0 (Android; Music Player)
2026-04-25 16:09:33.099 27707-29303 OkHttp                  com.theveloper.pixelplay.debug       I  Accept: application/json
2026-04-25 16:09:33.099 27707-29303 OkHttp                  com.theveloper.pixelplay.debug       I  --> END GET
2026-04-25 16:09:33.100 27707-29302 OkHttp                  com.theveloper.pixelplay.debug       I  --> GET https://lrclib.net/api/search?q=Drake%20One%20Dance
2026-04-25 16:09:33.100 27707-29302 OkHttp                  com.theveloper.pixelplay.debug       I  User-Agent: PixelPlayer/1.0 (Android; Music Player)
2026-04-25 16:09:33.100 27707-29302 OkHttp                  com.theveloper.pixelplay.debug       I  Accept: application/json
2026-04-25 16:09:33.100 27707-29302 OkHttp                  com.theveloper.pixelplay.debug       I  --> END GET
2026-04-25 16:09:33.102 27707-27707 TransitionDebug         com.theveloper.pixelplay.debug       D  onMediaItemTransition: 5LFB3qdmZBM (reason=3)
2026-04-25 16:09:33.104 27707-27707 MusicService_PixelPlay  com.theveloper.pixelplay.debug       W  onAvailableCommandsChanged. Can Seek Command? false. IsSeekable? false. Duration: -9223372036854775807
2026-04-25 16:09:33.112 27707-27845 YTMusicRepository       com.theveloper.pixelplay.debug       W  yt-dlp failed for video 5LFB3qdmZBM: Parent job is Cancelling
2026-04-25 16:09:33.114 27707-27853 DualPlayerEngine        com.theveloper.pixelplay.debug       E  Failed to resolve YTM URI (Fix with AI)
                                                                                                    kotlinx.coroutines.JobCancellationException: Parent job is Cancelling; job=BlockingCoroutine{Cancelling}@df23468
                                                                                                    Caused by: java.lang.InterruptedException
                                                                                                    	at kotlinx.coroutines.BlockingCoroutine.joinBlocking(Builders.kt:94)
                                                                                                    	at kotlinx.coroutines.BuildersKt__BuildersKt.runBlocking(Builders.kt:69)
                                                                                                    	at kotlinx.coroutines.BuildersKt.runBlocking(Unknown Source:1)
                                                                                                    	at kotlinx.coroutines.BuildersKt__BuildersKt.runBlocking$default(Builders.kt:47)
                                                                                                    	at kotlinx.coroutines.BuildersKt.runBlocking$default(Unknown Source:1)
