2026-04-25 17:12:55.591 16589-16589 SyncManager             com.httperry.pixelplayer.debug       I  Full sync requested - Scheduling full sync worker
2026-04-25 17:12:55.606 16589-16589 StandaloneCoroutine     com.httperry.pixelplayer.debug       I  [main] - Setup complete/skipped and permissions valid. Starting sync.
2026-04-25 17:12:55.606 16589-16589 MainViewModel           com.httperry.pixelplayer.debug       I  [main] - startSync called
2026-04-25 17:12:55.643 16589-16876 SyncManager             com.httperry.pixelplayer.debug       I  Startup sync requested - Scheduling Incremental Sync
2026-04-25 17:12:55.661 16589-16918 JobInfo                 com.httperry.pixelplayer.debug       W  Requested important-while-foreground flag for job0 is ignored and takes no effect
2026-04-25 17:12:55.662 16589-16918 WM-SystemJobScheduler   com.httperry.pixelplayer.debug       D  Scheduling work ID f65beadc-a8c9-4f23-92bf-3e2cb210513dJob ID 0
2026-04-25 17:12:55.689 16589-16918 WM-GreedyScheduler      com.httperry.pixelplayer.debug       D  Starting work for f65beadc-a8c9-4f23-92bf-3e2cb210513d
2026-04-25 17:12:55.698 16589-16918 WM-Processor            com.httperry.pixelplayer.debug       D  Processor: processing WorkGenerationalId(workSpecId=f65beadc-a8c9-4f23-92bf-3e2cb210513d, generation=0)
2026-04-25 17:12:55.703 16589-16589 AudioTrack              com.httperry.pixelplayer.debug       I  set(): type=audio,case=1,attributes=1,content_type=2,usage=1,source=-1,flags=0x800
2026-04-25 17:12:55.703 16589-16589 AudioTrackExtImpl       com.httperry.pixelplayer.debug       D  AudioTrackExtImpl init
2026-04-25 17:12:55.703 16589-16589 ExtensionsLoader        com.httperry.pixelplayer.debug       D  createInstance(64bit) : createExtendedFactory
2026-04-25 17:12:55.703 16589-16589 ExtensionsLoader        com.httperry.pixelplayer.debug       D  Opened libSchedAssistExtImpl.so
2026-04-25 17:12:55.703 16589-16589 AudioTrack              com.httperry.pixelplayer.debug       D  set(): streamType -1, sampleRate 44100, format 0x5, channelMask 0x3, frameCount 3770, flags #0, notificationFrames 0, sessionId 0, transferType 3, uid 10449, pid 16589
2026-04-25 17:12:55.703 16589-16589 ListServiceUtils        com.httperry.pixelplayer.debug       D  mListServiceUtils::init CallingPid 16589
2026-04-25 17:12:55.703 16589-16589 ListServiceUtils        com.httperry.pixelplayer.debug       D  mListServiceUtils::init this 0xb4000072dbe7f780
2026-04-25 17:12:55.704 16589-16589 AudioTrack              com.httperry.pixelplayer.debug       I  set(): 0xb4000072db45d000, Create AudioTrackThread, tid = 18354
2026-04-25 17:12:55.705 16589-16589 AudioDetectPulse        com.httperry.pixelplayer.debug       D  setDetectPulse, mIsDetectPulse 0, 0x75093aa0e0
2026-04-25 17:12:55.705 16589-16589 AudioTrackExtImpl       com.httperry.pixelplayer.debug       D  doSchedBoost, set audioapp task boost, pid=16589, tid=16589, enable=1, ret=0
2026-04-25 17:12:55.718 16589-16918 WM-PackageManagerHelper com.httperry.pixelplayer.debug       D  androidx.work.impl.background.systemalarm.RescheduleReceiver enabled
2026-04-25 17:12:55.719 16589-16589 AudioTrack              com.httperry.pixelplayer.debug       D  createTrack state 0 output.outputId=21
2026-04-25 17:12:55.720 16589-16589 AudioTrack              com.httperry.pixelplayer.debug       I  createTrack_l(2279) on outputId(21) : 0xb4000072db45d000, mCblk = 0x750b27c000,  mLatency = 256, mAfLatency = 128, frameCount = 5655, mSampleRate = 44100, mFlags = 0, mReqFrameCount = 5655, mNotificationFramesAct = 1885
2026-04-25 17:12:55.721 16589-16589 AudioTrackExtImpl       com.httperry.pixelplayer.debug       D  doSchedBoost, set audioapp task boost, pid=16589, tid=16589, enable=0, ret=0
2026-04-25 17:12:55.722 16589-16589 AudioTrackExtImpl       com.httperry.pixelplayer.debug       E  get fade type, but return null, pid 16589, uid 10449
2026-04-25 17:12:55.722 16589-16589 AudioTrack              com.httperry.pixelplayer.debug       D  set: pop_optimize mIsPopOptimizeSupport:0, mIsPopOptimizeFlush:0
2026-04-25 17:12:55.724 16589-16589 AudioTrack              com.httperry.pixelplayer.debug       D  [oplusAudioFade]stop mState STATE_STOPPED, mIsTrackSupportFade 1
2026-04-25 17:12:55.724 16589-16589 AudioTrack              com.httperry.pixelplayer.debug       D  stop(2279): prior state:STATE_STOPPED output 21 stream 3 session 2849
2026-04-25 17:12:55.724 16589-16589 AudioTrack              com.httperry.pixelplayer.debug       D  ~AudioTrack(2279), releasing mStatus =0 session id 2849 from 16589 on behalf of 16589
2026-04-25 17:12:55.724 16589-16589 AudioTrack              com.httperry.pixelplayer.debug       D  [oplusAudioFade]stop mState STATE_STOPPED, mIsTrackSupportFade 1
2026-04-25 17:12:55.724 16589-16589 AudioTrack              com.httperry.pixelplayer.debug       D  stop(2279): prior state:STATE_STOPPED output 21 stream 3 session 2849
2026-04-25 17:12:55.725 16589-16589 AudioTrack              com.httperry.pixelplayer.debug       I  stopAndJoinCallbacks(2279) done
2026-04-25 17:12:55.725 16589-16589 HiFiCapability          com.httperry.pixelplayer.debug       I  PCM_FLOAT AudioTrack supported: true
2026-04-25 17:12:55.748 16589-16589 NeteaseRepository       com.httperry.pixelplayer.debug       D  syncUserPlaylists called, isLoggedIn=false, userId=-1
2026-04-25 17:12:55.749 16589-16589 NeteaseRepository       com.httperry.pixelplayer.debug       W  syncUserPlaylists: Not logged in, aborting
2026-04-25 17:12:55.755 16589-16902 JellyfinRe...tsAndSongs com.httperry.pixelplayer.debug       W  JellyfinRepo: Failed syncing library songs (Fix with AI)
                                                                                                    java.lang.Exception: Not logged in
                                                                                                    	at com.theveloper.pixelplay.data.jellyfin.JellyfinRepository.syncLibrarySongs-IoAF18A(JellyfinRepository.kt:303)
                                                                                                    	at com.theveloper.pixelplay.data.jellyfin.JellyfinRepository$syncAllPlaylistsAndSongs$2.invokeSuspend(JellyfinRepository.kt:348)
                                                                                                    	at kotlin.coroutines.jvm.internal.BaseContinuationImpl.resumeWith(ContinuationImpl.kt:34)
                                                                                                    	at kotlinx.coroutines.DispatchedTask.run(DispatchedTask.kt:101)
                                                                                                    	at kotlinx.coroutines.internal.LimitedDispatcher$Worker.run(LimitedDispatcher.kt:113)
                                                                                                    	at kotlinx.coroutines.scheduling.TaskImpl.run(Tasks.kt:89)
                                                                                                    	at kotlinx.coroutines.scheduling.CoroutineScheduler.runSafely(CoroutineScheduler.kt:589)
                                                                                                    	at kotlinx.coroutines.scheduling.CoroutineScheduler$Worker.executeTask(CoroutineScheduler.kt:823)
                                                                                                    	at kotlinx.coroutines.scheduling.CoroutineScheduler$Worker.runWorker(CoroutineScheduler.kt:720)
                                                                                                    	at kotlinx.coroutines.scheduling.CoroutineScheduler$Worker.run(CoroutineScheduler.kt:707)
2026-04-25 17:12:55.755 16589-17140 NavidromeR...tsAndSongs com.httperry.pixelplayer.debug       W  NavidromeRepo: Failed syncing library songs (Fix with AI)
                                                                                                    java.lang.Exception: Not logged in
                                                                                                    	at com.theveloper.pixelplay.data.navidrome.NavidromeRepository.syncLibrarySongs-IoAF18A(NavidromeRepository.kt:368)
                                                                                                    	at com.theveloper.pixelplay.data.navidrome.NavidromeRepository$syncAllPlaylistsAndSongs$2.invokeSuspend(NavidromeRepository.kt:454)
                                                                                                    	at kotlin.coroutines.jvm.internal.BaseContinuationImpl.resumeWith(ContinuationImpl.kt:34)
                                                                                                    	at kotlinx.coroutines.DispatchedTask.run(DispatchedTask.kt:101)
                                                                                                    	at kotlinx.coroutines.internal.LimitedDispatcher$Worker.run(LimitedDispatcher.kt:113)
                                                                                                    	at kotlinx.coroutines.scheduling.TaskImpl.run(Tasks.kt:89)
                                                                                                    	at kotlinx.coroutines.scheduling.CoroutineScheduler.runSafely(CoroutineScheduler.kt:589)
                                                                                                    	at kotlinx.coroutines.scheduling.CoroutineScheduler$Worker.executeTask(CoroutineScheduler.kt:823)
                                                                                                    	at kotlinx.coroutines.scheduling.CoroutineScheduler$Worker.runWorker(CoroutineScheduler.kt:720)
                                                                                                    	at kotlinx.coroutines.scheduling.CoroutineScheduler$Worker.run(CoroutineScheduler.kt:707)
2026-04-25 17:12:55.894 16589-16589 Choreographer           com.httperry.pixelplayer.debug       I  Skipped 31 frames!  The application may be doing too much work on its main thread.
2026-04-25 17:12:55.905 16589-16820 skia                    com.httperry.pixelplayer.debug       D  GrGLProgramBuilder::finalize record cache_miss hashCode 1470865277, cacheMissCost 6
2026-04-25 17:12:55.905 16589-16820 skia                    com.httperry.pixelplayer.debug       D  ProgramCache::findOrCreateProgramImpl index 46, hash 1470865277, cacheCost 6, cacheList.size 1.
2026-04-25 17:12:55.911 16589-16820 skia                    com.httperry.pixelplayer.debug       D  GrGLProgramBuilder::finalize record cache_miss hashCode 1453562720, cacheMissCost 5
2026-04-25 17:12:55.911 16589-16820 skia                    com.httperry.pixelplayer.debug       D  ProgramCache::findOrCreateProgramImpl index 47, hash 1453562720, cacheCost 5, cacheList.size 2.
2026-04-25 17:12:55.916 16589-16820 skia                    com.httperry.pixelplayer.debug       D  GrGLProgramBuilder::finalize record cache_miss hashCode 415728308, cacheMissCost 4
2026-04-25 17:12:55.916 16589-16820 skia                    com.httperry.pixelplayer.debug       D  ProgramCache::findOrCreateProgramImpl index 48, hash 415728308, cacheCost 4, cacheList.size 3.
2026-04-25 17:12:55.925 16589-16820 skia                    com.httperry.pixelplayer.debug       D  GrGLProgramBuilder::finalize record cache_miss hashCode 1079442635, cacheMissCost 8
2026-04-25 17:12:55.925 16589-16820 skia                    com.httperry.pixelplayer.debug       D  ProgramCache::findOrCreateProgramImpl index 49, hash 1079442635, cacheCost 8, cacheList.size 4.
2026-04-25 17:12:55.935 16589-16820 skia                    com.httperry.pixelplayer.debug       D  GrGLProgramBuilder::finalize record cache_miss hashCode 1078134551, cacheMissCost 9
2026-04-25 17:12:55.935 16589-16820 skia                    com.httperry.pixelplayer.debug       D  ProgramCache::findOrCreateProgramImpl index 50, hash 1078134551, cacheCost 9, cacheList.size 5.
2026-04-25 17:12:55.948 16589-16820 skia                    com.httperry.pixelplayer.debug       D  GrGLProgramBuilder::finalize record cache_miss hashCode 3820600640, cacheMissCost 12
2026-04-25 17:12:55.949 16589-16820 skia                    com.httperry.pixelplayer.debug       D  ProgramCache::findOrCreateProgramImpl index 51, hash 3820600640, cacheCost 12, cacheList.size 6.
2026-04-25 17:12:55.962 16589-16820 skia                    com.httperry.pixelplayer.debug       D  GrGLProgramBuilder::finalize record cache_miss hashCode 816480690, cacheMissCost 12
2026-04-25 17:12:55.962 16589-16820 skia                    com.httperry.pixelplayer.debug       D  ProgramCache::findOrCreateProgramImpl index 52, hash 816480690, cacheCost 12, cacheList.size 7.
2026-04-25 17:12:55.970 16589-16589 WM-WorkerWrapper        com.httperry.pixelplayer.debug       D  Starting work for com.theveloper.pixelplay.data.worker.SyncWorker
2026-04-25 17:12:55.974 16589-16874 SyncWorker              com.httperry.pixelplayer.debug       I  Starting MediaStore synchronization (Mode: FULL, ForceMetadata: false)...
2026-04-25 17:12:56.005 16589-17141 SyncWorker              com.httperry.pixelplayer.debug       D  Artist delimiters=[/, ;, ,, +, &], groupByAlbumArtist=false, rescanRequired=false, directoryRulesChanged=false (current=0, applied=0)
2026-04-25 17:12:56.005 16589-17141 SyncWorker              com.httperry.pixelplayer.debug       D  Skipping filesystem walk — forceMetadata=false, lastSyncTimestamp=0
2026-04-25 17:12:56.017 16589-16589 OplusPredi...Controller com.httperry.pixelplayer.debug       D  should not HookOnBackInvokedCallbackEnabled for application com.theveloper.pixelplay.MainActivity@3303795 hasOnBackInvokedCallBackEnabled
2026-04-25 17:12:56.017 16589-16589 OplusPredi...Controller com.httperry.pixelplayer.debug       D  should not HookOnBackInvokedCallbackEnabled for application com.theveloper.pixelplay.MainActivity@3303795 hasOnBackInvokedCallBackEnabled
2026-04-25 17:12:56.019 16589-16589 WindowManager           com.httperry.pixelplayer.debug       D  Add to mViews: com.android.internal.policy.DecorView{b4d407 V.E...... R.....I. 0,0-0,0 alpha=1.0 viewInfo = }[MainActivity],pkg= com.httperry.pixelplayer.debug
2026-04-25 17:12:56.019 16589-17359 SyncWorker              com.httperry.pixelplayer.debug       D  No deleted songs found.
2026-04-25 17:12:56.020 16589-16820 skia                    com.httperry.pixelplayer.debug       D  setRusSupported enable 1
2026-04-25 17:12:56.022 16589-17072 SyncWorker              com.httperry.pixelplayer.debug       I  Fetching music from MediaStore (since: 0 seconds)...
2026-04-25 17:12:56.029 16589-16916 WM-WorkProgressUpdater  com.httperry.pixelplayer.debug       D  Updating progress for f65beadc-a8c9-4f23-92bf-3e2cb210513d (Data {progress_total : 0, progress_current : 0, progress_phase : 1})
2026-04-25 17:12:56.034 16589-16589 ViewRootImplExtImpl     com.httperry.pixelplayer.debug       D  onDisplayChanged -1 for VRI android.view.ViewRootImpl@9fe34d2
2026-04-25 17:12:56.040 16589-17072 SyncWorker              com.httperry.pixelplayer.debug       I  Fetched 0 new/modified songs from MediaStore.
2026-04-25 17:12:56.063 16589-17140 SyncWorker              com.httperry.pixelplayer.debug       D  Skipping Telegram sync — no channels configured.
2026-04-25 17:12:56.072 16589-16589 OplusBracketLog         com.httperry.pixelplayer.debug       E  [OplusViewMirrorManager] updateHostViewRootIfNeeded, not support android.view.ViewRootImpl@9fe34d2
2026-04-25 17:12:56.073 16589-16589 OplusPredi...Controller com.httperry.pixelplayer.debug       D  should not HookOnBackInvokedCallbackEnabled for application com.theveloper.pixelplay.MainActivity@3303795 hasOnBackInvokedCallBackEnabled
2026-04-25 17:12:56.074 16589-17140 SyncWorker              com.httperry.pixelplayer.debug       D  Skipping Netease sync — no songs in local cache.
2026-04-25 17:12:56.074 16589-17140 SyncWorker              com.httperry.pixelplayer.debug       D  Skipping Navidrome sync — not logged in.
2026-04-25 17:12:56.078 16589-16907 SyncWorker              com.httperry.pixelplayer.debug       D  Skipping YT Music sync — not logged in.
2026-04-25 17:12:56.095 16589-16589 OplusPredi...Controller com.httperry.pixelplayer.debug       D  should not HookOnBackInvokedCallbackEnabled for application com.theveloper.pixelplay.MainActivity@3303795 hasOnBackInvokedCallBackEnabled
2026-04-25 17:12:56.125 16589-16589 BufferQueueConsumer     com.httperry.pixelplayer.debug       D  [](id:40cd00000002,api:0,p:-1,c:16589) connect: controlledByApp=false
2026-04-25 17:12:56.126 16589-16589 BufferQueueConsumer     com.httperry.pixelplayer.debug       D  [VRI[MainActivity]#2(BLAST Consumer)2](id:40cd00000002,api:0,p:-1,c:16589) setMaxAcquiredBufferCount: 3
2026-04-25 17:12:56.132 16589-16820 HWUI                    com.httperry.pixelplayer.debug       D  createSurface new attribs array
2026-04-25 17:12:56.132 16589-16820 libEGL                  com.httperry.pixelplayer.debug       D  this is from skia gles
2026-04-25 17:12:56.143 16589-16589 SurfaceControl          com.httperry.pixelplayer.debug       I   setExtendedRangeBrightness sc=Surface(name=com.httperry.pixelplayer.debug/com.theveloper.pixelplay.MainActivity)/@0xd5405b1,currentBufferRatio=1.0,desiredRatio=1.0
2026-04-25 17:12:56.162 16589-16820 skia                    com.httperry.pixelplayer.debug       D  GrGpu::writePixels takes 1
2026-04-25 17:12:56.174 16589-16820 skia                    com.httperry.pixelplayer.debug       D  GrGLProgramBuilder::finalize record cache_miss hashCode 3448816708, cacheMissCost 6
2026-04-25 17:12:56.174 16589-16820 skia                    com.httperry.pixelplayer.debug       D  ProgramCache::findOrCreateProgramImpl index 53, hash 3448816708, cacheCost 6, cacheList.size 1.
2026-04-25 17:12:56.187 16589-16820 skia                    com.httperry.pixelplayer.debug       D  GrGLProgramBuilder::finalize record cache_miss hashCode 850019522, cacheMissCost 12
2026-04-25 17:12:56.187 16589-16820 skia                    com.httperry.pixelplayer.debug       D  ProgramCache::findOrCreateProgramImpl index 54, hash 850019522, cacheCost 12, cacheList.size 2.
2026-04-25 17:12:56.193 16589-16820 skia                    com.httperry.pixelplayer.debug       D  GrGLProgramBuilder::finalize record cache_miss hashCode 235088777, cacheMissCost 5
2026-04-25 17:12:56.193 16589-16820 skia                    com.httperry.pixelplayer.debug       D  ProgramCache::findOrCreateProgramImpl index 55, hash 235088777, cacheCost 5, cacheList.size 3.
2026-04-25 17:12:56.194 16589-16820 BLASTBufferQueue        com.httperry.pixelplayer.debug       D  [VRI[MainActivity]#2](f:0,a:1) acquireNextBufferLocked size=1152x1524 mFrameNumber=1 applyTransaction=true mTimestamp=96816003091539(auto) mPendingTransactions.size=0 graphicBufferId=71249212473357 transform=0
2026-04-25 17:12:56.194 16589-16820 VRI[MainActivity]       com.httperry.pixelplayer.debug       D  Received frameCommittedCallback lastAttemptedDrawFrameNum=1 didProduceBuffer=true syncBuffer=false
2026-04-25 17:12:56.194 16589-16589 VRI[MainActivity]       com.httperry.pixelplayer.debug       D  draw finished. seqId=0
2026-04-25 17:12:56.195 16589-16589 VRI[MainActivity]       com.httperry.pixelplayer.debug       D  onFocusEvent false
2026-04-25 17:12:56.197 16589-16589 WM-SystemJobService     com.httperry.pixelplayer.debug       D  onStartJob for WorkGenerationalId(workSpecId=f65beadc-a8c9-4f23-92bf-3e2cb210513d, generation=0)
2026-04-25 17:12:56.198 16589-16918 WM-Processor            com.httperry.pixelplayer.debug       D  Work WorkGenerationalId(workSpecId=f65beadc-a8c9-4f23-92bf-3e2cb210513d, generation=0) is already enqueued for processing
2026-04-25 17:12:56.201  2044-2089  DynamicFra...nagerImpl] system_server                        E  setFrameRateInternalForWindow: TIMING_DO_WINDOW_ANIMATION request is = FrameRateRequest: {  mUniqueID = 242808843, mVelocity = -1, mPreviousFrameRate = 0, mBindWithSC = true, mSc = Surface(name=bcfe915 com.httperry.pixelplayer.debug/com.theveloper.pixelplay.MainActivity)/@0xe78f80b, mTransaction = android.view.SurfaceControl$Transaction@5a67101, Type = 20102 } , frameRate 120
2026-04-25 17:12:56.228 16589-16589 WindowOnBackDispatcher  com.httperry.pixelplayer.debug       W  sendCancelIfRunning: isInProgress=false callback=androidx.activity.OnBackPressedDispatcher$Api34Impl$createOnBackAnimationCallback$1@f2e34a2
2026-04-25 17:12:56.240 16589-16820 skia                    com.httperry.pixelplayer.debug       D  GrGLProgramBuilder::finalize record cache_miss hashCode 2967891088, cacheMissCost 4
2026-04-25 17:12:56.240 16589-16820 skia                    com.httperry.pixelplayer.debug       D  ProgramCache::findOrCreateProgramImpl index 56, hash 2967891088, cacheCost 4, cacheList.size 1.
2026-04-25 17:12:56.240 16589-16589 VRI[MainActivity]       com.httperry.pixelplayer.debug       D  onFocusEvent true
2026-04-25 17:12:56.250 16589-16820 skia                    com.httperry.pixelplayer.debug       D  GrGLProgramBuilder::finalize record cache_miss hashCode 2290941651, cacheMissCost 9
2026-04-25 17:12:56.250 16589-16820 skia                    com.httperry.pixelplayer.debug       D  ProgramCache::findOrCreateProgramImpl index 57, hash 2290941651, cacheCost 9, cacheList.size 2.
2026-04-25 17:12:56.253 16589-16906 WM-WorkerWrapper        com.httperry.pixelplayer.debug       I  Worker result SUCCESS for Work [ id=f65beadc-a8c9-4f23-92bf-3e2cb210513d, tags={ com.theveloper.pixelplay.data.worker.SyncWorker } ]
2026-04-25 17:12:56.259 16589-16917 WM-PackageManagerHelper com.httperry.pixelplayer.debug       D  androidx.work.impl.background.systemalarm.RescheduleReceiver disabled
2026-04-25 17:12:56.261 16589-16589 SurfaceControl          com.httperry.pixelplayer.debug       I   setExtendedRangeBrightness sc=Surface(name=com.httperry.pixelplayer.debug/com.theveloper.pixelplay.MainActivity)/@0xd5405b1,currentBufferRatio=1.0,desiredRatio=1.0
2026-04-25 17:12:56.266 16589-16820 VRI[MainActivity]       com.httperry.pixelplayer.debug       D  Received frameCommittedCallback lastAttemptedDrawFrameNum=2 didProduceBuffer=true syncBuffer=false
2026-04-25 17:12:56.266 16589-16589 VRI[MainActivity]       com.httperry.pixelplayer.debug       D  draw finished. seqId=0
2026-04-25 17:12:56.269 16589-16589 WM-Processor            com.httperry.pixelplayer.debug       D  Processor f65beadc-a8c9-4f23-92bf-3e2cb210513d executed; reschedule = false
2026-04-25 17:12:56.269 16589-16589 WM-SystemJobService     com.httperry.pixelplayer.debug       D  f65beadc-a8c9-4f23-92bf-3e2cb210513d executed on JobScheduler
2026-04-25 17:12:56.270 16589-16589 PlayerViewModel         com.httperry.pixelplayer.debug       I  Sync completed. Calling resetAndLoadInitialData from isSyncingStateFlow observer.
2026-04-25 17:12:56.271 16589-16906 WM-GreedyScheduler      com.httperry.pixelplayer.debug       D  Cancelling work ID f65beadc-a8c9-4f23-92bf-3e2cb210513d
2026-04-25 17:12:56.276 16589-16820 skia                    com.httperry.pixelplayer.debug       D  GrGLProgramBuilder::finalize record cache_miss hashCode 709119368, cacheMissCost 4
2026-04-25 17:12:56.276 16589-16820 skia                    com.httperry.pixelplayer.debug       D  ProgramCache::findOrCreateProgramImpl index 58, hash 709119368, cacheCost 4, cacheList.size 1.
2026-04-25 17:12:56.281 16589-16589 WM-SystemJobService     com.httperry.pixelplayer.debug       D  onStopJob for WorkGenerationalId(workSpecId=f65beadc-a8c9-4f23-92bf-3e2cb210513d, generation=0)
2026-04-25 17:12:56.282 16589-16589 InsetsController        com.httperry.pixelplayer.debug       D  hide(ime(), fromIme=false)
2026-04-25 17:12:56.282 16589-16589 ImeTracker              com.httperry.pixelplayer.debug       I  com.httperry.pixelplayer.debug:f5c0af2d: onCancelled at PHASE_CLIENT_ALREADY_HIDDEN
2026-04-25 17:12:56.433  2044-2089  DynamicFra...nagerImpl] system_server                        E  setFrameRateInternalForWindow: TIMING_DO_WINDOW_ANIMATION request is = FrameRateRequest: {  mUniqueID = 242808843, mVelocity = -2, mPreviousFrameRate = 120, mBindWithSC = true, mSc = Surface(name=bcfe915 com.httperry.pixelplayer.debug/com.theveloper.pixelplay.MainActivity)/@0xe78f80b, mTransaction = android.view.SurfaceControl$Transaction@5a67101, Type = 20102 } , frameRate 0
2026-04-25 17:12:57.045 16589-16589 DynamicFra...peedAware] com.httperry.pixelplayer.debug       I  onEventHandled: info: InputEventInfo: mX = 0, mY = 0, mAction = 0, mVsyncTime = 96816854, mIsMoving = true, mUpdated = true
2026-04-25 17:12:57.045 16589-16589 IJankManager            com.httperry.pixelplayer.debug       E  slideSceneEnd unknown scene 1000 mScene:-1
2026-04-25 17:12:57.169 16589-16589 DynamicFra...peedAware] com.httperry.pixelplayer.debug       I  onEventHandled: info: InputEventInfo: mX = 0, mY = 0, mAction = 1, mVsyncTime = 96816978, mIsMoving = false, mUpdated = true
2026-04-25 17:12:57.171 16589-16589 ViewRootImplExtImpl     com.httperry.pixelplayer.debug       D  the up motion event handled by client, just return
2026-04-25 17:12:57.177 16589-16589 OplusScrollToTopManager com.httperry.pixelplayer.debug       D  com.httperry.pixelplayer.debug/com.theveloper.pixelplay.MainActivity,window dying
2026-04-25 17:12:57.177 16589-16589 OplusScrollToTopManager com.httperry.pixelplayer.debug       D  com.httperry.pixelplayer.debug/com.theveloper.pixelplay.MainActivity,unregisterSystemUIBroadcastReceiver 
2026-04-25 17:12:57.177 16589-16589 OplusScrollToTopManager com.httperry.pixelplayer.debug       D  com.httperry.pixelplayer.debug/com.theveloper.pixelplay.MainActivity, unregisterSystemUIBroadcastReceiver failed java.lang.IllegalArgumentException: Receiver not registered: android.view.OplusScrollToTopManager$2@9ee0f78
2026-04-25 17:12:57.177 16589-16589 WindowOnBackDispatcher  com.httperry.pixelplayer.debug       W  sendCancelIfRunning: isInProgress=false callback=androidx.activity.OnBackPressedDispatcher$Api34Impl$createOnBackAnimationCallback$1@16a69db
2026-04-25 17:12:57.192 16589-16589 HWUI                    com.httperry.pixelplayer.debug       D  RenderProxy::destroy: this=0xb4000072c9d4de00, mContext=0xb4000072db79ed80
2026-04-25 17:12:57.192 16589-16820 HWUI                    com.httperry.pixelplayer.debug       D  SkiaOpenGLPipeline::setSurface: this=0xb40000730e0f0800, surface=NULL
2026-04-25 17:12:57.193 16589-16820 HWUI                    com.httperry.pixelplayer.debug       D  endAllActiveAnimators on 0xb4000072db7bae00 (UnprojectedRipple) with handle 0xb4000072db723720
2026-04-25 17:12:57.197  2044-2599  DynamicFra...nagerImpl] system_server                        E  setFrameRateInternalForWindow: TIMING_DO_WINDOW_ANIMATION request is = FrameRateRequest: {  mUniqueID = 242808843, mVelocity = -1, mPreviousFrameRate = 0, mBindWithSC = true, mSc = Surface(name=bcfe915 com.httperry.pixelplayer.debug/com.theveloper.pixelplay.MainActivity)/@0xe78f80b, mTransaction = android.view.SurfaceControl$Transaction@5a67101, Type = 20102 } , frameRate 120
2026-04-25 17:12:57.210 16589-16645 BLASTBufferQueue        com.httperry.pixelplayer.debug       D  [VRI[MainActivity]#2](f:0,a:2) destructor()
2026-04-25 17:12:57.211 16589-16645 BufferQueueConsumer     com.httperry.pixelplayer.debug       D  [VRI[MainActivity]#2(BLAST Consumer)2](id:40cd00000002,api:0,p:-1,c:16589) disconnect
2026-04-25 17:12:57.221 16589-16589 VRI[MainActivity]       com.httperry.pixelplayer.debug       D  onFocusEvent true
2026-04-25 17:12:57.224 16589-16589 InsetsController        com.httperry.pixelplayer.debug       D  hide(ime(), fromIme=false)
2026-04-25 17:12:57.224 16589-16589 ImeTracker              com.httperry.pixelplayer.debug       I  com.httperry.pixelplayer.debug:177c8e95: onCancelled at PHASE_CLIENT_ALREADY_HIDDEN
2026-04-25 17:12:57.366  2044-2089  DynamicFra...nagerImpl] system_server                        E  setFrameRateInternalForWindow: TIMING_DO_WINDOW_ANIMATION request is = FrameRateRequest: {  mUniqueID = 242808843, mVelocity = -2, mPreviousFrameRate = 120, mBindWithSC = true, mSc = Surface(name=bcfe915 com.httperry.pixelplayer.debug/com.theveloper.pixelplay.MainActivity)/@0xe78f80b, mTransaction = android.view.SurfaceControl$Transaction@5a67101, Type = 20102 } , frameRate 0
2026-04-25 17:12:57.965 16589-16589 DynamicFra...peedAware] com.httperry.pixelplayer.debug       I  onEventHandled: info: InputEventInfo: mX = 0, mY = 0, mAction = 0, mVsyncTime = 96817774, mIsMoving = true, mUpdated = true
2026-04-25 17:12:57.965 16589-16589 IJankManager            com.httperry.pixelplayer.debug       E  slideSceneEnd unknown scene 1000 mScene:-1
2026-04-25 17:12:58.021 16589-17550 PowerHalWrapper         com.httperry.pixelplayer.debug       I  PowerHalWrapper.getInstance 
2026-04-25 17:12:58.023 16589-16589 xelplayer.debug         com.httperry.pixelplayer.debug       I  hiddenapi: Accessing hidden method Landroid/view/ViewTreeObserver;->dispatchOnScrollChanged()V (runtime_flags=0, domain=platform, api=unsupported) from Landroidx/compose/ui/platform/AndroidComposeView$Companion; (domain=app, TargetSdkVersion=35) using reflection: allowed
2026-04-25 17:12:58.026 16589-16589 PowerHalWrapper         com.httperry.pixelplayer.debug       I  PowerHalWrapper.getInstance 
2026-04-25 17:12:58.026 16589-16589 xelplayer.debug         com.httperry.pixelplayer.debug       E  legacy_receive_flag: 1
2026-04-25 17:12:58.026 16589-16589 xelplayer.debug         com.httperry.pixelplayer.debug       D  /proc/perfmgr_sbe/sbe_ioctl not exists: No such file or directory
2026-04-25 17:12:58.040 16589-17550 PowerHalMgrImpl         com.httperry.pixelplayer.debug       I  hdl:12833, pid:16589 
2026-04-25 17:12:58.060 16589-16589 DynamicFra...peedAware] com.httperry.pixelplayer.debug       I  onEventHandled: info: InputEventInfo: mX = 0, mY = 0, mAction = 1, mVsyncTime = 96817870, mIsMoving = false, mUpdated = true
2026-04-25 17:12:58.062 16589-16589 ScrollIdentify          com.httperry.pixelplayer.debug       I  on fling
2026-04-25 17:12:58.063 16589-16589 ViewRootImplExtImpl     com.httperry.pixelplayer.debug       D  the up motion event handled by client, just return
2026-04-25 17:12:58.081 16589-16820 skia                    com.httperry.pixelplayer.debug       D  GrGLProgramBuilder::finalize record cache_miss hashCode 537711828, cacheMissCost 17
2026-04-25 17:12:58.081 16589-16820 skia                    com.httperry.pixelplayer.debug       D  ProgramCache::findOrCreateProgramImpl index 59, hash 537711828, cacheCost 17, cacheList.size 1.
2026-04-25 17:12:58.227 16589-16651 OplusScrollToTopManager com.httperry.pixelplayer.debug       D  com.httperry.pixelplayer.debug/com.theveloper.pixelplay.MainActivity,This com.android.internal.policy.DecorView{633c98d V.E...... R....... 0,0-1080,2392 aid=0 alpha=1.0 viewInfo = }[MainActivity] change focus to true
2026-04-25 17:12:58.347 16589-16589 DynamicFra...peedAware] com.httperry.pixelplayer.debug       I  onEventHandled: info: InputEventInfo: mX = 0, mY = 0, mAction = 0, mVsyncTime = 96818156, mIsMoving = true, mUpdated = true
2026-04-25 17:12:58.395 16589-17550 PowerHalMgrImpl         com.httperry.pixelplayer.debug       I  hdl:12836, pid:16589 
2026-04-25 17:12:58.419 16589-16589 DynamicFra...peedAware] com.httperry.pixelplayer.debug       I  onEventHandled: info: InputEventInfo: mX = 0, mY = 0, mAction = 1, mVsyncTime = 96818225, mIsMoving = false, mUpdated = true
2026-04-25 17:12:58.419 16589-16589 VelocityTracker         com.httperry.pixelplayer.debug       I  LSQ2 speed rezero
2026-04-25 17:12:58.421 16589-16589 VelocityTracker         com.httperry.pixelplayer.debug       I  LSQ2 speed rezero
2026-04-25 17:12:58.421 16589-16589 ScrollIdentify          com.httperry.pixelplayer.debug       I  on fling
2026-04-25 17:12:58.421 16589-16589 VelocityTracker         com.httperry.pixelplayer.debug       I  LSQ2 speed rezero
2026-04-25 17:12:58.421 16589-16589 ViewRootImplExtImpl     com.httperry.pixelplayer.debug       D  the up motion event handled by client, just return
2026-04-25 17:12:59.246 16589-16589 DynamicFra...peedAware] com.httperry.pixelplayer.debug       I  onEventHandled: info: InputEventInfo: mX = 0, mY = 0, mAction = 0, mVsyncTime = 96819055, mIsMoving = true, mUpdated = true
2026-04-25 17:12:59.304 16589-16589 DynamicFra...peedAware] com.httperry.pixelplayer.debug       I  onEventHandled: info: InputEventInfo: mX = 0, mY = 0, mAction = 1, mVsyncTime = 96819113, mIsMoving = false, mUpdated = true
2026-04-25 17:12:59.315 16589-16589 ViewRootImplExtImpl     com.httperry.pixelplayer.debug       D  the up motion event handled by client, just return
2026-04-25 17:12:59.334 16589-16631 xelplayer.debug         com.httperry.pixelplayer.debug       W  Cleared Reference was only reachable from finalizer (only reported once)
2026-04-25 17:12:59.352 16589-16820 HWUI                    com.httperry.pixelplayer.debug       D  SkiaOpenGLPipeline::setSurface: this=0xb40000730e0f0800, surface=NULL
2026-04-25 17:12:59.354 16589-16589 OplusPredi...Controller com.httperry.pixelplayer.debug       D  should not HookOnBackInvokedCallbackEnabled for application com.theveloper.pixelplay.MainActivity@3303795 hasOnBackInvokedCallBackEnabled
2026-04-25 17:12:59.354 16589-16589 OplusPredi...Controller com.httperry.pixelplayer.debug       D  should not HookOnBackInvokedCallbackEnabled for application com.theveloper.pixelplay.MainActivity@3303795 hasOnBackInvokedCallBackEnabled
2026-04-25 17:12:59.480 16589-16589 GDriveRepository        com.httperry.pixelplayer.debug       D  GDriveRepository init: isLoggedIn=false, email=null
2026-04-25 17:12:59.782 16589-16589 PlayerViewModel         com.httperry.pixelplayer.debug       D  Tab 'SONGS' selected. Attempting to load data.
2026-04-25 17:12:59.783 16589-16589 PlayerViewModel         com.httperry.pixelplayer.debug       D  Tab 'SONGS' marked as loaded. Current loaded tabs: [SONGS]
2026-04-25 17:12:59.783 16589-16589 PlayerViewModel         com.httperry.pixelplayer.debug       D  Tab 'SONGS' already loaded. Skipping data load.
2026-04-25 17:12:59.801 16589-16820 skia                    com.httperry.pixelplayer.debug       D  GrGLProgramBuilder::finalize record cache_miss hashCode 4183042254, cacheMissCost 8
2026-04-25 17:12:59.801 16589-16820 skia                    com.httperry.pixelplayer.debug       D  ProgramCache::findOrCreateProgramImpl index 60, hash 4183042254, cacheCost 8, cacheList.size 1.
2026-04-25 17:12:59.804 16589-16589 Choreographer           com.httperry.pixelplayer.debug       I  Skipped 52 frames!  The application may be doing too much work on its main thread.
2026-04-25 17:12:59.819 16589-16820 skia                    com.httperry.pixelplayer.debug       D  GrGLProgramBuilder::finalize record cache_miss hashCode 1189378734, cacheMissCost 16
2026-04-25 17:12:59.819 16589-16820 skia                    com.httperry.pixelplayer.debug       D  ProgramCache::findOrCreateProgramImpl index 61, hash 1189378734, cacheCost 16, cacheList.size 2.
2026-04-25 17:12:59.829 16589-16820 skia                    com.httperry.pixelplayer.debug       D  GrGLProgramBuilder::finalize record cache_miss hashCode 920189678, cacheMissCost 9
2026-04-25 17:12:59.829 16589-16820 skia                    com.httperry.pixelplayer.debug       D  ProgramCache::findOrCreateProgramImpl index 62, hash 920189678, cacheCost 9, cacheList.size 3.
2026-04-25 17:12:59.843 16589-16820 skia                    com.httperry.pixelplayer.debug       D  GrGLProgramBuilder::finalize record cache_miss hashCode 136763908, cacheMissCost 12
2026-04-25 17:12:59.843 16589-16820 skia                    com.httperry.pixelplayer.debug       D  ProgramCache::findOrCreateProgramImpl index 63, hash 136763908, cacheCost 12, cacheList.size 4.
2026-04-25 17:12:59.854 16589-16820 skia                    com.httperry.pixelplayer.debug       D  GrGLProgramBuilder::finalize record cache_miss hashCode 3479770056, cacheMissCost 10
2026-04-25 17:12:59.854 16589-16820 skia                    com.httperry.pixelplayer.debug       D  ProgramCache::findOrCreateProgramImpl index 64, hash 3479770056, cacheCost 10, cacheList.size 5.
2026-04-25 17:13:00.533 16589-16589 DynamicFra...peedAware] com.httperry.pixelplayer.debug       I  onEventHandled: info: InputEventInfo: mX = 0, mY = 0, mAction = 0, mVsyncTime = 96820342, mIsMoving = true, mUpdated = true
2026-04-25 17:13:00.533 16589-16589 IJankManager            com.httperry.pixelplayer.debug       E  slideSceneEnd unknown scene 1000 mScene:-1
2026-04-25 17:13:00.601 16589-17550 PowerHalMgrImpl         com.httperry.pixelplayer.debug       I  hdl:12841, pid:16589 
2026-04-25 17:13:00.615 16589-16820 skia                    com.httperry.pixelplayer.debug       D  GrGLProgramBuilder::finalize record cache_miss hashCode 1848470041, cacheMissCost 12
2026-04-25 17:13:00.615 16589-16820 skia                    com.httperry.pixelplayer.debug       D  ProgramCache::findOrCreateProgramImpl index 65, hash 1848470041, cacheCost 12, cacheList.size 1.
2026-04-25 17:13:00.619 16589-16589 DynamicFra...peedAware] com.httperry.pixelplayer.debug       I  onEventHandled: info: InputEventInfo: mX = 0, mY = 0, mAction = 1, mVsyncTime = 96820428, mIsMoving = false, mUpdated = true
2026-04-25 17:13:00.619 16589-16589 VelocityTracker         com.httperry.pixelplayer.debug       I  LSQ2 speed rezero
2026-04-25 17:13:00.621 16589-16589 VelocityTracker         com.httperry.pixelplayer.debug       I  LSQ2 speed rezero
2026-04-25 17:13:00.621 16589-16589 ScrollIdentify          com.httperry.pixelplayer.debug       I  on fling
2026-04-25 17:13:00.621 16589-16589 VelocityTracker         com.httperry.pixelplayer.debug       I  LSQ2 speed rezero
2026-04-25 17:13:00.621 16589-16589 ViewRootImplExtImpl     com.httperry.pixelplayer.debug       D  the up motion event handled by client, just return
2026-04-25 17:13:00.643 16589-16589 PlayerViewModel         com.httperry.pixelplayer.debug       D  Tab 'SONGS' already loaded. Skipping data load.
2026-04-25 17:13:00.806 16589-16589 DynamicFra...peedAware] com.httperry.pixelplayer.debug       I  onEventHandled: info: InputEventInfo: mX = 0, mY = 0, mAction = 0, mVsyncTime = 96820615, mIsMoving = true, mUpdated = true
2026-04-25 17:13:00.858 16589-17550 PowerHalMgrImpl         com.httperry.pixelplayer.debug       I  hdl:12844, pid:16589 
2026-04-25 17:13:00.883 16589-16589 DynamicFra...peedAware] com.httperry.pixelplayer.debug       I  onEventHandled: info: InputEventInfo: mX = 0, mY = 0, mAction = 1, mVsyncTime = 96820692, mIsMoving = false, mUpdated = true
2026-04-25 17:13:00.885 16589-16589 ScrollIdentify          com.httperry.pixelplayer.debug       I  on fling
2026-04-25 17:13:00.886 16589-16589 ViewRootImplExtImpl     com.httperry.pixelplayer.debug       D  the up motion event handled by client, just return
2026-04-25 17:13:01.159 16589-16589 DynamicFra...peedAware] com.httperry.pixelplayer.debug       I  onEventHandled: info: InputEventInfo: mX = 0, mY = 0, mAction = 0, mVsyncTime = 96820968, mIsMoving = true, mUpdated = true
2026-04-25 17:13:01.229 16589-17550 PowerHalMgrImpl         com.httperry.pixelplayer.debug       I  hdl:12847, pid:16589 
2026-04-25 17:13:01.237 16589-16589 DynamicFra...peedAware] com.httperry.pixelplayer.debug       I  onEventHandled: info: InputEventInfo: mX = 0, mY = 0, mAction = 1, mVsyncTime = 96821044, mIsMoving = false, mUpdated = true
2026-04-25 17:13:01.237 16589-16589 VelocityTracker         com.httperry.pixelplayer.debug       I  LSQ2 speed rezero
2026-04-25 17:13:01.238 16589-17347 YTMusicWebSocketClient  com.httperry.pixelplayer.debug       D  Waiting for WebSocket connection...
2026-04-25 17:13:01.239 16589-16589 VelocityTracker         com.httperry.pixelplayer.debug       I  LSQ2 speed rezero
2026-04-25 17:13:01.239 16589-16589 ScrollIdentify          com.httperry.pixelplayer.debug       I  on fling
2026-04-25 17:13:01.239 16589-16589 VelocityTracker         com.httperry.pixelplayer.debug       I  LSQ2 speed rezero
2026-04-25 17:13:01.239 16589-16589 ViewRootImplExtImpl     com.httperry.pixelplayer.debug       D  the up motion event handled by client, just return
2026-04-25 17:13:01.479 16589-16589 DynamicFra...peedAware] com.httperry.pixelplayer.debug       I  onEventHandled: info: InputEventInfo: mX = 0, mY = 0, mAction = 0, mVsyncTime = 96821288, mIsMoving = true, mUpdated = true
2026-04-25 17:13:01.540 16589-17550 PowerHalMgrImpl         com.httperry.pixelplayer.debug       I  hdl:12850, pid:16589 
2026-04-25 17:13:01.544 16589-16589 DynamicFra...peedAware] com.httperry.pixelplayer.debug       I  onEventHandled: info: InputEventInfo: mX = 0, mY = 0, mAction = 1, mVsyncTime = 96821353, mIsMoving = false, mUpdated = true
2026-04-25 17:13:01.546 16589-16589 ScrollIdentify          com.httperry.pixelplayer.debug       I  on fling
2026-04-25 17:13:01.546 16589-16589 ViewRootImplExtImpl     com.httperry.pixelplayer.debug       D  the up motion event handled by client, just return
2026-04-25 17:13:01.667 16589-16589 DynamicFra...peedAware] com.httperry.pixelplayer.debug       I  onEventHandled: info: InputEventInfo: mX = 0, mY = 0, mAction = 0, mVsyncTime = 96821476, mIsMoving = true, mUpdated = true
2026-04-25 17:13:01.730 16589-17550 PowerHalMgrImpl         com.httperry.pixelplayer.debug       I  hdl:12853, pid:16589 
2026-04-25 17:13:01.757 16589-16589 DynamicFra...peedAware] com.httperry.pixelplayer.debug       I  onEventHandled: info: InputEventInfo: mX = 0, mY = 0, mAction = 1, mVsyncTime = 96821566, mIsMoving = false, mUpdated = true
2026-04-25 17:13:01.757 16589-16589 VelocityTracker         com.httperry.pixelplayer.debug       I  LSQ2 speed rezero
2026-04-25 17:13:01.758 16589-16589 VelocityTracker         com.httperry.pixelplayer.debug       I  LSQ2 speed rezero
2026-04-25 17:13:01.758 16589-16589 ScrollIdentify          com.httperry.pixelplayer.debug       I  on fling
2026-04-25 17:13:01.758 16589-16589 VelocityTracker         com.httperry.pixelplayer.debug       I  LSQ2 speed rezero
2026-04-25 17:13:01.759 16589-16589 ViewRootImplExtImpl     com.httperry.pixelplayer.debug       D  the up motion event handled by client, just return
2026-04-25 17:13:02.216 16589-16589 PlayerViewModel         com.httperry.pixelplayer.debug       D  Tab 'SONGS' already loaded. Skipping data load.
2026-04-25 17:13:02.309 16589-16589 DynamicFra...peedAware] com.httperry.pixelplayer.debug       I  onEventHandled: info: InputEventInfo: mX = 0, mY = 0, mAction = 0, mVsyncTime = 96822118, mIsMoving = true, mUpdated = true
2026-04-25 17:13:02.366 16589-17550 PowerHalMgrImpl         com.httperry.pixelplayer.debug       I  hdl:12856, pid:16589 
2026-04-25 17:13:02.380 16589-16589 DynamicFra...peedAware] com.httperry.pixelplayer.debug       I  onEventHandled: info: InputEventInfo: mX = 0, mY = 0, mAction = 1, mVsyncTime = 96822189, mIsMoving = false, mUpdated = true
2026-04-25 17:13:02.381 16589-16589 ScrollIdentify          com.httperry.pixelplayer.debug       I  on fling
2026-04-25 17:13:02.381 16589-16589 ViewRootImplExtImpl     com.httperry.pixelplayer.debug       D  the up motion event handled by client, just return
2026-04-25 17:13:02.518 16589-16589 DynamicFra...peedAware] com.httperry.pixelplayer.debug       I  onEventHandled: info: InputEventInfo: mX = 0, mY = 0, mAction = 0, mVsyncTime = 96822327, mIsMoving = true, mUpdated = true
2026-04-25 17:13:02.545 16589-16625 xelplayer.debug         com.httperry.pixelplayer.debug       I  Compiler allocated 4963KB to compile void com.theveloper.pixelplay.presentation.screens.LibraryScreenKt$LibraryScreen$10$1$1$1.invoke(androidx.compose.runtime.Composer, int)
2026-04-25 17:13:02.586 16589-17550 PowerHalMgrImpl         com.httperry.pixelplayer.debug       I  hdl:12859, pid:16589 
2026-04-25 17:13:02.607 16589-16589 DynamicFra...peedAware] com.httperry.pixelplayer.debug       I  onEventHandled: info: InputEventInfo: mX = 0, mY = 0, mAction = 1, mVsyncTime = 96822416, mIsMoving = false, mUpdated = true
2026-04-25 17:13:02.608 16589-16589 ScrollIdentify          com.httperry.pixelplayer.debug       I  on fling
2026-04-25 17:13:02.609 16589-16589 ViewRootImplExtImpl     com.httperry.pixelplayer.debug       D  the up motion event handled by client, just return
2026-04-25 17:13:02.767 16589-16589 DynamicFra...peedAware] com.httperry.pixelplayer.debug       I  onEventHandled: info: InputEventInfo: mX = 0, mY = 0, mAction = 0, mVsyncTime = 96822576, mIsMoving = true, mUpdated = true
2026-04-25 17:13:02.835 16589-17550 PowerHalMgrImpl         com.httperry.pixelplayer.debug       I  hdl:12862, pid:16589 
2026-04-25 17:13:02.867 16589-16589 DynamicFra...peedAware] com.httperry.pixelplayer.debug       I  onEventHandled: info: InputEventInfo: mX = 0, mY = 0, mAction = 1, mVsyncTime = 96822676, mIsMoving = false, mUpdated = true
2026-04-25 17:13:02.868 16589-16589 ScrollIdentify          com.httperry.pixelplayer.debug       I  on fling
2026-04-25 17:13:02.868 16589-16589 ViewRootImplExtImpl     com.httperry.pixelplayer.debug       D  the up motion event handled by client, just return
2026-04-25 17:13:03.185 16589-16589 DynamicFra...peedAware] com.httperry.pixelplayer.debug       I  onEventHandled: info: InputEventInfo: mX = 0, mY = 0, mAction = 0, mVsyncTime = 96822994, mIsMoving = true, mUpdated = true
2026-04-25 17:13:03.226 16589-17550 PowerHalMgrImpl         com.httperry.pixelplayer.debug       I  hdl:12865, pid:16589 
2026-04-25 17:13:03.258 16589-16589 DynamicFra...peedAware] com.httperry.pixelplayer.debug       I  onEventHandled: info: InputEventInfo: mX = 0, mY = 0, mAction = 1, mVsyncTime = 96823067, mIsMoving = false, mUpdated = true
2026-04-25 17:13:03.259 16589-16589 ScrollIdentify          com.httperry.pixelplayer.debug       I  on fling
2026-04-25 17:13:03.259 16589-16589 ViewRootImplExtImpl     com.httperry.pixelplayer.debug       D  the up motion event handled by client, just return
2026-04-25 17:13:03.427 16589-16589 DynamicFra...peedAware] com.httperry.pixelplayer.debug       I  onEventHandled: info: InputEventInfo: mX = 0, mY = 0, mAction = 0, mVsyncTime = 96823236, mIsMoving = true, mUpdated = true
2026-04-25 17:13:03.475 16589-17550 PowerHalMgrImpl         com.httperry.pixelplayer.debug       I  hdl:12868, pid:16589 
2026-04-25 17:13:03.498 16589-16589 DynamicFra...peedAware] com.httperry.pixelplayer.debug       I  onEventHandled: info: InputEventInfo: mX = 0, mY = 0, mAction = 1, mVsyncTime = 96823307, mIsMoving = false, mUpdated = true
2026-04-25 17:13:03.499 16589-16589 ScrollIdentify          com.httperry.pixelplayer.debug       I  on fling
2026-04-25 17:13:03.499 16589-16589 ViewRootImplExtImpl     com.httperry.pixelplayer.debug       D  the up motion event handled by client, just return
2026-04-25 17:13:03.616 16589-16589 DynamicFra...peedAware] com.httperry.pixelplayer.debug       I  onEventHandled: info: InputEventInfo: mX = 0, mY = 0, mAction = 0, mVsyncTime = 96823425, mIsMoving = true, mUpdated = true
2026-04-25 17:13:03.673 16589-17550 PowerHalMgrImpl         com.httperry.pixelplayer.debug       I  hdl:12871, pid:16589 
2026-04-25 17:13:03.684 16589-16589 DynamicFra...peedAware] com.httperry.pixelplayer.debug       I  onEventHandled: info: InputEventInfo: mX = 0, mY = 0, mAction = 1, mVsyncTime = 96823490, mIsMoving = false, mUpdated = true
2026-04-25 17:13:03.685 16589-16589 ScrollIdentify          com.httperry.pixelplayer.debug       I  on fling
2026-04-25 17:13:03.685 16589-16589 ViewRootImplExtImpl     com.httperry.pixelplayer.debug       D  the up motion event handled by client, just return
2026-04-25 17:13:03.817 16589-16589 DynamicFra...peedAware] com.httperry.pixelplayer.debug       I  onEventHandled: info: InputEventInfo: mX = 0, mY = 0, mAction = 0, mVsyncTime = 96823626, mIsMoving = true, mUpdated = true
2026-04-25 17:13:03.872 16589-17550 PowerHalMgrImpl         com.httperry.pixelplayer.debug       I  hdl:12874, pid:16589 
2026-04-25 17:13:03.874 16589-16589 DynamicFra...peedAware] com.httperry.pixelplayer.debug       I  onEventHandled: info: InputEventInfo: mX = 0, mY = 0, mAction = 1, mVsyncTime = 96823683, mIsMoving = false, mUpdated = true
2026-04-25 17:13:03.876 16589-16589 ScrollIdentify          com.httperry.pixelplayer.debug       I  on fling
2026-04-25 17:13:03.876 16589-16589 ViewRootImplExtImpl     com.httperry.pixelplayer.debug       D  the up motion event handled by client, just return
2026-04-25 17:13:03.914 16589-16589 PlayerViewModel         com.httperry.pixelplayer.debug       D  Tab 'SONGS' already loaded. Skipping data load.
2026-04-25 17:13:04.225 16589-16589 DynamicFra...peedAware] com.httperry.pixelplayer.debug       I  onEventHandled: info: InputEventInfo: mX = 0, mY = 0, mAction = 0, mVsyncTime = 96824034, mIsMoving = true, mUpdated = true
2026-04-25 17:13:04.288 16589-16589 DynamicFra...peedAware] com.httperry.pixelplayer.debug       I  onEventHandled: info: InputEventInfo: mX = 0, mY = 0, mAction = 1, mVsyncTime = 96824097, mIsMoving = false, mUpdated = true
2026-04-25 17:13:04.295 16589-16589 ViewRootImplExtImpl     com.httperry.pixelplayer.debug       D  the up motion event handled by client, just return
2026-04-25 17:13:04.320 16589-16589 WindowOnBackDispatcher  com.httperry.pixelplayer.debug       W  sendCancelIfRunning: isInProgress=false callback=androidx.activity.OnBackPressedDispatcher$Api34Impl$createOnBackAnimationCallback$1@f2e34a2
2026-04-25 17:13:04.885 16589-16589 DynamicFra...peedAware] com.httperry.pixelplayer.debug       I  onEventHandled: info: InputEventInfo: mX = 0, mY = 0, mAction = 0, mVsyncTime = 96824694, mIsMoving = true, mUpdated = true
2026-04-25 17:13:04.885 16589-16589 IJankManager            com.httperry.pixelplayer.debug       E  slideSceneEnd unknown scene 1000 mScene:-1
